<html>
<body>
<pre>
<h1>礦ision Build Log</h1>
<h2>Tool Versions:</h2>
IDE-Version: μVision V5.28.0.0
Copyright (C) 2019 ARM Ltd and ARM Germany GmbH. All rights reserved.
License Information: Ziheng Wang ASUS, SJTU, LIC=----
 
Tool Versions:
Toolchain:       MDK-Lite  Version: 5.28.0.0
Toolchain Path:  C:\Keil_v5.28\ARM\ARMCC\Bin
C Compiler:      Armcc.exe V5.06 update 6 (build 750)
Assembler:       Armasm.exe V5.06 update 6 (build 750)
Linker/Locator:  ArmLink.exe V5.06 update 6 (build 750)
Library Manager: ArmAr.exe V5.06 update 6 (build 750)
Hex Converter:   FromElf.exe V5.06 update 6 (build 750)
CPU DLL:         SARMCM3.DLL V5.28.0.0
Dialog DLL:      DCM.DLL V1.17.3.0
Target DLL:      lmidk-agdi.dll V???
Dialog DLL:      TCM.DLL V1.36.2.0
 
<h2>Project:</h2>
F:\Arm-lab\EXP2\exp2.uvprojx
Project File Date:  05/21/2025

<h2>Output:</h2>
*** Using Compiler 'V5.06 update 6 (build 750)', folder: 'C:\Keil_v5.28\ARM\ARMCC\Bin'
Build target 'Target 1'
compiling exp2-1.c...
exp2-1.c(76): warning:  #223-D: function "SysTickPeriodSet" declared implicitly
  	SysTickPeriodSet(ui32SysClock/10); // 中断周期为100ms	
exp2-1.c(83): warning:  #223-D: function "IntMasterEnable" declared implicitly
      IntMasterEnable();
exp2-1.c(86): warning:  #223-D: function "SysTickIntEnable" declared implicitly
      SysTickIntEnable();
exp2-1.c(89): warning:  #223-D: function "SysTickEnable" declared implicitly
      SysTickEnable();
exp2-1.c(128): warning:  #550-D: variable "result"  was set but never used
  	uint8_t result;
exp2-1.c(174): warning:  #550-D: variable "rop"  was set but never used
  	uint8_t value,rop;
exp2-1.c: 6 warnings, 0 errors
linking...
Program Size: Code=2808 RO-data=1692 RW-data=44 ZI-data=612  
FromELF: creating hex file...
".\Objects\exp1.axf" - 0 Error(s), 6 Warning(s).

<h2>Software Packages used:</h2>

Package Vendor: ARM
                http://www.keil.com/pack/ARM.CMSIS.5.5.1.pack
                ARM.CMSIS.5.5.1
                CMSIS (Cortex Microcontroller Software Interface Standard)
   * Component: CORE Version: 5.2.0

Package Vendor: Keil
                http://www.keil.com/pack/Keil.TM4C_DFP.1.1.0.pack
                Keil.TM4C_DFP.1.1.0
                Texas Instruments Tiva C Series Device Support and Examples
   * Component: Startup Version: 1.0.0

<h2>Collection of Component include folders:</h2>
  .\RTE\_Target_1
  C:\Users\ASUS\AppData\Local\Arm5.28\Packs\ARM\CMSIS\5.5.1\CMSIS\Core\Include
  C:\Users\ASUS\AppData\Local\Arm5.28\Packs\Keil\TM4C_DFP\1.1.0\Device\Include\TM4C129

<h2>Collection of Component Files used:</h2>

   * Component: ARM::CMSIS:CORE:5.2.0

   * Component: Keil::Device:Startup:1.0.0
      Source file:   Device\Source\system_TM4C129.c
      Source file:   Device\Source\ARM\startup_TM4C129.s
      Include file:  Device\Include\TM4C129\TM4C129.h
Build Time Elapsed:  00:00:01
</pre>
</body>
</html>
