Component: ARM Compiler 5.06 update 6 (build 750) Tool: armlink [4d35ed]

==============================================================================

Section Cross References

    finalproject.o(i.Blank) refers to finalproject.o(i.I2C0_WriteByte) for I2C0_WriteByte
    finalproject.o(i.Blank) refers to finalproject.o(.data) for result
    finalproject.o(i.CheckStateSwitch) refers to finalproject.o(.data) for lastKeyState
    finalproject.o(i.ChooseChangeBit) refers to finalproject.o(i.Show) for Show
    finalproject.o(i.I2C0_ReadByte) refers to i2c.o(i.I2CMasterBusy) for I2CMasterBusy
    finalproject.o(i.I2C0_ReadByte) refers to i2c.o(i.I2CMasterSlaveAddrSet) for I2CMasterSlaveAddrSet
    finalproject.o(i.I2C0_ReadByte) refers to i2c.o(i.I2CMasterDataPut) for I2CMasterDataPut
    finalproject.o(i.I2C0_ReadByte) refers to i2c.o(i.I2CMasterControl) for I2CMasterControl
    finalproject.o(i.I2C0_ReadByte) refers to i2c.o(i.I2CMasterBusBusy) for I2CMasterBusBusy
    finalproject.o(i.I2C0_ReadByte) refers to i2c.o(i.I2CMasterErr) for I2CMasterErr
    finalproject.o(i.I2C0_ReadByte) refers to finalproject.o(i.Delay) for Delay
    finalproject.o(i.I2C0_ReadByte) refers to i2c.o(i.I2CMasterDataGet) for I2CMasterDataGet
    finalproject.o(i.I2C0_WriteByte) refers to i2c.o(i.I2CMasterBusy) for I2CMasterBusy
    finalproject.o(i.I2C0_WriteByte) refers to i2c.o(i.I2CMasterSlaveAddrSet) for I2CMasterSlaveAddrSet
    finalproject.o(i.I2C0_WriteByte) refers to i2c.o(i.I2CMasterDataPut) for I2CMasterDataPut
    finalproject.o(i.I2C0_WriteByte) refers to i2c.o(i.I2CMasterControl) for I2CMasterControl
    finalproject.o(i.I2C0_WriteByte) refers to i2c.o(i.I2CMasterErr) for I2CMasterErr
    finalproject.o(i.Power_On_Init) refers to finalproject.o(i.I2C0_WriteByte) for I2C0_WriteByte
    finalproject.o(i.Power_On_Init) refers to finalproject.o(i.Show) for Show
    finalproject.o(i.Power_On_Init) refers to finalproject.o(i.Blank) for Blank
    finalproject.o(i.Power_On_Init) refers to finalproject.o(i.Delay) for Delay
    finalproject.o(i.Power_On_Init) refers to finalproject.o(.data) for Blank_buffer
    finalproject.o(i.ReadKey) refers to finalproject.o(i.I2C0_ReadByte) for I2C0_ReadByte
    finalproject.o(i.ReadKey) refers to finalproject.o(.data) for result
    finalproject.o(i.S800_GPIO_Init) refers to sysctl.o(i.SysCtlPeripheralEnable) for SysCtlPeripheralEnable
    finalproject.o(i.S800_GPIO_Init) refers to sysctl.o(i.SysCtlPeripheralReady) for SysCtlPeripheralReady
    finalproject.o(i.S800_GPIO_Init) refers to gpio.o(i.GPIOPinTypeGPIOOutput) for GPIOPinTypeGPIOOutput
    finalproject.o(i.S800_GPIO_Init) refers to gpio.o(i.GPIOPinTypeGPIOInput) for GPIOPinTypeGPIOInput
    finalproject.o(i.S800_GPIO_Init) refers to gpio.o(i.GPIOPadConfigSet) for GPIOPadConfigSet
    finalproject.o(i.S800_I2C0_Init) refers to sysctl.o(i.SysCtlPeripheralEnable) for SysCtlPeripheralEnable
    finalproject.o(i.S800_I2C0_Init) refers to gpio.o(i.GPIOPinConfigure) for GPIOPinConfigure
    finalproject.o(i.S800_I2C0_Init) refers to gpio.o(i.GPIOPinTypeI2CSCL) for GPIOPinTypeI2CSCL
    finalproject.o(i.S800_I2C0_Init) refers to gpio.o(i.GPIOPinTypeI2C) for GPIOPinTypeI2C
    finalproject.o(i.S800_I2C0_Init) refers to i2c.o(i.I2CMasterInitExpClk) for I2CMasterInitExpClk
    finalproject.o(i.S800_I2C0_Init) refers to i2c.o(i.I2CMasterEnable) for I2CMasterEnable
    finalproject.o(i.S800_I2C0_Init) refers to finalproject.o(i.I2C0_WriteByte) for I2C0_WriteByte
    finalproject.o(i.S800_I2C0_Init) refers to finalproject.o(.data) for ui32SysClock
    finalproject.o(i.S800_UART_Init) refers to sysctl.o(i.SysCtlPeripheralEnable) for SysCtlPeripheralEnable
    finalproject.o(i.S800_UART_Init) refers to sysctl.o(i.SysCtlPeripheralReady) for SysCtlPeripheralReady
    finalproject.o(i.S800_UART_Init) refers to gpio.o(i.GPIOPinConfigure) for GPIOPinConfigure
    finalproject.o(i.S800_UART_Init) refers to gpio.o(i.GPIOPinTypeUART) for GPIOPinTypeUART
    finalproject.o(i.S800_UART_Init) refers to uart.o(i.UARTConfigSetExpClk) for UARTConfigSetExpClk
    finalproject.o(i.S800_UART_Init) refers to finalproject.o(i.UARTStringPut) for UARTStringPut
    finalproject.o(i.S800_UART_Init) refers to finalproject.o(.data) for ui32SysClock
    finalproject.o(i.Show) refers to finalproject.o(i.I2C0_WriteByte) for I2C0_WriteByte
    finalproject.o(i.Show) refers to finalproject.o(i.Delay) for Delay
    finalproject.o(i.Show) refers to finalproject.o(.data) for result
    finalproject.o(i.ShowAlarm) refers to finalproject.o(.data) for Alarm_buffer
    finalproject.o(i.ShowDate) refers to finalproject.o(.data) for Date_buffer
    finalproject.o(i.ShowTime) refers to finalproject.o(.data) for Time_buffer
    finalproject.o(i.SysTickIntHandler) refers to finalproject.o(.data) for currentState
    finalproject.o(i.SysTickIntHandler) refers to finalproject.o(.bss) for Float_buffer
    finalproject.o(i.UART0_Handler) refers to uart.o(i.UARTIntStatus) for UARTIntStatus
[...]
    __rtentry2.o(.ARM.exidx) refers to __rtentry2.o(.ARM.Collect$$rtentry$$0000000B) for .ARM.Collect$$rtentry$$0000000B
    __rtentry2.o(.ARM.exidx) refers to __rtentry2.o(.ARM.Collect$$rtentry$$0000000D) for .ARM.Collect$$rtentry$$0000000D
    __rtentry4.o(.ARM.Collect$$rtentry$$00000004) refers to sys_stackheap_outer.o(.text) for __user_setup_stackheap
    __rtentry4.o(.ARM.exidx) refers to __rtentry4.o(.ARM.Collect$$rtentry$$00000004) for .ARM.Collect$$rtentry$$00000004
    sys_stackheap_outer.o(.text) refers to libspace.o(.text) for __user_perproc_libspace
    sys_stackheap_outer.o(.text) refers to startup_tm4c129.o(.text) for __user_initial_stackheap
    exit.o(.text) refers to rtexit.o(.ARM.Collect$$rtexit$$00000000) for __rt_exit
    libinit.o(.ARM.Collect$$libinit$$00000000) refers (Special) to libinit2.o(.ARM.Collect$$libinit$$0000002E) for __rt_lib_init_alloca_1
    libinit.o(.ARM.Collect$$libinit$$00000000) refers (Special) to libinit2.o(.ARM.Collect$$libinit$$0000002C) for __rt_lib_init_argv_1
    libinit.o(.ARM.Collect$$libinit$$00000000) refers (Special) to libinit2.o(.ARM.Collect$$libinit$$0000001B) for __rt_lib_init_atexit_1
    libinit.o(.ARM.Collect$$libinit$$00000000) refers (Special) to libinit2.o(.ARM.Collect$$libinit$$00000021) for __rt_lib_init_clock_1
    libinit.o(.ARM.Collect$$libinit$$00000000) refers (Special) to libinit2.o(.ARM.Collect$$libinit$$00000032) for __rt_lib_init_cpp_1
    libinit.o(.ARM.Collect$$libinit$$00000000) refers (Special) to libinit2.o(.ARM.Collect$$libinit$$00000030) for __rt_lib_init_exceptions_1
    libinit.o(.ARM.Collect$$libinit$$00000000) refers (Special) to libinit2.o(.ARM.Collect$$libinit$$00000001) for __rt_lib_init_fp_1
    libinit.o(.ARM.Collect$$libinit$$00000000) refers (Special) to libinit2.o(.ARM.Collect$$libinit$$0000001F) for __rt_lib_init_fp_trap_1
    libinit.o(.ARM.Collect$$libinit$$00000000) refers (Special) to libinit2.o(.ARM.Collect$$libinit$$00000023) for __rt_lib_init_getenv_1
    libinit.o(.ARM.Collect$$libinit$$00000000) refers (Special) to libinit2.o(.ARM.Collect$$libinit$$0000000A) for __rt_lib_init_heap_1
    libinit.o(.ARM.Collect$$libinit$$00000000) refers (Special) to libinit2.o(.ARM.Collect$$libinit$$00000011) for __rt_lib_init_lc_collate_1
    libinit.o(.ARM.Collect$$libinit$$00000000) refers (Special) to libinit2.o(.ARM.Collect$$libinit$$00000013) for __rt_lib_init_lc_ctype_1
    libinit.o(.ARM.Collect$$libinit$$00000000) refers (Special) to libinit2.o(.ARM.Collect$$libinit$$00000015) for __rt_lib_init_lc_monetary_1
    libinit.o(.ARM.Collect$$libinit$$00000000) refers (Special) to libinit2.o(.ARM.Collect$$libinit$$00000017) for __rt_lib_init_lc_numeric_1
    libinit.o(.ARM.Collect$$libinit$$00000000) refers (Special) to libinit2.o(.ARM.Collect$$libinit$$00000019) for __rt_lib_init_lc_time_1
    libinit.o(.ARM.Collect$$libinit$$00000000) refers (Special) to libinit2.o(.ARM.Collect$$libinit$$00000004) for __rt_lib_init_preinit_1
    libinit.o(.ARM.Collect$$libinit$$00000000) refers (Special) to libinit2.o(.ARM.Collect$$libinit$$0000000E) for __rt_lib_init_rand_1
    libinit.o(.ARM.Collect$$libinit$$00000000) refers (Special) to libinit2.o(.ARM.Collect$$libinit$$00000033) for __rt_lib_init_return
    libinit.o(.ARM.Collect$$libinit$$00000000) refers (Special) to libinit2.o(.ARM.Collect$$libinit$$0000001D) for __rt_lib_init_signal_1
    libinit.o(.ARM.Collect$$libinit$$00000000) refers (Special) to libinit2.o(.ARM.Collect$$libinit$$00000025) for __rt_lib_init_stdio_1
    libinit.o(.ARM.Collect$$libinit$$00000000) refers (Special) to libinit2.o(.ARM.Collect$$libinit$$0000000C) for __rt_lib_init_user_alloc_1
    libspace.o(.text) refers to libspace.o(.bss) for __libspace_start
    rtexit.o(.ARM.Collect$$rtexit$$00000000) refers (Special) to rtexit2.o(.ARM.Collect$$rtexit$$00000004) for __rt_exit_exit
    rtexit.o(.ARM.Collect$$rtexit$$00000000) refers (Special) to rtexit2.o(.ARM.Collect$$rtexit$$00000003) for __rt_exit_ls
    rtexit.o(.ARM.Collect$$rtexit$$00000000) refers (Special) to rtexit2.o(.ARM.Collect$$rtexit$$00000002) for __rt_exit_prels_1
    rtexit.o(.ARM.exidx) refers (Special) to rtexit2.o(.ARM.Collect$$rtexit$$00000004) for __rt_exit_exit
    rtexit.o(.ARM.exidx) refers (Special) to rtexit2.o(.ARM.Collect$$rtexit$$00000003) for __rt_exit_ls
    rtexit.o(.ARM.exidx) refers (Special) to rtexit2.o(.ARM.Collect$$rtexit$$00000002) for __rt_exit_prels_1
    rtexit.o(.ARM.exidx) refers to rtexit.o(.ARM.Collect$$rtexit$$00000000) for .ARM.Collect$$rtexit$$00000000
    libinit2.o(.ARM.Collect$$libinit$$00000001) refers to fpinit.o(x$fpl$fpinit) for _fp_init
    libinit2.o(.ARM.Collect$$libinit$$00000010) refers to libinit2.o(.ARM.Collect$$libinit$$0000000F) for .ARM.Collect$$libinit$$0000000F
    libinit2.o(.ARM.Collect$$libinit$$00000012) refers to libinit2.o(.ARM.Collect$$libinit$$0000000F) for .ARM.Collect$$libinit$$0000000F
    libinit2.o(.ARM.Collect$$libinit$$00000014) refers to libinit2.o(.ARM.Collect$$libinit$$0000000F) for .ARM.Collect$$libinit$$0000000F
    libinit2.o(.ARM.Collect$$libinit$$00000016) refers to libinit2.o(.ARM.Collect$$libinit$$0000000F) for .ARM.Collect$$libinit$$0000000F
    libinit2.o(.ARM.Collect$$libinit$$00000018) refers to libinit2.o(.ARM.Collect$$libinit$$0000000F) for .ARM.Collect$$libinit$$0000000F
    libinit2.o(.ARM.Collect$$libinit$$00000026) refers to argv_veneer.o(.emb_text) for __ARM_argv_veneer
    libinit2.o(.ARM.Collect$$libinit$$00000027) refers to argv_veneer.o(.emb_text) for __ARM_argv_veneer
    rtexit2.o(.ARM.Collect$$rtexit$$00000003) refers to libshutdown.o(.ARM.Collect$$libshutdown$$00000000) for __rt_lib_shutdown
    rtexit2.o(.ARM.Collect$$rtexit$$00000004) refers to sys_exit.o(.text) for _sys_exit
    rtexit2.o(.ARM.exidx) refers to rtexit2.o(.ARM.Collect$$rtexit$$00000001) for .ARM.Collect$$rtexit$$00000001
    rtexit2.o(.ARM.exidx) refers to rtexit2.o(.ARM.Collect$$rtexit$$00000003) for .ARM.Collect$$rtexit$$00000003
    rtexit2.o(.ARM.exidx) refers to rtexit2.o(.ARM.Collect$$rtexit$$00000004) for .ARM.Collect$$rtexit$$00000004
    argv_veneer.o(.emb_text) refers to no_argv.o(.text) for __ARM_get_argv
    sys_exit.o(.text) refers (Special) to use_no_semi.o(.text) for __I$use$semihosting
    sys_exit.o(.text) refers (Special) to indicate_semi.o(.text) for __semihosting_library_function
    _get_argv_nomalloc.o(.text) refers (Special) to hrguard.o(.text) for __heap_region$guard
    _get_argv_nomalloc.o(.text) refers to defsig_rtmem_outer.o(.text) for __rt_SIGRTMEM
    _get_argv_nomalloc.o(.text) refers to sys_command.o(.text) for _sys_command_string
    libshutdown.o(.ARM.Collect$$libshutdown$$00000000) refers (Special) to libshutdown2.o(.ARM.Collect$$libshutdown$$00000002) for __rt_lib_shutdown_cpp_1
    libshutdown.o(.ARM.Collect$$libshutdown$$00000000) refers (Special) to libshutdown2.o(.ARM.Collect$$libshutdown$$00000007) for __rt_lib_shutdown_fp_trap_1
    libshutdown.o(.ARM.Collect$$libshutdown$$00000000) refers (Special) to libshutdown2.o(.ARM.Collect$$libshutdown$$0000000F) for __rt_lib_shutdown_heap_1
    libshutdown.o(.ARM.Collect$$libshutdown$$00000000) refers (Special) to libshutdown2.o(.ARM.Collect$$libshutdown$$00000010) for __rt_lib_shutdown_return
    libshutdown.o(.ARM.Collect$$libshutdown$$00000000) refers (Special) to libshutdown2.o(.ARM.Collect$$libshutdown$$0000000A) for __rt_lib_shutdown_signal_1
    libshutdown.o(.ARM.Collect$$libshutdown$$00000000) refers (Special) to libshutdown2.o(.ARM.Collect$$libshutdown$$00000004) for __rt_lib_shutdown_stdio_1
    libshutdown.o(.ARM.Collect$$libshutdown$$00000000) refers (Special) to libshutdown2.o(.ARM.Collect$$libshutdown$$0000000C) for __rt_lib_shutdown_user_alloc_1
    sys_command.o(.text) refers (Special) to use_no_semi.o(.text) for __I$use$semihosting
    sys_command.o(.text) refers (Special) to indicate_semi.o(.text) for __semihosting_library_function
    defsig_rtmem_outer.o(.text) refers to defsig_rtmem_inner.o(.text) for __rt_SIGRTMEM_inner
    defsig_rtmem_outer.o(.text) refers to defsig_exit.o(.text) for __sig_exit
    defsig_rtmem_formal.o(.text) refers to rt_raise.o(.text) for __rt_raise
    rt_raise.o(.text) refers to __raise.o(.text) for __raise
    rt_raise.o(.text) refers to sys_exit.o(.text) for _sys_exit
    defsig_exit.o(.text) refers to sys_exit.o(.text) for _sys_exit
    defsig_rtmem_inner.o(.text) refers to defsig_general.o(.text) for __default_signal_display
    __raise.o(.text) refers to defsig.o(CL$$defsig) for __default_signal_handler
    defsig_general.o(.text) refers to sys_wrch.o(.text) for _ttywrch
    sys_wrch.o(.text) refers (Special) to use_no_semi.o(.text) for __I$use$semihosting
    sys_wrch.o(.text) refers (Special) to indicate_semi.o(.text) for __semihosting_library_function
    defsig.o(CL$$defsig) refers to defsig_rtmem_inner.o(.text) for __rt_SIGRTMEM_inner
    defsig_abrt_inner.o(.text) refers to defsig_general.o(.text) for __default_signal_display
    defsig_fpe_inner.o(.text) refers to defsig_general.o(.text) for __default_signal_display
    defsig_rtred_inner.o(.text) refers to defsig_general.o(.text) for __default_signal_display
    defsig_stak_inner.o(.text) refers to defsig_general.o(.text) for __default_signal_display
    defsig_pvfn_inner.o(.text) refers to defsig_general.o(.text) for __default_signal_display
    defsig_cppl_inner.o(.text) refers to defsig_general.o(.text) for __default_signal_display
    defsig_segv_inner.o(.text) refers to defsig_general.o(.text) for __default_signal_display
    defsig_other.o(.text) refers to defsig_general.o(.text) for __default_signal_display


==============================================================================

Removing Unused input sections from the image.

    Removing finalproject.o(i.ChooseChangeBit), (28 bytes).
    Removing system_tm4c129.o(.rev16_text), (4 bytes).
    Removing system_tm4c129.o(.revsh_text), (4 bytes).
    Removing system_tm4c129.o(.rrx_text), (6 bytes).
    Removing system_tm4c129.o(i.SystemCoreClockUpdate), (16 bytes).
    Removing gpio.o(i.GPIOADCTriggerDisable), (14 bytes).
    Removing gpio.o(i.GPIOADCTriggerEnable), (12 bytes).
    Removing gpio.o(i.GPIODMATriggerDisable), (14 bytes).
    Removing gpio.o(i.GPIODMATriggerEnable), (12 bytes).
    Removing gpio.o(i.GPIODirModeGet), (34 bytes).
    Removing gpio.o(i.GPIOIntClear), (6 bytes).
    Removing gpio.o(i.GPIOIntDisable), (14 bytes).
    Removing gpio.o(i.GPIOIntEnable), (12 bytes).
    Removing gpio.o(i.GPIOIntRegister), (26 bytes).
    Removing gpio.o(i.GPIOIntRegisterPin), (30 bytes).
    Removing gpio.o(i.GPIOIntStatus), (14 bytes).
    Removing gpio.o(i.GPIOIntTypeGet), (68 bytes).
    Removing gpio.o(i.GPIOIntTypeSet), (80 bytes).
    Removing gpio.o(i.GPIOIntUnregister), (22 bytes).
    Removing gpio.o(i.GPIOIntUnregisterPin), (26 bytes).
    Removing gpio.o(i.GPIOPadConfigGet), (204 bytes).
    Removing gpio.o(i.GPIOPinRead), (6 bytes).
    Removing gpio.o(i.GPIOPinTypeADC), (28 bytes).
    Removing gpio.o(i.GPIOPinTypeCAN), (28 bytes).
    Removing gpio.o(i.GPIOPinTypeComparator), (28 bytes).
    Removing gpio.o(i.GPIOPinTypeComparatorOutput), (28 bytes).
    Removing gpio.o(i.GPIOPinTypeDIVSCLK), (28 bytes).
    Removing gpio.o(i.GPIOPinTypeEPI), (28 bytes).
    Removing gpio.o(i.GPIOPinTypeEthernetLED), (28 bytes).
    Removing gpio.o(i.GPIOPinTypeEthernetMII), (28 bytes).
    Removing gpio.o(i.GPIOPinTypeGPIOOutputOD), (28 bytes).
    Removing gpio.o(i.GPIOPinTypeHibernateRTCCLK), (28 bytes).
    Removing gpio.o(i.GPIOPinTypeLCD), (28 bytes).
    Removing gpio.o(i.GPIOPinTypeOneWire), (28 bytes).
    Removing gpio.o(i.GPIOPinTypePWM), (28 bytes).
    Removing gpio.o(i.GPIOPinTypeQEI), (28 bytes).
    Removing gpio.o(i.GPIOPinTypeSSI), (28 bytes).
    Removing gpio.o(i.GPIOPinTypeTimer), (28 bytes).
    Removing gpio.o(i.GPIOPinTypeTrace), (28 bytes).
    Removing gpio.o(i.GPIOPinTypeUSBAnalog), (28 bytes).
    Removing gpio.o(i.GPIOPinTypeUSBDigital), (28 bytes).
    Removing gpio.o(i.GPIOPinTypeWakeHigh), (30 bytes).
    Removing gpio.o(i.GPIOPinTypeWakeLow), (30 bytes).
    Removing gpio.o(i.GPIOPinWakeStatus), (6 bytes).
    Removing gpio.o(i.GPIOPinWrite), (6 bytes).
    Removing gpio.o(i._GPIOIntNumberGet), (80 bytes).
    Removing i2c.o(i.I2CFIFODataGet), (16 bytes).
    Removing i2c.o(i.I2CFIFODataGetNonBlocking), (24 bytes).
    Removing i2c.o(i.I2CFIFODataPut), (16 bytes).
    Removing i2c.o(i.I2CFIFODataPutNonBlocking), (20 bytes).
    Removing i2c.o(i.I2CFIFOStatus), (6 bytes).
    Removing i2c.o(i.I2CIntRegister), (96 bytes).
    Removing i2c.o(i.I2CIntUnregister), (96 bytes).
    Removing i2c.o(i.I2CLoopbackEnable), (10 bytes).
    Removing i2c.o(i.I2CMasterBurstCountGet), (4 bytes).
    Removing i2c.o(i.I2CMasterBurstLengthSet), (4 bytes).
    Removing i2c.o(i.I2CMasterDisable), (10 bytes).
    Removing i2c.o(i.I2CMasterGlitchFilterConfigSet), (84 bytes).
    Removing i2c.o(i.I2CMasterIntClear), (8 bytes).
    Removing i2c.o(i.I2CMasterIntClearEx), (4 bytes).
    Removing i2c.o(i.I2CMasterIntDisable), (6 bytes).
    Removing i2c.o(i.I2CMasterIntDisableEx), (10 bytes).
    Removing i2c.o(i.I2CMasterIntEnable), (6 bytes).
    Removing i2c.o(i.I2CMasterIntEnableEx), (8 bytes).
    Removing i2c.o(i.I2CMasterIntStatus), (24 bytes).
    Removing i2c.o(i.I2CMasterIntStatusEx), (10 bytes).
    Removing i2c.o(i.I2CMasterLineStateGet), (4 bytes).
    Removing i2c.o(i.I2CMasterTimeoutSet), (4 bytes).
    Removing i2c.o(i.I2CRxFIFOConfigSet), (22 bytes).
    Removing i2c.o(i.I2CRxFIFOFlush), (14 bytes).
    Removing i2c.o(i.I2CSlaveACKOverride), (22 bytes).
    Removing i2c.o(i.I2CSlaveACKValueSet), (22 bytes).
    Removing i2c.o(i.I2CSlaveAddressSet), (24 bytes).
    Removing i2c.o(i.I2CSlaveDataGet), (6 bytes).
    Removing i2c.o(i.I2CSlaveDataPut), (6 bytes).
    Removing i2c.o(i.I2CSlaveDisable), (16 bytes).
    Removing i2c.o(i.I2CSlaveEnable), (16 bytes).
    Removing i2c.o(i.I2CSlaveFIFODisable), (8 bytes).
    Removing i2c.o(i.I2CSlaveFIFOEnable), (10 bytes).
    Removing i2c.o(i.I2CSlaveInit), (20 bytes).
    Removing i2c.o(i.I2CSlaveIntClear), (8 bytes).
    Removing i2c.o(i.I2CSlaveIntClearEx), (6 bytes).
    Removing i2c.o(i.I2CSlaveIntDisable), (14 bytes).
    Removing i2c.o(i.I2CSlaveIntDisableEx), (14 bytes).
    Removing i2c.o(i.I2CSlaveIntEnable), (14 bytes).
    Removing i2c.o(i.I2CSlaveIntEnableEx), (12 bytes).
    Removing i2c.o(i.I2CSlaveIntStatus), (28 bytes).
    Removing i2c.o(i.I2CSlaveIntStatusEx), (14 bytes).
    Removing i2c.o(i.I2CSlaveStatus), (6 bytes).
    Removing i2c.o(i.I2CTxFIFOConfigSet), (24 bytes).
    Removing i2c.o(i.I2CTxFIFOFlush), (14 bytes).
    Removing i2c.o(.constdata), (128 bytes).
    Removing interrupt.o(i.IntDisable), (100 bytes).
    Removing interrupt.o(i.IntIsEnabled), (96 bytes).
    Removing interrupt.o(i.IntMasterDisable), (14 bytes).
    Removing interrupt.o(i.IntPendClear), (68 bytes).
    Removing interrupt.o(i.IntPendSet), (84 bytes).
    Removing interrupt.o(i.IntPriorityMaskSet), (4 bytes).
    Removing interrupt.o(i.IntRegister), (52 bytes).
    Removing interrupt.o(i.IntTrigger), (12 bytes).
    Removing interrupt.o(i.IntUnregister), (20 bytes).
    Removing interrupt.o(i._IntDefaultHandler), (2 bytes).
    Removing interrupt.o(vtable), (620 bytes).
    Removing sysctl.o(.emb_text), (6 bytes).
    Removing sysctl.o(i.SysCtlAltClkConfig), (12 bytes).
    Removing sysctl.o(i.SysCtlClockGet), (340 bytes).
    Removing sysctl.o(i.SysCtlClockOutConfig), (20 bytes).
    Removing sysctl.o(i.SysCtlClockSet), (288 bytes).
    Removing sysctl.o(i.SysCtlDeepSleep), (32 bytes).
    Removing sysctl.o(i.SysCtlDeepSleepClockConfigSet), (112 bytes).
    Removing sysctl.o(i.SysCtlDeepSleepClockSet), (12 bytes).
    Removing sysctl.o(i.SysCtlDeepSleepPowerSet), (12 bytes).
    Removing sysctl.o(i.SysCtlFlashSectorSizeGet), (56 bytes).
    Removing sysctl.o(i.SysCtlFlashSizeGet), (56 bytes).
    Removing sysctl.o(i.SysCtlGPIOAHBDisable), (28 bytes).
    Removing sysctl.o(i.SysCtlGPIOAHBEnable), (24 bytes).
    Removing sysctl.o(i.SysCtlIntClear), (12 bytes).
    Removing sysctl.o(i.SysCtlIntDisable), (16 bytes).
    Removing sysctl.o(i.SysCtlIntEnable), (16 bytes).
    Removing sysctl.o(i.SysCtlIntRegister), (20 bytes).
    Removing sysctl.o(i.SysCtlIntStatus), (16 bytes).
    Removing sysctl.o(i.SysCtlIntUnregister), (18 bytes).
    Removing sysctl.o(i.SysCtlLDODeepSleepGet), (12 bytes).
    Removing sysctl.o(i.SysCtlLDODeepSleepSet), (12 bytes).
    Removing sysctl.o(i.SysCtlLDOSleepGet), (12 bytes).
    Removing sysctl.o(i.SysCtlLDOSleepSet), (12 bytes).
    Removing sysctl.o(i.SysCtlMOSCConfigSet), (12 bytes).
    Removing sysctl.o(i.SysCtlNMIClear), (16 bytes).
    Removing sysctl.o(i.SysCtlNMIStatus), (12 bytes).
    Removing sysctl.o(i.SysCtlPIOSCCalibrate), (76 bytes).
    Removing sysctl.o(i.SysCtlPWMClockGet), (24 bytes).
    Removing sysctl.o(i.SysCtlPWMClockSet), (20 bytes).
    Removing sysctl.o(i.SysCtlPeripheralClockGating), (68 bytes).
    Removing sysctl.o(i.SysCtlPeripheralDeepSleepDisable), (40 bytes).
    Removing sysctl.o(i.SysCtlPeripheralDeepSleepEnable), (40 bytes).
    Removing sysctl.o(i.SysCtlPeripheralDisable), (40 bytes).
    Removing sysctl.o(i.SysCtlPeripheralPowerOff), (40 bytes).
    Removing sysctl.o(i.SysCtlPeripheralPowerOn), (40 bytes).
    Removing sysctl.o(i.SysCtlPeripheralPresent), (44 bytes).
    Removing sysctl.o(i.SysCtlPeripheralReset), (60 bytes).
    Removing sysctl.o(i.SysCtlPeripheralSleepDisable), (40 bytes).
    Removing sysctl.o(i.SysCtlPeripheralSleepEnable), (40 bytes).
    Removing sysctl.o(i.SysCtlReset), (16 bytes).
    Removing sysctl.o(i.SysCtlResetBehaviorGet), (12 bytes).
    Removing sysctl.o(i.SysCtlResetBehaviorSet), (12 bytes).
    Removing sysctl.o(i.SysCtlResetCauseClear), (16 bytes).
    Removing sysctl.o(i.SysCtlResetCauseGet), (12 bytes).
    Removing sysctl.o(i.SysCtlSRAMSizeGet), (16 bytes).
    Removing sysctl.o(i.SysCtlSleep), (4 bytes).
    Removing sysctl.o(i.SysCtlSleepPowerSet), (12 bytes).
    Removing sysctl.o(i.SysCtlUSBPLLDisable), (16 bytes).
    Removing sysctl.o(i.SysCtlUSBPLLEnable), (16 bytes).
    Removing sysctl.o(i.SysCtlVCOGet), (120 bytes).
    Removing sysctl.o(i.SysCtlVoltageEventClear), (16 bytes).
    Removing sysctl.o(i.SysCtlVoltageEventConfig), (12 bytes).
    Removing sysctl.o(i.SysCtlVoltageEventStatus), (12 bytes).
    Removing systick.o(i.SysTickDisable), (14 bytes).
    Removing systick.o(i.SysTickIntDisable), (14 bytes).
    Removing systick.o(i.SysTickIntRegister), (24 bytes).
    Removing systick.o(i.SysTickIntUnregister), (18 bytes).
    Removing systick.o(i.SysTickPeriodGet), (10 bytes).
    Removing systick.o(i.SysTickValueGet), (8 bytes).
    Removing uart.o(i.UART9BitAddrSend), (38 bytes).
    Removing uart.o(i.UART9BitAddrSet), (10 bytes).
    Removing uart.o(i.UART9BitDisable), (14 bytes).
    Removing uart.o(i.UART9BitEnable), (14 bytes).
    Removing uart.o(i.UARTBreakCtl), (18 bytes).
    Removing uart.o(i.UARTBusy), (8 bytes).
    Removing uart.o(i.UARTCharGet), (12 bytes).
    Removing uart.o(i.UARTClockSourceGet), (6 bytes).
    Removing uart.o(i.UARTClockSourceSet), (6 bytes).
    Removing uart.o(i.UARTConfigGetExpClk), (46 bytes).
    Removing uart.o(i.UARTDMADisable), (10 bytes).
    Removing uart.o(i.UARTDMAEnable), (8 bytes).
    Removing uart.o(i.UARTDisable), (30 bytes).
    Removing uart.o(i.UARTDisableSIR), (10 bytes).
    Removing uart.o(i.UARTEnable), (20 bytes).
    Removing uart.o(i.UARTEnableSIR), (18 bytes).
    Removing uart.o(i.UARTFIFODisable), (10 bytes).
    Removing uart.o(i.UARTFIFOEnable), (10 bytes).
    Removing uart.o(i.UARTFIFOLevelGet), (16 bytes).
    Removing uart.o(i.UARTFIFOLevelSet), (6 bytes).
    Removing uart.o(i.UARTFlowControlGet), (8 bytes).
    Removing uart.o(i.UARTFlowControlSet), (12 bytes).
    Removing uart.o(i.UARTIntDisable), (10 bytes).
    Removing uart.o(i.UARTIntRegister), (88 bytes).
    Removing uart.o(i.UARTIntUnregister), (88 bytes).
    Removing uart.o(i.UARTLoopbackEnable), (10 bytes).
    Removing uart.o(i.UARTModemControlClear), (14 bytes).
    Removing uart.o(i.UARTModemControlGet), (8 bytes).
    Removing uart.o(i.UARTModemControlSet), (12 bytes).
    Removing uart.o(i.UARTModemStatusGet), (10 bytes).
    Removing uart.o(i.UARTParityModeGet), (8 bytes).
    Removing uart.o(i.UARTParityModeSet), (12 bytes).
    Removing uart.o(i.UARTRxErrorClear), (6 bytes).
    Removing uart.o(i.UARTRxErrorGet), (8 bytes).
    Removing uart.o(i.UARTSmartCardDisable), (10 bytes).
    Removing uart.o(i.UARTSmartCardEnable), (22 bytes).
    Removing uart.o(i.UARTSpaceAvail), (10 bytes).
    Removing uart.o(i.UARTTxIntModeGet), (8 bytes).
    Removing uart.o(i.UARTTxIntModeSet), (12 bytes).
    Removing uart.o(.constdata), (128 bytes).

202 unused section(s) (total 6276 bytes) removed from the image.

==============================================================================

Image Symbol Table

    Local Symbols

    Symbol Name                              Value     Ov Type        Size  Object(Section)

    RESET                                    0x00000000   Section      512  startup_tm4c129.o(RESET)
    ../clib/angel/boardlib.s                 0x00000000   Number         0  boardinit3.o ABSOLUTE
    ../clib/angel/boardlib.s                 0x00000000   Number         0  boardshut.o ABSOLUTE
    ../clib/angel/boardlib.s                 0x00000000   Number         0  boardinit1.o ABSOLUTE
    ../clib/angel/boardlib.s                 0x00000000   Number         0  boardinit2.o ABSOLUTE
    ../clib/angel/handlers.s                 0x00000000   Number         0  __scatter_copy.o ABSOLUTE
    ../clib/angel/handlers.s                 0x00000000   Number         0  __scatter_zi.o ABSOLUTE
    ../clib/angel/kernel.s                   0x00000000   Number         0  rtexit.o ABSOLUTE
    ../clib/angel/kernel.s                   0x00000000   Number         0  __rtentry.o ABSOLUTE
    ../clib/angel/kernel.s                   0x00000000   Number         0  __rtentry2.o ABSOLUTE
    ../clib/angel/kernel.s                   0x00000000   Number         0  __rtentry4.o ABSOLUTE
    ../clib/angel/kernel.s                   0x00000000   Number         0  rtexit2.o ABSOLUTE
    ../clib/angel/rt.s                       0x00000000   Number         0  rt_raise.o ABSOLUTE
    ../clib/angel/scatter.s                  0x00000000   Number         0  __scatter.o ABSOLUTE
    ../clib/angel/startup.s                  0x00000000   Number         0  __main.o ABSOLUTE
    ../clib/angel/sys.s                      0x00000000   Number         0  libspace.o ABSOLUTE
    ../clib/angel/sys.s                      0x00000000   Number         0  indicate_semi.o ABSOLUTE
    ../clib/angel/sys.s                      0x00000000   Number         0  use_no_semi.o ABSOLUTE
    ../clib/angel/sys.s                      0x00000000   Number         0  sys_stackheap_outer.o ABSOLUTE
    ../clib/angel/sysapp.c                   0x00000000   Number         0  sys_exit.o ABSOLUTE
    ../clib/angel/sysapp.c                   0x00000000   Number         0  sys_command.o ABSOLUTE
    ../clib/angel/sysapp.c                   0x00000000   Number         0  sys_wrch.o ABSOLUTE
    ../clib/armsys.c                         0x00000000   Number         0  _get_argv_nomalloc.o ABSOLUTE
    ../clib/armsys.c                         0x00000000   Number         0  argv_veneer.o ABSOLUTE
    ../clib/armsys.c                         0x00000000   Number         0  argv_veneer.o ABSOLUTE
    ../clib/armsys.c                         0x00000000   Number         0  no_argv.o ABSOLUTE
    ../clib/heapalloc.c                      0x00000000   Number         0  hrguard.o ABSOLUTE
    ../clib/heapaux.c                        0x00000000   Number         0  heapauxi.o ABSOLUTE
    ../clib/libinit.s                        0x00000000   Number         0  libinit2.o ABSOLUTE
    ../clib/libinit.s                        0x00000000   Number         0  libshutdown2.o ABSOLUTE
    ../clib/libinit.s                        0x00000000   Number         0  libshutdown.o ABSOLUTE
    ../clib/libinit.s                        0x00000000   Number         0  libinit.o ABSOLUTE
    ../clib/signal.c                         0x00000000   Number         0  defsig_stak_inner.o ABSOLUTE
    ../clib/signal.c                         0x00000000   Number         0  defsig_rtred_inner.o ABSOLUTE
    ../clib/signal.c                         0x00000000   Number         0  defsig_fpe_inner.o ABSOLUTE
    ../clib/signal.c                         0x00000000   Number         0  defsig_abrt_inner.o ABSOLUTE
    ../clib/signal.c                         0x00000000   Number         0  defsig_other.o ABSOLUTE
    ../clib/signal.c                         0x00000000   Number         0  defsig_general.o ABSOLUTE
    ../clib/signal.c                         0x00000000   Number         0  __raise.o ABSOLUTE
    ../clib/signal.c                         0x00000000   Number         0  defsig_rtmem_inner.o ABSOLUTE
    ../clib/signal.c                         0x00000000   Number         0  defsig_exit.o ABSOLUTE
    ../clib/signal.c                         0x00000000   Number         0  defsig_cppl_inner.o ABSOLUTE
    ../clib/signal.c                         0x00000000   Number         0  defsig_pvfn_inner.o ABSOLUTE
    ../clib/signal.c                         0x00000000   Number         0  defsig_rtmem_formal.o ABSOLUTE
    ../clib/signal.c                         0x00000000   Number         0  defsig_rtmem_outer.o ABSOLUTE
    ../clib/signal.c                         0x00000000   Number         0  defsig_segv_inner.o ABSOLUTE
    ../clib/signal.s                         0x00000000   Number         0  defsig.o ABSOLUTE
    ../clib/stdlib.c                         0x00000000   Number         0  exit.o ABSOLUTE
    ../fplib/fpinit.s                        0x00000000   Number         0  fpinit.o ABSOLUTE
    FinalProject.c                           0x00000000   Number         0  finalproject.o ABSOLUTE
    RTE\Device\TM4C1294NCPDT\startup_TM4C129.s 0x00000000   Number         0  startup_tm4c129.o ABSOLUTE
    RTE\Device\TM4C1294NCPDT\system_TM4C129.c 0x00000000   Number         0  system_tm4c129.o ABSOLUTE
    RTE\\Device\\TM4C1294NCPDT\\system_TM4C129.c 0x00000000   Number         0  system_tm4c129.o ABSOLUTE
    cpu.c                                    0x00000000   Number         0  cpu.o ABSOLUTE
    cpu.c                                    0x00000000   Number         0  cpu.o ABSOLUTE
    dc.s                                     0x00000000   Number         0  dc.o ABSOLUTE
    gpio.c                                   0x00000000   Number         0  gpio.o ABSOLUTE
    i2c.c                                    0x00000000   Number         0  i2c.o ABSOLUTE
    interrupt.c                              0x00000000   Number         0  interrupt.o ABSOLUTE
    sysctl.c                                 0x00000000   Number         0  sysctl.o ABSOLUTE
    sysctl.c                                 0x00000000   Number         0  sysctl.o ABSOLUTE
    systick.c                                0x00000000   Number         0  systick.o ABSOLUTE
    uart.c                                   0x00000000   Number         0  uart.o ABSOLUTE
    !!!main                                  0x00000200   Section        8  __main.o(!!!main)
    !!!scatter                               0x00000208   Section       52  __scatter.o(!!!scatter)
    !!handler_copy                           0x0000023c   Section       26  __scatter_copy.o(!!handler_copy)
    !!handler_zi                             0x00000258   Section       28  __scatter_zi.o(!!handler_zi)
    .ARM.Collect$$libinit$$00000000          0x00000274   Section        2  libinit.o(.ARM.Collect$$libinit$$00000000)
    .ARM.Collect$$libinit$$00000001          0x00000276   Section        4  libinit2.o(.ARM.Collect$$libinit$$00000001)
    .ARM.Collect$$libinit$$00000004          0x0000027a   Section        0  libinit2.o(.ARM.Collect$$libinit$$00000004)
    .ARM.Collect$$libinit$$0000000A          0x0000027a   Section        0  libinit2.o(.ARM.Collect$$libinit$$0000000A)
    .ARM.Collect$$libinit$$0000000C          0x0000027a   Section        0  libinit2.o(.ARM.Collect$$libinit$$0000000C)
    .ARM.Collect$$libinit$$0000000E          0x0000027a   Section        0  libinit2.o(.ARM.Collect$$libinit$$0000000E)
    .ARM.Collect$$libinit$$00000011          0x0000027a   Section        0  libinit2.o(.ARM.Collect$$libinit$$00000011)
    .ARM.Collect$$libinit$$00000013          0x0000027a   Section        0  libinit2.o(.ARM.Collect$$libinit$$00000013)
    .ARM.Collect$$libinit$$00000015          0x0000027a   Section        0  libinit2.o(.ARM.Collect$$libinit$$00000015)
    .ARM.Collect$$libinit$$00000017          0x0000027a   Section        0  libinit2.o(.ARM.Collect$$libinit$$00000017)
    .ARM.Collect$$libinit$$00000019          0x0000027a   Section        0  libinit2.o(.ARM.Collect$$libinit$$00000019)
    .ARM.Collect$$libinit$$0000001B          0x0000027a   Section        0  libinit2.o(.ARM.Collect$$libinit$$0000001B)
    .ARM.Collect$$libinit$$0000001D          0x0000027a   Section        0  libinit2.o(.ARM.Collect$$libinit$$0000001D)
    .ARM.Collect$$libinit$$0000001F          0x0000027a   Section        0  libinit2.o(.ARM.Collect$$libinit$$0000001F)
    .ARM.Collect$$libinit$$00000021          0x0000027a   Section        0  libinit2.o(.ARM.Collect$$libinit$$00000021)
    .ARM.Collect$$libinit$$00000023          0x0000027a   Section        0  libinit2.o(.ARM.Collect$$libinit$$00000023)
    .ARM.Collect$$libinit$$00000025          0x0000027a   Section        0  libinit2.o(.ARM.Collect$$libinit$$00000025)
    .ARM.Collect$$libinit$$0000002C          0x0000027a   Section        0  libinit2.o(.ARM.Collect$$libinit$$0000002C)
    .ARM.Collect$$libinit$$0000002E          0x0000027a   Section        0  libinit2.o(.ARM.Collect$$libinit$$0000002E)
    .ARM.Collect$$libinit$$00000030          0x0000027a   Section        0  libinit2.o(.ARM.Collect$$libinit$$00000030)
    .ARM.Collect$$libinit$$00000032          0x0000027a   Section        0  libinit2.o(.ARM.Collect$$libinit$$00000032)
    .ARM.Collect$$libinit$$00000033          0x0000027a   Section        2  libinit2.o(.ARM.Collect$$libinit$$00000033)
    .ARM.Collect$$libshutdown$$00000000      0x0000027c   Section        2  libshutdown.o(.ARM.Collect$$libshutdown$$00000000)
    .ARM.Collect$$libshutdown$$00000002      0x0000027e   Section        0  libshutdown2.o(.ARM.Collect$$libshutdown$$00000002)
    .ARM.Collect$$libshutdown$$00000004      0x0000027e   Section        0  libshutdown2.o(.ARM.Collect$$libshutdown$$00000004)
    .ARM.Collect$$libshutdown$$00000007      0x0000027e   Section        0  libshutdown2.o(.ARM.Collect$$libshutdown$$00000007)
    .ARM.Collect$$libshutdown$$0000000A      0x0000027e   Section        0  libshutdown2.o(.ARM.Collect$$libshutdown$$0000000A)
    .ARM.Collect$$libshutdown$$0000000C      0x0000027e   Section        0  libshutdown2.o(.ARM.Collect$$libshutdown$$0000000C)
    .ARM.Collect$$libshutdown$$0000000F      0x0000027e   Section        0  libshutdown2.o(.ARM.Collect$$libshutdown$$0000000F)
    .ARM.Collect$$libshutdown$$00000010      0x0000027e   Section        2  libshutdown2.o(.ARM.Collect$$libshutdown$$00000010)
    .ARM.Collect$$rtentry$$00000000          0x00000280   Section        0  __rtentry.o(.ARM.Collect$$rtentry$$00000000)
    .ARM.Collect$$rtentry$$00000002          0x00000280   Section        0  __rtentry2.o(.ARM.Collect$$rtentry$$00000002)
    .ARM.Collect$$rtentry$$00000004          0x00000280   Section        6  __rtentry4.o(.ARM.Collect$$rtentry$$00000004)
    .ARM.Collect$$rtentry$$00000009          0x00000286   Section        0  __rtentry2.o(.ARM.Collect$$rtentry$$00000009)
    .ARM.Collect$$rtentry$$0000000A          0x00000286   Section        4  __rtentry2.o(.ARM.Collect$$rtentry$$0000000A)
    .ARM.Collect$$rtentry$$0000000C          0x0000028a   Section        0  __rtentry2.o(.ARM.Collect$$rtentry$$0000000C)
    .ARM.Collect$$rtentry$$0000000D          0x0000028a   Section        8  __rtentry2.o(.ARM.Collect$$rtentry$$0000000D)
    .ARM.Collect$$rtexit$$00000000           0x00000292   Section        2  rtexit.o(.ARM.Collect$$rtexit$$00000000)
    .ARM.Collect$$rtexit$$00000002           0x00000294   Section        0  rtexit2.o(.ARM.Collect$$rtexit$$00000002)
    .ARM.Collect$$rtexit$$00000003           0x00000294   Section        4  rtexit2.o(.ARM.Collect$$rtexit$$00000003)
    .ARM.Collect$$rtexit$$00000004           0x00000298   Section        6  rtexit2.o(.ARM.Collect$$rtexit$$00000004)
    .emb_text                                0x000002a0   Section       38  cpu.o(.emb_text)
    $v0                                      0x000002a0   Number         0  cpu.o(.emb_text)
    .text                                    0x000002c8   Section      300  startup_tm4c129.o(.text)
    $v0                                      0x000002c8   Number         0  startup_tm4c129.o(.text)
    .text                                    0x000003f4   Section        0  heapauxi.o(.text)
    .text                                    0x000003fa   Section       74  sys_stackheap_outer.o(.text)
    .text                                    0x00000444   Section        0  exit.o(.text)
    .text                                    0x00000458   Section        8  libspace.o(.text)
    .text                                    0x00000460   Section        0  sys_exit.o(.text)
    .text                                    0x0000046c   Section        2  use_no_semi.o(.text)
    .text                                    0x0000046e   Section        0  indicate_semi.o(.text)
    i.Blank                                  0x00000470   Section        0  finalproject.o(i.Blank)
    i.CheckStateSwitch                       0x000004a4   Section        0  finalproject.o(i.CheckStateSwitch)
    i.Delay                                  0x00000514   Section        0  finalproject.o(i.Delay)
    i.GPIODirModeSet                         0x00000520   Section        0  gpio.o(i.GPIODirModeSet)
    i.GPIOPadConfigSet                       0x00000548   Section        0  gpio.o(i.GPIOPadConfigSet)
    i.GPIOPinConfigure                       0x00000680   Section        0  gpio.o(i.GPIOPinConfigure)
    i.GPIOPinTypeGPIOInput                   0x000006c4   Section        0  gpio.o(i.GPIOPinTypeGPIOInput)
    i.GPIOPinTypeGPIOOutput                  0x000006e0   Section        0  gpio.o(i.GPIOPinTypeGPIOOutput)
    i.GPIOPinTypeI2C                         0x000006fc   Section        0  gpio.o(i.GPIOPinTypeI2C)
    i.GPIOPinTypeI2CSCL                      0x00000718   Section        0  gpio.o(i.GPIOPinTypeI2CSCL)
    i.GPIOPinTypeUART                        0x00000734   Section        0  gpio.o(i.GPIOPinTypeUART)
    i.I2C0_ReadByte                          0x00000750   Section        0  finalproject.o(i.I2C0_ReadByte)
    i.I2C0_WriteByte                         0x000007d0   Section        0  finalproject.o(i.I2C0_WriteByte)
    i.I2CMasterBusBusy                       0x00000844   Section        0  i2c.o(i.I2CMasterBusBusy)
    i.I2CMasterBusy                          0x00000850   Section        0  i2c.o(i.I2CMasterBusy)
    i.I2CMasterControl                       0x0000085c   Section        0  i2c.o(i.I2CMasterControl)
    i.I2CMasterDataGet                       0x00000860   Section        0  i2c.o(i.I2CMasterDataGet)
    i.I2CMasterDataPut                       0x00000864   Section        0  i2c.o(i.I2CMasterDataPut)
    i.I2CMasterEnable                        0x00000868   Section        0  i2c.o(i.I2CMasterEnable)
    i.I2CMasterErr                           0x00000872   Section        0  i2c.o(i.I2CMasterErr)
    i.I2CMasterInitExpClk                    0x0000088c   Section        0  i2c.o(i.I2CMasterInitExpClk)
    i.I2CMasterSlaveAddrSet                  0x000008e0   Section        0  i2c.o(i.I2CMasterSlaveAddrSet)
    i.IntEnable                              0x000008e8   Section        0  interrupt.o(i.IntEnable)
    i.IntMasterEnable                        0x0000094c   Section        0  interrupt.o(i.IntMasterEnable)
    i.IntPriorityGet                         0x0000095c   Section        0  interrupt.o(i.IntPriorityGet)
    i.IntPriorityGroupingGet                 0x00000978   Section        0  interrupt.o(i.IntPriorityGroupingGet)
    i.IntPriorityGroupingSet                 0x0000099c   Section        0  interrupt.o(i.IntPriorityGroupingSet)
    i.IntPriorityMaskGet                     0x000009b8   Section        0  interrupt.o(i.IntPriorityMaskGet)
    i.IntPrioritySet                         0x000009bc   Section        0  interrupt.o(i.IntPrioritySet)
    i.Power_On_Init                          0x000009e4   Section        0  finalproject.o(i.Power_On_Init)
    i.ReadKey                                0x00000a90   Section        0  finalproject.o(i.ReadKey)
    i.S800_GPIO_Init                         0x00000aa8   Section        0  finalproject.o(i.S800_GPIO_Init)
    i.S800_I2C0_Init                         0x00000afc   Section        0  finalproject.o(i.S800_I2C0_Init)
    i.S800_UART_Init                         0x00000b94   Section        0  finalproject.o(i.S800_UART_Init)
    i.Show                                   0x00000c04   Section        0  finalproject.o(i.Show)
    i.ShowAlarm                              0x00000c74   Section        0  finalproject.o(i.ShowAlarm)
    i.ShowDate                               0x00000ca4   Section        0  finalproject.o(i.ShowDate)
    i.ShowTime                               0x00000cd4   Section        0  finalproject.o(i.ShowTime)
    i.SysCtlClockFreqSet                     0x00000d04   Section        0  sysctl.o(i.SysCtlClockFreqSet)
    i.SysCtlPeripheralEnable                 0x00000ff0   Section        0  sysctl.o(i.SysCtlPeripheralEnable)
    i.SysCtlPeripheralReady                  0x00001018   Section        0  sysctl.o(i.SysCtlPeripheralReady)
    i.SysTickEnable                          0x00001044   Section        0  systick.o(i.SysTickEnable)
    i.SysTickIntEnable                       0x00001052   Section        0  systick.o(i.SysTickIntEnable)
    i.SysTickIntHandler                      0x00001060   Section        0  finalproject.o(i.SysTickIntHandler)
    i.SysTickPeriodSet                       0x00001224   Section        0  systick.o(i.SysTickPeriodSet)
    i.SystemInit                             0x00001230   Section        0  system_tm4c129.o(i.SystemInit)
    i.UART0_Handler                          0x00001250   Section        0  finalproject.o(i.UART0_Handler)
    i.UARTCharGetNonBlocking                 0x000012a8   Section        0  uart.o(i.UARTCharGetNonBlocking)
    i.UARTCharPut                            0x000012b8   Section        0  uart.o(i.UARTCharPut)
    i.UARTCharPutNonBlocking                 0x000012c4   Section        0  uart.o(i.UARTCharPutNonBlocking)
    i.UARTCharsAvail                         0x000012d4   Section        0  uart.o(i.UARTCharsAvail)
    i.UARTConfigSetExpClk                    0x000012de   Section        0  uart.o(i.UARTConfigSetExpClk)
    i.UARTIntClear                           0x0000134c   Section        0  uart.o(i.UARTIntClear)
    i.UARTIntEnable                          0x00001350   Section        0  uart.o(i.UARTIntEnable)
    i.UARTIntStatus                          0x00001358   Section        0  uart.o(i.UARTIntStatus)
    i.UARTStringPut                          0x00001364   Section        0  finalproject.o(i.UARTStringPut)
    i.UARTStringPutNonBlocking               0x00001380   Section        0  finalproject.o(i.UARTStringPutNonBlocking)
    i.main                                   0x0000139c   Section        0  finalproject.o(i.main)
    x$fpl$fpinit                             0x0000159c   Section       10  fpinit.o(x$fpl$fpinit)
    $v0                                      0x0000159c   Number         0  fpinit.o(x$fpl$fpinit)
    .constdata                               0x000015a8   Section      552  gpio.o(.constdata)
    g_ppui32GPIOIntMapBlizzard               0x000015a8   Data         192  gpio.o(.constdata)
    g_ppui32GPIOIntMapSnowflake              0x00001668   Data         216  gpio.o(.constdata)
    g_pui32GPIOBaseAddrs                     0x00001740   Data         144  gpio.o(.constdata)
    .constdata                               0x000017d0   Section      268  interrupt.o(.constdata)
    g_pui32Priority                          0x000017d0   Data          32  interrupt.o(.constdata)
    g_pui32Regs                              0x000017f0   Data         156  interrupt.o(.constdata)
    g_pui32EnRegs                            0x0000188c   Data          20  interrupt.o(.constdata)
    g_pui32Dii16Regs                         0x000018a0   Data          20  interrupt.o(.constdata)
    g_pui32PendRegs                          0x000018b4   Data          20  interrupt.o(.constdata)
    g_pui32UnpendRegs                        0x000018c8   Data          20  interrupt.o(.constdata)
    .constdata                               0x000018dc   Section      596  sysctl.o(.constdata)
    g_pui32VCOFrequencies                    0x000018dc   Data           8  sysctl.o(.constdata)
    g_pui32Xtals                             0x000018e4   Data         108  sysctl.o(.constdata)
    g_pppui32XTALtoVCO                       0x00001950   Data         432  sysctl.o(.constdata)
    g_sXTALtoMEMTIM                          0x00001b00   Data          48  sysctl.o(.constdata)
    .data                                    0x20000000   Section      124  finalproject.o(.data)
    .data                                    0x2000007c   Section        4  system_tm4c129.o(.data)
    .bss                                     0x20000080   Section       16  finalproject.o(.bss)
    .bss                                     0x20000090   Section       96  libspace.o(.bss)
    HEAP                                     0x200000f0   Section        0  startup_tm4c129.o(HEAP)
    STACK                                    0x200000f0   Section     1024  startup_tm4c129.o(STACK)
    Heap_Mem                                 0x200000f0   Data           0  startup_tm4c129.o(HEAP)
    Stack_Mem                                0x200000f0   Data        1024  startup_tm4c129.o(STACK)
    __initial_sp                             0x200004f0   Data           0  startup_tm4c129.o(STACK)

    Global Symbols

    Symbol Name                              Value     Ov Type        Size  Object(Section)

    BuildAttributes$$THM_ISAv4$E$P$D$K$B$S$7EM$VFPi3$EXTD16$VFPS$VFMA$PE$A:L22UL41UL21$X:L11$S22US41US21$IEEE1$IW$USESV6$~STKCKD$USESV7$~SHL$OTIME$ROPI$EBA8$UX$STANDARDLIB$REQ8$PRES8$EABIv2 0x00000000   Number         0  anon$$obj.o ABSOLUTE
    __ARM_use_no_argv                        0x00000000   Number         0  finalproject.o ABSOLUTE
    __Vectors                                0x00000000   Data           4  startup_tm4c129.o(RESET)
    __ARM_exceptions_init                     - Undefined Weak Reference
    __alloca_initialize                       - Undefined Weak Reference
    __arm_preinit_                            - Undefined Weak Reference
    __cpp_initialize__aeabi_                  - Undefined Weak Reference
    __cxa_finalize                            - Undefined Weak Reference
    __rt_locale                               - Undefined Weak Reference
    __sigvec_lookup                           - Undefined Weak Reference
    _atexit_init                              - Undefined Weak Reference
    _call_atexit_fns                          - Undefined Weak Reference
    _clock_init                               - Undefined Weak Reference
    _fp_trap_init                             - Undefined Weak Reference
    _fp_trap_shutdown                         - Undefined Weak Reference
    _get_lc_collate                           - Undefined Weak Reference
    _get_lc_ctype                             - Undefined Weak Reference
    _get_lc_monetary                          - Undefined Weak Reference
    _get_lc_numeric                           - Undefined Weak Reference
    _get_lc_time                              - Undefined Weak Reference
    _getenv_init                              - Undefined Weak Reference
    _handle_redirection                       - Undefined Weak Reference
    _init_alloc                               - Undefined Weak Reference
    _init_user_alloc                          - Undefined Weak Reference
    _initio                                   - Undefined Weak Reference
    _rand_init                                - Undefined Weak Reference
    _signal_finish                            - Undefined Weak Reference
    _signal_init                              - Undefined Weak Reference
    _terminate_alloc                          - Undefined Weak Reference
    _terminate_user_alloc                     - Undefined Weak Reference
    _terminateio                              - Undefined Weak Reference
    __Vectors_End                            0x00000200   Data           0  startup_tm4c129.o(RESET)
    __Vectors_Size                           0x00000200   Number         0  startup_tm4c129.o ABSOLUTE
    __main                                   0x00000201   Thumb Code     8  __main.o(!!!main)
    __scatterload                            0x00000209   Thumb Code     0  __scatter.o(!!!scatter)
    __scatterload_rt2                        0x00000209   Thumb Code    44  __scatter.o(!!!scatter)
    __scatterload_rt2_thumb_only             0x00000209   Thumb Code     0  __scatter.o(!!!scatter)
    __scatterload_null                       0x00000217   Thumb Code     0  __scatter.o(!!!scatter)
    __scatterload_copy                       0x0000023d   Thumb Code    26  __scatter_copy.o(!!handler_copy)
    __scatterload_zeroinit                   0x00000259   Thumb Code    28  __scatter_zi.o(!!handler_zi)
    __rt_lib_init                            0x00000275   Thumb Code     0  libinit.o(.ARM.Collect$$libinit$$00000000)
    __rt_lib_init_fp_1                       0x00000277   Thumb Code     0  libinit2.o(.ARM.Collect$$libinit$$00000001)
    __rt_lib_init_alloca_1                   0x0000027b   Thumb Code     0  libinit2.o(.ARM.Collect$$libinit$$0000002E)
    __rt_lib_init_argv_1                     0x0000027b   Thumb Code     0  libinit2.o(.ARM.Collect$$libinit$$0000002C)
    __rt_lib_init_atexit_1                   0x0000027b   Thumb Code     0  libinit2.o(.ARM.Collect$$libinit$$0000001B)
    __rt_lib_init_clock_1                    0x0000027b   Thumb Code     0  libinit2.o(.ARM.Collect$$libinit$$00000021)
    __rt_lib_init_cpp_1                      0x0000027b   Thumb Code     0  libinit2.o(.ARM.Collect$$libinit$$00000032)
    __rt_lib_init_exceptions_1               0x0000027b   Thumb Code     0  libinit2.o(.ARM.Collect$$libinit$$00000030)
    __rt_lib_init_fp_trap_1                  0x0000027b   Thumb Code     0  libinit2.o(.ARM.Collect$$libinit$$0000001F)
    __rt_lib_init_getenv_1                   0x0000027b   Thumb Code     0  libinit2.o(.ARM.Collect$$libinit$$00000023)
    __rt_lib_init_heap_1                     0x0000027b   Thumb Code     0  libinit2.o(.ARM.Collect$$libinit$$0000000A)
    __rt_lib_init_lc_collate_1               0x0000027b   Thumb Code     0  libinit2.o(.ARM.Collect$$libinit$$00000011)
    __rt_lib_init_lc_ctype_1                 0x0000027b   Thumb Code     0  libinit2.o(.ARM.Collect$$libinit$$00000013)
    __rt_lib_init_lc_monetary_1              0x0000027b   Thumb Code     0  libinit2.o(.ARM.Collect$$libinit$$00000015)
    __rt_lib_init_lc_numeric_1               0x0000027b   Thumb Code     0  libinit2.o(.ARM.Collect$$libinit$$00000017)
    __rt_lib_init_lc_time_1                  0x0000027b   Thumb Code     0  libinit2.o(.ARM.Collect$$libinit$$00000019)
    __rt_lib_init_preinit_1                  0x0000027b   Thumb Code     0  libinit2.o(.ARM.Collect$$libinit$$00000004)
    __rt_lib_init_rand_1                     0x0000027b   Thumb Code     0  libinit2.o(.ARM.Collect$$libinit$$0000000E)
    __rt_lib_init_return                     0x0000027b   Thumb Code     0  libinit2.o(.ARM.Collect$$libinit$$00000033)
    __rt_lib_init_signal_1                   0x0000027b   Thumb Code     0  libinit2.o(.ARM.Collect$$libinit$$0000001D)
    __rt_lib_init_stdio_1                    0x0000027b   Thumb Code     0  libinit2.o(.ARM.Collect$$libinit$$00000025)
    __rt_lib_init_user_alloc_1               0x0000027b   Thumb Code     0  libinit2.o(.ARM.Collect$$libinit$$0000000C)
    __rt_lib_shutdown                        0x0000027d   Thumb Code     0  libshutdown.o(.ARM.Collect$$libshutdown$$00000000)
    __rt_lib_shutdown_cpp_1                  0x0000027f   Thumb Code     0  libshutdown2.o(.ARM.Collect$$libshutdown$$00000002)
    __rt_lib_shutdown_fp_trap_1              0x0000027f   Thumb Code     0  libshutdown2.o(.ARM.Collect$$libshutdown$$00000007)
    __rt_lib_shutdown_heap_1                 0x0000027f   Thumb Code     0  libshutdown2.o(.ARM.Collect$$libshutdown$$0000000F)
    __rt_lib_shutdown_return                 0x0000027f   Thumb Code     0  libshutdown2.o(.ARM.Collect$$libshutdown$$00000010)
    __rt_lib_shutdown_signal_1               0x0000027f   Thumb Code     0  libshutdown2.o(.ARM.Collect$$libshutdown$$0000000A)
    __rt_lib_shutdown_stdio_1                0x0000027f   Thumb Code     0  libshutdown2.o(.ARM.Collect$$libshutdown$$00000004)
    __rt_lib_shutdown_user_alloc_1           0x0000027f   Thumb Code     0  libshutdown2.o(.ARM.Collect$$libshutdown$$0000000C)
    __rt_entry                               0x00000281   Thumb Code     0  __rtentry.o(.ARM.Collect$$rtentry$$00000000)
    __rt_entry_presh_1                       0x00000281   Thumb Code     0  __rtentry2.o(.ARM.Collect$$rtentry$$00000002)
    __rt_entry_sh                            0x00000281   Thumb Code     0  __rtentry4.o(.ARM.Collect$$rtentry$$00000004)
    __rt_entry_li                            0x00000287   Thumb Code     0  __rtentry2.o(.ARM.Collect$$rtentry$$0000000A)
    __rt_entry_postsh_1                      0x00000287   Thumb Code     0  __rtentry2.o(.ARM.Collect$$rtentry$$00000009)
    __rt_entry_main                          0x0000028b   Thumb Code     0  __rtentry2.o(.ARM.Collect$$rtentry$$0000000D)
    __rt_entry_postli_1                      0x0000028b   Thumb Code     0  __rtentry2.o(.ARM.Collect$$rtentry$$0000000C)
    __rt_exit                                0x00000293   Thumb Code     0  rtexit.o(.ARM.Collect$$rtexit$$00000000)
    __rt_exit_ls                             0x00000295   Thumb Code     0  rtexit2.o(.ARM.Collect$$rtexit$$00000003)
    __rt_exit_prels_1                        0x00000295   Thumb Code     0  rtexit2.o(.ARM.Collect$$rtexit$$00000002)
    __rt_exit_exit                           0x00000299   Thumb Code     0  rtexit2.o(.ARM.Collect$$rtexit$$00000004)
    CPUcpsid                                 0x000002a1   Thumb Code     8  cpu.o(.emb_text)
    CPUprimask                               0x000002a9   Thumb Code     6  cpu.o(.emb_text)
    CPUcpsie                                 0x000002af   Thumb Code     8  cpu.o(.emb_text)
    CPUwfi                                   0x000002b7   Thumb Code     4  cpu.o(.emb_text)
    CPUbasepriSet                            0x000002bb   Thumb Code     6  cpu.o(.emb_text)
    CPUbasepriGet                            0x000002c1   Thumb Code     6  cpu.o(.emb_text)
    Reset_Handler                            0x000002c9   Thumb Code     8  startup_tm4c129.o(.text)
    NMI_Handler                              0x000002d1   Thumb Code     2  startup_tm4c129.o(.text)
    HardFault_Handler                        0x000002d3   Thumb Code     2  startup_tm4c129.o(.text)
    MemManage_Handler                        0x000002d5   Thumb Code     2  startup_tm4c129.o(.text)
    BusFault_Handler                         0x000002d7   Thumb Code     2  startup_tm4c129.o(.text)
    UsageFault_Handler                       0x000002d9   Thumb Code     2  startup_tm4c129.o(.text)
    SVC_Handler                              0x000002db   Thumb Code     2  startup_tm4c129.o(.text)
    DebugMon_Handler                         0x000002dd   Thumb Code     2  startup_tm4c129.o(.text)
    PendSV_Handler                           0x000002df   Thumb Code     2  startup_tm4c129.o(.text)
    SysTick_Handler                          0x000002e1   Thumb Code     2  startup_tm4c129.o(.text)
    GPIOA_Handler                            0x000002e3   Thumb Code     2  startup_tm4c129.o(.text)
    GPIOB_Handler                            0x000002e5   Thumb Code     2  startup_tm4c129.o(.text)
    GPIOC_Handler                            0x000002e7   Thumb Code     2  startup_tm4c129.o(.text)
    GPIOD_Handler                            0x000002e9   Thumb Code     2  startup_tm4c129.o(.text)
    GPIOE_Handler                            0x000002eb   Thumb Code     2  startup_tm4c129.o(.text)
    UART1_Handler                            0x000002ef   Thumb Code     2  startup_tm4c129.o(.text)
    SSI0_Handler                             0x000002f1   Thumb Code     2  startup_tm4c129.o(.text)
    I2C0_Handler                             0x000002f3   Thumb Code     2  startup_tm4c129.o(.text)
    PMW0_FAULT_Handler                       0x000002f5   Thumb Code     2  startup_tm4c129.o(.text)
    PWM0_0_Handler                           0x000002f7   Thumb Code     2  startup_tm4c129.o(.text)
    PWM0_1_Handler                           0x000002f9   Thumb Code     2  startup_tm4c129.o(.text)
    PWM0_2_Handler                           0x000002fb   Thumb Code     2  startup_tm4c129.o(.text)
    QEI0_Handler                             0x000002fd   Thumb Code     2  startup_tm4c129.o(.text)
    ADC0SS0_Handler                          0x000002ff   Thumb Code     2  startup_tm4c129.o(.text)
    ADC0SS1_Handler                          0x00000301   Thumb Code     2  startup_tm4c129.o(.text)
    ADC0SS2_Handler                          0x00000303   Thumb Code     2  startup_tm4c129.o(.text)
    ADC0SS3_Handler                          0x00000305   Thumb Code     2  startup_tm4c129.o(.text)
    WDT0_Handler                             0x00000307   Thumb Code     2  startup_tm4c129.o(.text)
    TIMER0A_Handler                          0x00000309   Thumb Code     2  startup_tm4c129.o(.text)
    TIMER0B_Handler                          0x0000030b   Thumb Code     2  startup_tm4c129.o(.text)
    TIMER1A_Handler                          0x0000030d   Thumb Code     2  startup_tm4c129.o(.text)
    TIMER1B_Handler                          0x0000030f   Thumb Code     2  startup_tm4c129.o(.text)
    TIMER2A_Handler                          0x00000311   Thumb Code     2  startup_tm4c129.o(.text)
    TIMER2B_Handler                          0x00000313   Thumb Code     2  startup_tm4c129.o(.text)
    COMP0_Handler                            0x00000315   Thumb Code     2  startup_tm4c129.o(.text)
    COMP1_Handler                            0x00000317   Thumb Code     2  startup_tm4c129.o(.text)
    COMP2_Handler                            0x00000319   Thumb Code     2  startup_tm4c129.o(.text)
    SYSCTL_Handler                           0x0000031b   Thumb Code     2  startup_tm4c129.o(.text)
    FLASH_Handler                            0x0000031d   Thumb Code     2  startup_tm4c129.o(.text)
    GPIOF_Handler                            0x0000031f   Thumb Code     2  startup_tm4c129.o(.text)
    GPIOG_Handler                            0x00000321   Thumb Code     2  startup_tm4c129.o(.text)
    GPIOH_Handler                            0x00000323   Thumb Code     2  startup_tm4c129.o(.text)
    UART2_Handler                            0x00000325   Thumb Code     2  startup_tm4c129.o(.text)
    SSI1_Handler                             0x00000327   Thumb Code     2  startup_tm4c129.o(.text)
    TIMER3A_Handler                          0x00000329   Thumb Code     2  startup_tm4c129.o(.text)
    TIMER3B_Handler                          0x0000032b   Thumb Code     2  startup_tm4c129.o(.text)
    I2C1_Handler                             0x0000032d   Thumb Code     2  startup_tm4c129.o(.text)
    CAN0_Handler                             0x0000032f   Thumb Code     2  startup_tm4c129.o(.text)
    CAN1_Handler                             0x00000331   Thumb Code     2  startup_tm4c129.o(.text)
    ETH_Handler                              0x00000333   Thumb Code     2  startup_tm4c129.o(.text)
    HIB_Handler                              0x00000335   Thumb Code     2  startup_tm4c129.o(.text)
    USB0_Handler                             0x00000337   Thumb Code     2  startup_tm4c129.o(.text)
    PWM0_3_Handler                           0x00000339   Thumb Code     2  startup_tm4c129.o(.text)
    UDMA_Handler                             0x0000033b   Thumb Code     2  startup_tm4c129.o(.text)
    UDMAERR_Handler                          0x0000033d   Thumb Code     2  startup_tm4c129.o(.text)
    ADC1SS0_Handler                          0x0000033f   Thumb Code     2  startup_tm4c129.o(.text)
    ADC1SS1_Handler                          0x00000341   Thumb Code     2  startup_tm4c129.o(.text)
    ADC1SS2_Handler                          0x00000343   Thumb Code     2  startup_tm4c129.o(.text)
    ADC1SS3_Handler                          0x00000345   Thumb Code     2  startup_tm4c129.o(.text)
    EBI0_Handler                             0x00000347   Thumb Code     2  startup_tm4c129.o(.text)
    GPIOJ_Handler                            0x00000349   Thumb Code     2  startup_tm4c129.o(.text)
    GPIOK_Handler                            0x0000034b   Thumb Code     2  startup_tm4c129.o(.text)
    GPIOL_Handler                            0x0000034d   Thumb Code     2  startup_tm4c129.o(.text)
    SSI2_Handler                             0x0000034f   Thumb Code     2  startup_tm4c129.o(.text)
    SSI3_Handler                             0x00000351   Thumb Code     2  startup_tm4c129.o(.text)
    UART3_Handler                            0x00000353   Thumb Code     2  startup_tm4c129.o(.text)
    UART4_Handler                            0x00000355   Thumb Code     2  startup_tm4c129.o(.text)
    UART5_Handler                            0x00000357   Thumb Code     2  startup_tm4c129.o(.text)
    UART6_Handler                            0x00000359   Thumb Code     2  startup_tm4c129.o(.text)
    UART7_Handler                            0x0000035b   Thumb Code     2  startup_tm4c129.o(.text)
    I2C2_Handler                             0x0000035d   Thumb Code     2  startup_tm4c129.o(.text)
    I2C3_Handler                             0x0000035f   Thumb Code     2  startup_tm4c129.o(.text)
    TIMER4A_Handler                          0x00000361   Thumb Code     2  startup_tm4c129.o(.text)
    TIMER4B_Handler                          0x00000363   Thumb Code     2  startup_tm4c129.o(.text)
    TIMER5A_Handler                          0x00000365   Thumb Code     2  startup_tm4c129.o(.text)
    TIMER5B_Handler                          0x00000367   Thumb Code     2  startup_tm4c129.o(.text)
    WTIMER0A_Handler                         0x00000369   Thumb Code     2  startup_tm4c129.o(.text)
    WTIMER0B_Handler                         0x0000036b   Thumb Code     2  startup_tm4c129.o(.text)
    WTIMER1A_Handler                         0x0000036d   Thumb Code     2  startup_tm4c129.o(.text)
    WTIMER1B_Handler                         0x0000036f   Thumb Code     2  startup_tm4c129.o(.text)
    WTIMER2A_Handler                         0x00000371   Thumb Code     2  startup_tm4c129.o(.text)
    WTIMER2B_Handler                         0x00000373   Thumb Code     2  startup_tm4c129.o(.text)
    WTIMER3A_Handler                         0x00000375   Thumb Code     2  startup_tm4c129.o(.text)
    WTIMER3B_Handler                         0x00000377   Thumb Code     2  startup_tm4c129.o(.text)
    WTIMER4A_Handler                         0x00000379   Thumb Code     2  startup_tm4c129.o(.text)
    WTIMER4B_Handler                         0x0000037b   Thumb Code     2  startup_tm4c129.o(.text)
    WTIMER5A_Handler                         0x0000037d   Thumb Code     2  startup_tm4c129.o(.text)
    WTIMER5B_Handler                         0x0000037f   Thumb Code     2  startup_tm4c129.o(.text)
    FPU_Handler                              0x00000381   Thumb Code     2  startup_tm4c129.o(.text)
    I2C4_Handler                             0x00000383   Thumb Code     2  startup_tm4c129.o(.text)
    I2C5_Handler                             0x00000385   Thumb Code     2  startup_tm4c129.o(.text)
    GPIOM_Handler                            0x00000387   Thumb Code     2  startup_tm4c129.o(.text)
    GPION_Handler                            0x00000389   Thumb Code     2  startup_tm4c129.o(.text)
    TAMPER_Handler                           0x0000038b   Thumb Code     2  startup_tm4c129.o(.text)
    GPIOP0_Handler                           0x0000038d   Thumb Code     2  startup_tm4c129.o(.text)
    GPIOP1_Handler                           0x0000038f   Thumb Code     2  startup_tm4c129.o(.text)
    GPIOP2_Handler                           0x00000391   Thumb Code     2  startup_tm4c129.o(.text)
    GPIOP3_Handler                           0x00000393   Thumb Code     2  startup_tm4c129.o(.text)
    GPIOP4_Handler                           0x00000395   Thumb Code     2  startup_tm4c129.o(.text)
    GPIOP5_Handler                           0x00000397   Thumb Code     2  startup_tm4c129.o(.text)
    GPIOP6_Handler                           0x00000399   Thumb Code     2  startup_tm4c129.o(.text)
    GPIOP7_Handler                           0x0000039b   Thumb Code     2  startup_tm4c129.o(.text)
    GPIOQ0_Handler                           0x0000039d   Thumb Code     2  startup_tm4c129.o(.text)
    GPIOQ1_Handler                           0x0000039f   Thumb Code     2  startup_tm4c129.o(.text)
    GPIOQ2_Handler                           0x000003a1   Thumb Code     2  startup_tm4c129.o(.text)
    GPIOQ3_Handler                           0x000003a3   Thumb Code     2  startup_tm4c129.o(.text)
    GPIOQ4_Handler                           0x000003a5   Thumb Code     2  startup_tm4c129.o(.text)
    GPIOQ5_Handler                           0x000003a7   Thumb Code     2  startup_tm4c129.o(.text)
    GPIOQ6_Handler                           0x000003a9   Thumb Code     2  startup_tm4c129.o(.text)
    GPIOQ7_Handler                           0x000003ab   Thumb Code     2  startup_tm4c129.o(.text)
    GPIOR_Handler                            0x000003ad   Thumb Code     2  startup_tm4c129.o(.text)
    GPIOS_Handler                            0x000003af   Thumb Code     2  startup_tm4c129.o(.text)
    SHAMD5_Handler                           0x000003b1   Thumb Code     2  startup_tm4c129.o(.text)
    AES_Handler                              0x000003b3   Thumb Code     2  startup_tm4c129.o(.text)
    DES3DES_Handler                          0x000003b5   Thumb Code     2  startup_tm4c129.o(.text)
    LCDCONTROLLER_Handler                    0x000003b7   Thumb Code     2  startup_tm4c129.o(.text)
    TIMER6A_Handler                          0x000003b9   Thumb Code     2  startup_tm4c129.o(.text)
    TIMER6B_Handler                          0x000003bb   Thumb Code     2  startup_tm4c129.o(.text)
    TIMER7A_Handler                          0x000003bd   Thumb Code     2  startup_tm4c129.o(.text)
    TIMER7B_Handler                          0x000003bf   Thumb Code     2  startup_tm4c129.o(.text)
    I2C6_Handler                             0x000003c1   Thumb Code     2  startup_tm4c129.o(.text)
    I2C7_Handler                             0x000003c3   Thumb Code     2  startup_tm4c129.o(.text)
    HIMSCANKEYBOARD_Handler                  0x000003c5   Thumb Code     2  startup_tm4c129.o(.text)
    ONEWIRE_Handler                          0x000003c7   Thumb Code     2  startup_tm4c129.o(.text)
    HIMPS2_Handler                           0x000003c9   Thumb Code     2  startup_tm4c129.o(.text)
    HIMLEDSEQUENCER_Handler                  0x000003cb   Thumb Code     2  startup_tm4c129.o(.text)
    HIMCONSUMERIR_Handler                    0x000003cd   Thumb Code     2  startup_tm4c129.o(.text)
    I2C8_Handler                             0x000003cf   Thumb Code     2  startup_tm4c129.o(.text)
    I2C9_Handler                             0x000003d1   Thumb Code     2  startup_tm4c129.o(.text)
    GPIOT_Handler                            0x000003d3   Thumb Code     2  startup_tm4c129.o(.text)
    __user_initial_stackheap                 0x000003d5   Thumb Code     0  startup_tm4c129.o(.text)
    __use_two_region_memory                  0x000003f5   Thumb Code     2  heapauxi.o(.text)
    __rt_heap_escrow$2region                 0x000003f7   Thumb Code     2  heapauxi.o(.text)
    __rt_heap_expand$2region                 0x000003f9   Thumb Code     2  heapauxi.o(.text)
    __user_setup_stackheap                   0x000003fb   Thumb Code    74  sys_stackheap_outer.o(.text)
    exit                                     0x00000445   Thumb Code    18  exit.o(.text)
    __user_libspace                          0x00000459   Thumb Code     8  libspace.o(.text)
    __user_perproc_libspace                  0x00000459   Thumb Code     0  libspace.o(.text)
    __user_perthread_libspace                0x00000459   Thumb Code     0  libspace.o(.text)
    _sys_exit                                0x00000461   Thumb Code     8  sys_exit.o(.text)
    __I$use$semihosting                      0x0000046d   Thumb Code     0  use_no_semi.o(.text)
    __use_no_semihosting_swi                 0x0000046d   Thumb Code     2  use_no_semi.o(.text)
    __semihosting_library_function           0x0000046f   Thumb Code     0  indicate_semi.o(.text)
    Blank                                    0x00000471   Thumb Code    46  finalproject.o(i.Blank)
    CheckStateSwitch                         0x000004a5   Thumb Code   106  finalproject.o(i.CheckStateSwitch)
    Delay                                    0x00000515   Thumb Code    12  finalproject.o(i.Delay)
    GPIODirModeSet                           0x00000521   Thumb Code    40  gpio.o(i.GPIODirModeSet)
    GPIOPadConfigSet                         0x00000549   Thumb Code   312  gpio.o(i.GPIOPadConfigSet)
    GPIOPinConfigure                         0x00000681   Thumb Code    60  gpio.o(i.GPIOPinConfigure)
    GPIOPinTypeGPIOInput                     0x000006c5   Thumb Code    28  gpio.o(i.GPIOPinTypeGPIOInput)
    GPIOPinTypeGPIOOutput                    0x000006e1   Thumb Code    28  gpio.o(i.GPIOPinTypeGPIOOutput)
    GPIOPinTypeI2C                           0x000006fd   Thumb Code    28  gpio.o(i.GPIOPinTypeI2C)
    GPIOPinTypeI2CSCL                        0x00000719   Thumb Code    28  gpio.o(i.GPIOPinTypeI2CSCL)
    GPIOPinTypeUART                          0x00000735   Thumb Code    28  gpio.o(i.GPIOPinTypeUART)
    I2C0_ReadByte                            0x00000751   Thumb Code   122  finalproject.o(i.I2C0_ReadByte)
    I2C0_WriteByte                           0x000007d1   Thumb Code   110  finalproject.o(i.I2C0_WriteByte)
    I2CMasterBusBusy                         0x00000845   Thumb Code    12  i2c.o(i.I2CMasterBusBusy)
    I2CMasterBusy                            0x00000851   Thumb Code    12  i2c.o(i.I2CMasterBusy)
    I2CMasterControl                         0x0000085d   Thumb Code     4  i2c.o(i.I2CMasterControl)
    I2CMasterDataGet                         0x00000861   Thumb Code     4  i2c.o(i.I2CMasterDataGet)
    I2CMasterDataPut                         0x00000865   Thumb Code     4  i2c.o(i.I2CMasterDataPut)
    I2CMasterEnable                          0x00000869   Thumb Code    10  i2c.o(i.I2CMasterEnable)
    I2CMasterErr                             0x00000873   Thumb Code    24  i2c.o(i.I2CMasterErr)
    I2CMasterInitExpClk                      0x0000088d   Thumb Code    72  i2c.o(i.I2CMasterInitExpClk)
    I2CMasterSlaveAddrSet                    0x000008e1   Thumb Code     8  i2c.o(i.I2CMasterSlaveAddrSet)
    IntEnable                                0x000008e9   Thumb Code    92  interrupt.o(i.IntEnable)
    IntMasterEnable                          0x0000094d   Thumb Code    14  interrupt.o(i.IntMasterEnable)
    IntPriorityGet                           0x0000095d   Thumb Code    22  interrupt.o(i.IntPriorityGet)
    IntPriorityGroupingGet                   0x00000979   Thumb Code    28  interrupt.o(i.IntPriorityGroupingGet)
    IntPriorityGroupingSet                   0x0000099d   Thumb Code    20  interrupt.o(i.IntPriorityGroupingSet)
    IntPriorityMaskGet                       0x000009b9   Thumb Code     4  interrupt.o(i.IntPriorityMaskGet)
    IntPrioritySet                           0x000009bd   Thumb Code    36  interrupt.o(i.IntPrioritySet)
    Power_On_Init                            0x000009e5   Thumb Code   138  finalproject.o(i.Power_On_Init)
    ReadKey                                  0x00000a91   Thumb Code    20  finalproject.o(i.ReadKey)
    S800_GPIO_Init                           0x00000aa9   Thumb Code    72  finalproject.o(i.S800_GPIO_Init)
    S800_I2C0_Init                           0x00000afd   Thumb Code   122  finalproject.o(i.S800_I2C0_Init)
    S800_UART_Init                           0x00000b95   Thumb Code    74  finalproject.o(i.S800_UART_Init)
    Show                                     0x00000c05   Thumb Code   100  finalproject.o(i.Show)
    ShowAlarm                                0x00000c75   Thumb Code    38  finalproject.o(i.ShowAlarm)
    ShowDate                                 0x00000ca5   Thumb Code    38  finalproject.o(i.ShowDate)
    ShowTime                                 0x00000cd5   Thumb Code    38  finalproject.o(i.ShowTime)
    SysCtlClockFreqSet                       0x00000d05   Thumb Code   706  sysctl.o(i.SysCtlClockFreqSet)
    SysCtlPeripheralEnable                   0x00000ff1   Thumb Code    36  sysctl.o(i.SysCtlPeripheralEnable)
    SysCtlPeripheralReady                    0x00001019   Thumb Code    40  sysctl.o(i.SysCtlPeripheralReady)
    SysTickEnable                            0x00001045   Thumb Code    14  systick.o(i.SysTickEnable)
    SysTickIntEnable                         0x00001053   Thumb Code    14  systick.o(i.SysTickIntEnable)
    SysTickIntHandler                        0x00001061   Thumb Code   426  finalproject.o(i.SysTickIntHandler)
    SysTickPeriodSet                         0x00001225   Thumb Code    10  systick.o(i.SysTickPeriodSet)
    SystemInit                               0x00001231   Thumb Code    20  system_tm4c129.o(i.SystemInit)
    UART0_Handler                            0x00001251   Thumb Code    68  finalproject.o(i.UART0_Handler)
    UARTCharGetNonBlocking                   0x000012a9   Thumb Code    16  uart.o(i.UARTCharGetNonBlocking)
    UARTCharPut                              0x000012b9   Thumb Code    12  uart.o(i.UARTCharPut)
    UARTCharPutNonBlocking                   0x000012c5   Thumb Code    16  uart.o(i.UARTCharPutNonBlocking)
    UARTCharsAvail                           0x000012d5   Thumb Code    10  uart.o(i.UARTCharsAvail)
    UARTConfigSetExpClk                      0x000012df   Thumb Code   110  uart.o(i.UARTConfigSetExpClk)
    UARTIntClear                             0x0000134d   Thumb Code     4  uart.o(i.UARTIntClear)
    UARTIntEnable                            0x00001351   Thumb Code     8  uart.o(i.UARTIntEnable)
    UARTIntStatus                            0x00001359   Thumb Code    10  uart.o(i.UARTIntStatus)
    UARTStringPut                            0x00001365   Thumb Code    24  finalproject.o(i.UARTStringPut)
    UARTStringPutNonBlocking                 0x00001381   Thumb Code    24  finalproject.o(i.UARTStringPutNonBlocking)
    main                                     0x0000139d   Thumb Code   444  finalproject.o(i.main)
    _fp_init                                 0x0000159d   Thumb Code    10  fpinit.o(x$fpl$fpinit)
    __fplib_config_fpu_vfp                   0x000015a5   Thumb Code     0  fpinit.o(x$fpl$fpinit)
    __fplib_config_pureend_doubles           0x000015a5   Thumb Code     0  fpinit.o(x$fpl$fpinit)
    Region$$Table$$Base                      0x00001b30   Number         0  anon$$obj.o(Region$$Table)
    Region$$Table$$Limit                     0x00001b50   Number         0  anon$$obj.o(Region$$Table)
    result                                   0x20000000   Data           1  finalproject.o(.data)
    ui32SysClock                             0x20000004   Data           4  finalproject.o(.data)
    ui32IntPriorityGroup                     0x20000008   Data           4  finalproject.o(.data)
    ui32IntPriorityMask                      0x2000000c   Data           4  finalproject.o(.data)
    ui32IntPrioritySystick                   0x20000010   Data           4  finalproject.o(.data)
    ui32IntPriorityUart0                     0x20000014   Data           4  finalproject.o(.data)
    num_seg7                                 0x20000018   Data          47  finalproject.o(.data)
    Buffer                                   0x20000047   Data           8  finalproject.o(.data)
    Time_buffer                              0x2000004f   Data           8  finalproject.o(.data)
    Date_buffer                              0x20000057   Data           8  finalproject.o(.data)
    Alarm_buffer                             0x2000005f   Data           8  finalproject.o(.data)
    Blank_buffer                             0x20000067   Data           8  finalproject.o(.data)
    currentMode                              0x2000006f   Data           1  finalproject.o(.data)
    currentState                             0x20000070   Data           1  finalproject.o(.data)
    currentKey                               0x20000071   Data           1  finalproject.o(.data)
    lastKeyState                             0x20000072   Data           1  finalproject.o(.data)
    float_cnt                                0x20000074   Data           4  finalproject.o(.data)
    time_cnt                                 0x20000078   Data           2  finalproject.o(.data)
    left_float_speed                         0x2000007a   Data           1  finalproject.o(.data)
    right_float_speed                        0x2000007b   Data           1  finalproject.o(.data)
    SystemCoreClock                          0x2000007c   Data           4  system_tm4c129.o(.data)
    Float_buffer                             0x20000080   Data          16  finalproject.o(.bss)
    __libspace_start                         0x20000090   Data          96  libspace.o(.bss)
    __temporary_stack_top$libspace           0x200000f0   Data           0  libspace.o(.bss)



==============================================================================

Memory Map of the image

  Image Entry point : 0x00000201

  Load Region LR_IROM1 (Base: 0x00000000, Size: 0x00001bd0, Max: 0x00100000, ABSOLUTE)

    Execution Region ER_IROM1 (Exec base: 0x00000000, Load base: 0x00000000, Size: 0x00001b50, Max: 0x00100000, ABSOLUTE)

    Exec Addr    Load Addr    Size         Type   Attr      Idx    E Section Name        Object

    0x00000000   0x00000000   0x00000200   Data   RO          183    RESET               startup_tm4c129.o
    0x00000200   0x00000200   0x00000008   Code   RO         1748  * !!!main             c_w.l(__main.o)
    0x00000208   0x00000208   0x00000034   Code   RO         1905    !!!scatter          c_w.l(__scatter.o)
    0x0000023c   0x0000023c   0x0000001a   Code   RO         1907    !!handler_copy      c_w.l(__scatter_copy.o)
    0x00000256   0x00000256   0x00000002   PAD
    0x00000258   0x00000258   0x0000001c   Code   RO         1909    !!handler_zi        c_w.l(__scatter_zi.o)
    0x00000274   0x00000274   0x00000002   Code   RO         1775    .ARM.Collect$$libinit$$00000000  c_w.l(libinit.o)
    0x00000276   0x00000276   0x00000004   Code   RO         1781    .ARM.Collect$$libinit$$00000001  c_w.l(libinit2.o)
    0x0000027a   0x0000027a   0x00000000   Code   RO         1784    .ARM.Collect$$libinit$$00000004  c_w.l(libinit2.o)
    0x0000027a   0x0000027a   0x00000000   Code   RO         1787    .ARM.Collect$$libinit$$0000000A  c_w.l(libinit2.o)
    0x0000027a   0x0000027a   0x00000000   Code   RO         1789    .ARM.Collect$$libinit$$0000000C  c_w.l(libinit2.o)
    0x0000027a   0x0000027a   0x00000000   Code   RO         1791    .ARM.Collect$$libinit$$0000000E  c_w.l(libinit2.o)
    0x0000027a   0x0000027a   0x00000000   Code   RO         1794    .ARM.Collect$$libinit$$00000011  c_w.l(libinit2.o)
    0x0000027a   0x0000027a   0x00000000   Code   RO         1796    .ARM.Collect$$libinit$$00000013  c_w.l(libinit2.o)
    0x0000027a   0x0000027a   0x00000000   Code   RO         1798    .ARM.Collect$$libinit$$00000015  c_w.l(libinit2.o)
    0x0000027a   0x0000027a   0x00000000   Code   RO         1800    .ARM.Collect$$libinit$$00000017  c_w.l(libinit2.o)
    0x0000027a   0x0000027a   0x00000000   Code   RO         1802    .ARM.Collect$$libinit$$00000019  c_w.l(libinit2.o)
    0x0000027a   0x0000027a   0x00000000   Code   RO         1804    .ARM.Collect$$libinit$$0000001B  c_w.l(libinit2.o)
    0x0000027a   0x0000027a   0x00000000   Code   RO         1806    .ARM.Collect$$libinit$$0000001D  c_w.l(libinit2.o)
    0x0000027a   0x0000027a   0x00000000   Code   RO         1808    .ARM.Collect$$libinit$$0000001F  c_w.l(libinit2.o)
    0x0000027a   0x0000027a   0x00000000   Code   RO         1810    .ARM.Collect$$libinit$$00000021  c_w.l(libinit2.o)
    0x0000027a   0x0000027a   0x00000000   Code   RO         1812    .ARM.Collect$$libinit$$00000023  c_w.l(libinit2.o)
    0x0000027a   0x0000027a   0x00000000   Code   RO         1814    .ARM.Collect$$libinit$$00000025  c_w.l(libinit2.o)
    0x0000027a   0x0000027a   0x00000000   Code   RO         1818    .ARM.Collect$$libinit$$0000002C  c_w.l(libinit2.o)
    0x0000027a   0x0000027a   0x00000000   Code   RO         1820    .ARM.Collect$$libinit$$0000002E  c_w.l(libinit2.o)
    0x0000027a   0x0000027a   0x00000000   Code   RO         1822    .ARM.Collect$$libinit$$00000030  c_w.l(libinit2.o)
    0x0000027a   0x0000027a   0x00000000   Code   RO         1824    .ARM.Collect$$libinit$$00000032  c_w.l(libinit2.o)
    0x0000027a   0x0000027a   0x00000002   Code   RO         1825    .ARM.Collect$$libinit$$00000033  c_w.l(libinit2.o)
    0x0000027c   0x0000027c   0x00000002   Code   RO         1845    .ARM.Collect$$libshutdown$$00000000  c_w.l(libshutdown.o)
    0x0000027e   0x0000027e   0x00000000   Code   RO         1858    .ARM.Collect$$libshutdown$$00000002  c_w.l(libshutdown2.o)
    0x0000027e   0x0000027e   0x00000000   Code   RO         1860    .ARM.Collect$$libshutdown$$00000004  c_w.l(libshutdown2.o)
    0x0000027e   0x0000027e   0x00000000   Code   RO         1863    .ARM.Collect$$libshutdown$$00000007  c_w.l(libshutdown2.o)
    0x0000027e   0x0000027e   0x00000000   Code   RO         1866    .ARM.Collect$$libshutdown$$0000000A  c_w.l(libshutdown2.o)
    0x0000027e   0x0000027e   0x00000000   Code   RO         1868    .ARM.Collect$$libshutdown$$0000000C  c_w.l(libshutdown2.o)
    0x0000027e   0x0000027e   0x00000000   Code   RO         1871    .ARM.Collect$$libshutdown$$0000000F  c_w.l(libshutdown2.o)
    0x0000027e   0x0000027e   0x00000002   Code   RO         1872    .ARM.Collect$$libshutdown$$00000010  c_w.l(libshutdown2.o)
    0x00000280   0x00000280   0x00000000   Code   RO         1750    .ARM.Collect$$rtentry$$00000000  c_w.l(__rtentry.o)
    0x00000280   0x00000280   0x00000000   Code   RO         1752    .ARM.Collect$$rtentry$$00000002  c_w.l(__rtentry2.o)
    0x00000280   0x00000280   0x00000006   Code   RO         1764    .ARM.Collect$$rtentry$$00000004  c_w.l(__rtentry4.o)
    0x00000286   0x00000286   0x00000000   Code   RO         1754    .ARM.Collect$$rtentry$$00000009  c_w.l(__rtentry2.o)
    0x00000286   0x00000286   0x00000004   Code   RO         1755    .ARM.Collect$$rtentry$$0000000A  c_w.l(__rtentry2.o)
    0x0000028a   0x0000028a   0x00000000   Code   RO         1757    .ARM.Collect$$rtentry$$0000000C  c_w.l(__rtentry2.o)
    0x0000028a   0x0000028a   0x00000008   Code   RO         1758    .ARM.Collect$$rtentry$$0000000D  c_w.l(__rtentry2.o)
    0x00000292   0x00000292   0x00000002   Code   RO         1779    .ARM.Collect$$rtexit$$00000000  c_w.l(rtexit.o)
    0x00000294   0x00000294   0x00000000   Code   RO         1827    .ARM.Collect$$rtexit$$00000002  c_w.l(rtexit2.o)
    0x00000294   0x00000294   0x00000004   Code   RO         1828    .ARM.Collect$$rtexit$$00000003  c_w.l(rtexit2.o)
    0x00000298   0x00000298   0x00000006   Code   RO         1829    .ARM.Collect$$rtexit$$00000004  c_w.l(rtexit2.o)
    0x0000029e   0x0000029e   0x00000002   PAD
    0x000002a0   0x000002a0   0x00000026   Code   RO         1734    .emb_text           driverlib.lib(cpu.o)
    0x000002c6   0x000002c6   0x00000002   PAD
    0x000002c8   0x000002c8   0x0000012c   Code   RO          184    .text               startup_tm4c129.o
    0x000003f4   0x000003f4   0x00000006   Code   RO         1746    .text               c_w.l(heapauxi.o)
    0x000003fa   0x000003fa   0x0000004a   Code   RO         1766    .text               c_w.l(sys_stackheap_outer.o)
    0x00000444   0x00000444   0x00000012   Code   RO         1768    .text               c_w.l(exit.o)
    0x00000456   0x00000456   0x00000002   PAD
    0x00000458   0x00000458   0x00000008   Code   RO         1776    .text               c_w.l(libspace.o)
    0x00000460   0x00000460   0x0000000c   Code   RO         1837    .text               c_w.l(sys_exit.o)
    0x0000046c   0x0000046c   0x00000002   Code   RO         1848    .text               c_w.l(use_no_semi.o)
    0x0000046e   0x0000046e   0x00000000   Code   RO         1850    .text               c_w.l(indicate_semi.o)
    0x0000046e   0x0000046e   0x00000002   PAD
    0x00000470   0x00000470   0x00000034   Code   RO            1    i.Blank             finalproject.o
    0x000004a4   0x000004a4   0x00000070   Code   RO            2    i.CheckStateSwitch  finalproject.o
    0x00000514   0x00000514   0x0000000c   Code   RO            4    i.Delay             finalproject.o
    0x00000520   0x00000520   0x00000028   Code   RO          249    i.GPIODirModeSet    driverlib.lib(gpio.o)
    0x00000548   0x00000548   0x00000138   Code   RO          261    i.GPIOPadConfigSet  driverlib.lib(gpio.o)
    0x00000680   0x00000680   0x00000044   Code   RO          262    i.GPIOPinConfigure  driverlib.lib(gpio.o)
    0x000006c4   0x000006c4   0x0000001c   Code   RO          272    i.GPIOPinTypeGPIOInput  driverlib.lib(gpio.o)
    0x000006e0   0x000006e0   0x0000001c   Code   RO          273    i.GPIOPinTypeGPIOOutput  driverlib.lib(gpio.o)
    0x000006fc   0x000006fc   0x0000001c   Code   RO          276    i.GPIOPinTypeI2C    driverlib.lib(gpio.o)
    0x00000718   0x00000718   0x0000001c   Code   RO          277    i.GPIOPinTypeI2CSCL  driverlib.lib(gpio.o)
    0x00000734   0x00000734   0x0000001c   Code   RO          285    i.GPIOPinTypeUART   driverlib.lib(gpio.o)
    0x00000750   0x00000750   0x00000080   Code   RO            5    i.I2C0_ReadByte     finalproject.o
    0x000007d0   0x000007d0   0x00000074   Code   RO            6    i.I2C0_WriteByte    finalproject.o
    0x00000844   0x00000844   0x0000000c   Code   RO          585    i.I2CMasterBusBusy  driverlib.lib(i2c.o)
    0x00000850   0x00000850   0x0000000c   Code   RO          586    i.I2CMasterBusy     driverlib.lib(i2c.o)
    0x0000085c   0x0000085c   0x00000004   Code   RO          587    i.I2CMasterControl  driverlib.lib(i2c.o)
    0x00000860   0x00000860   0x00000004   Code   RO          588    i.I2CMasterDataGet  driverlib.lib(i2c.o)
    0x00000864   0x00000864   0x00000004   Code   RO          589    i.I2CMasterDataPut  driverlib.lib(i2c.o)
    0x00000868   0x00000868   0x0000000a   Code   RO          591    i.I2CMasterEnable   driverlib.lib(i2c.o)
    0x00000872   0x00000872   0x00000018   Code   RO          592    i.I2CMasterErr      driverlib.lib(i2c.o)
    0x0000088a   0x0000088a   0x00000002   PAD
    0x0000088c   0x0000088c   0x00000054   Code   RO          594    i.I2CMasterInitExpClk  driverlib.lib(i2c.o)
    0x000008e0   0x000008e0   0x00000008   Code   RO          604    i.I2CMasterSlaveAddrSet  driverlib.lib(i2c.o)
    0x000008e8   0x000008e8   0x00000064   Code   RO          913    i.IntEnable         driverlib.lib(interrupt.o)
    0x0000094c   0x0000094c   0x0000000e   Code   RO          916    i.IntMasterEnable   driverlib.lib(interrupt.o)
    0x0000095a   0x0000095a   0x00000002   PAD
    0x0000095c   0x0000095c   0x0000001c   Code   RO          919    i.IntPriorityGet    driverlib.lib(interrupt.o)
    0x00000978   0x00000978   0x00000024   Code   RO          920    i.IntPriorityGroupingGet  driverlib.lib(interrupt.o)
    0x0000099c   0x0000099c   0x0000001c   Code   RO          921    i.IntPriorityGroupingSet  driverlib.lib(interrupt.o)
    0x000009b8   0x000009b8   0x00000004   Code   RO          922    i.IntPriorityMaskGet  driverlib.lib(interrupt.o)
    0x000009bc   0x000009bc   0x00000028   Code   RO          924    i.IntPrioritySet    driverlib.lib(interrupt.o)
    0x000009e4   0x000009e4   0x000000ac   Code   RO            7    i.Power_On_Init     finalproject.o
    0x00000a90   0x00000a90   0x00000018   Code   RO            8    i.ReadKey           finalproject.o
    0x00000aa8   0x00000aa8   0x00000054   Code   RO            9    i.S800_GPIO_Init    finalproject.o
    0x00000afc   0x00000afc   0x00000098   Code   RO           10    i.S800_I2C0_Init    finalproject.o
    0x00000b94   0x00000b94   0x00000070   Code   RO           11    i.S800_UART_Init    finalproject.o
    0x00000c04   0x00000c04   0x00000070   Code   RO           12    i.Show              finalproject.o
    0x00000c74   0x00000c74   0x00000030   Code   RO           13    i.ShowAlarm         finalproject.o
    0x00000ca4   0x00000ca4   0x00000030   Code   RO           14    i.ShowDate          finalproject.o
    0x00000cd4   0x00000cd4   0x00000030   Code   RO           15    i.ShowTime          finalproject.o
    0x00000d04   0x00000d04   0x000002ec   Code   RO         1030    i.SysCtlClockFreqSet  driverlib.lib(sysctl.o)
    0x00000ff0   0x00000ff0   0x00000028   Code   RO         1062    i.SysCtlPeripheralEnable  driverlib.lib(sysctl.o)
    0x00001018   0x00001018   0x0000002c   Code   RO         1066    i.SysCtlPeripheralReady  driverlib.lib(sysctl.o)
    0x00001044   0x00001044   0x0000000e   Code   RO         1377    i.SysTickEnable     driverlib.lib(systick.o)
    0x00001052   0x00001052   0x0000000e   Code   RO         1379    i.SysTickIntEnable  driverlib.lib(systick.o)
    0x00001060   0x00001060   0x000001c4   Code   RO           16    i.SysTickIntHandler  finalproject.o
    0x00001224   0x00001224   0x0000000a   Code   RO         1383    i.SysTickPeriodSet  driverlib.lib(systick.o)
    0x0000122e   0x0000122e   0x00000002   PAD
    0x00001230   0x00001230   0x00000020   Code   RO          193    i.SystemInit        system_tm4c129.o
    0x00001250   0x00001250   0x00000058   Code   RO           17    i.UART0_Handler     finalproject.o
    0x000012a8   0x000012a8   0x00000010   Code   RO         1446    i.UARTCharGetNonBlocking  driverlib.lib(uart.o)
    0x000012b8   0x000012b8   0x0000000c   Code   RO         1447    i.UARTCharPut       driverlib.lib(uart.o)
    0x000012c4   0x000012c4   0x00000010   Code   RO         1448    i.UARTCharPutNonBlocking  driverlib.lib(uart.o)
    0x000012d4   0x000012d4   0x0000000a   Code   RO         1449    i.UARTCharsAvail    driverlib.lib(uart.o)
    0x000012de   0x000012de   0x0000006e   Code   RO         1453    i.UARTConfigSetExpClk  driverlib.lib(uart.o)
    0x0000134c   0x0000134c   0x00000004   Code   RO         1466    i.UARTIntClear      driverlib.lib(uart.o)
    0x00001350   0x00001350   0x00000008   Code   RO         1468    i.UARTIntEnable     driverlib.lib(uart.o)
    0x00001358   0x00001358   0x0000000a   Code   RO         1470    i.UARTIntStatus     driverlib.lib(uart.o)
    0x00001362   0x00001362   0x00000002   PAD
    0x00001364   0x00001364   0x0000001c   Code   RO           18    i.UARTStringPut     finalproject.o
    0x00001380   0x00001380   0x0000001c   Code   RO           19    i.UARTStringPutNonBlocking  finalproject.o
    0x0000139c   0x0000139c   0x00000200   Code   RO           20    i.main              finalproject.o
    0x0000159c   0x0000159c   0x0000000a   Code   RO         1835    x$fpl$fpinit        fz_wm.l(fpinit.o)
    0x000015a6   0x000015a6   0x00000002   PAD
    0x000015a8   0x000015a8   0x00000228   Data   RO          293    .constdata          driverlib.lib(gpio.o)
    0x000017d0   0x000017d0   0x0000010c   Data   RO          929    .constdata          driverlib.lib(interrupt.o)
    0x000018dc   0x000018dc   0x00000254   Data   RO         1084    .constdata          driverlib.lib(sysctl.o)
    0x00001b30   0x00001b30   0x00000020   Data   RO         1903    Region$$Table       anon$$obj.o


    Execution Region RW_IRAM1 (Exec base: 0x20000000, Load base: 0x00001b50, Size: 0x000004f0, Max: 0x00040000, ABSOLUTE)

    Exec Addr    Load Addr    Size         Type   Attr      Idx    E Section Name        Object

    0x20000000   0x00001b50   0x0000007c   Data   RW           22    .data               finalproject.o
    0x2000007c   0x00001bcc   0x00000004   Data   RW          194    .data               system_tm4c129.o
    0x20000080        -       0x00000010   Zero   RW           21    .bss                finalproject.o
    0x20000090        -       0x00000060   Zero   RW         1777    .bss                c_w.l(libspace.o)
    0x200000f0        -       0x00000000   Zero   RW          182    HEAP                startup_tm4c129.o
    0x200000f0        -       0x00000400   Zero   RW          181    STACK               startup_tm4c129.o


==============================================================================

Image component sizes


      Code (inc. data)   RO Data    RW Data    ZI Data      Debug   Object Name

      2328        306          0        124         16      17573   finalproject.o
       300         22        512          0       1024       6028   startup_tm4c129.o
        32         12          0          4          0        695   system_tm4c129.o

    ----------------------------------------------------------------------
      2660        340        544        128       1040      24296   Object Totals
         0          0         32          0          0          0   (incl. Generated)
         0          0          0          0          0          0   (incl. Padding)

    ----------------------------------------------------------------------

      Code (inc. data)   RO Data    RW Data    ZI Data      Debug   Library Member Name

         8          0          0          0          0         68   __main.o
         0          0          0          0          0          0   __rtentry.o
        12          0          0          0          0          0   __rtentry2.o
         6          0          0          0          0          0   __rtentry4.o
        52          8          0          0          0          0   __scatter.o
        26          0          0          0          0          0   __scatter_copy.o
        28          0          0          0          0          0   __scatter_zi.o
        18          0          0          0          0         80   exit.o
         6          0          0          0          0        152   heapauxi.o
         0          0          0          0          0          0   indicate_semi.o
         2          0          0          0          0          0   libinit.o
         6          0          0          0          0          0   libinit2.o
         2          0          0          0          0          0   libshutdown.o
         2          0          0          0          0          0   libshutdown2.o
         8          4          0          0         96         68   libspace.o
         2          0          0          0          0          0   rtexit.o
        10          0          0          0          0          0   rtexit2.o
        12          4          0          0          0         68   sys_exit.o
        74          0          0          0          0         80   sys_stackheap_outer.o
         2          0          0          0          0         68   use_no_semi.o
        38          0          0          0          0        560   cpu.o
       560          8        552          0          0       9309   gpio.o
       162         12          0          0          0       5710   i2c.o
       250         34        268          0          0       4695   interrupt.o
       832         50        596          0          0       5390   sysctl.o
        38          0          0          0          0       1394   systick.o
       186          0          0          0          0       5415   uart.o
        10          0          0          0          0        116   fpinit.o

    ----------------------------------------------------------------------
      2372        120       1416          0         96      33173   Library Totals
        20          0          0          0          0          0   (incl. Padding)

    ----------------------------------------------------------------------

      Code (inc. data)   RO Data    RW Data    ZI Data      Debug   Library Name

       276         16          0          0         96        584   c_w.l
      2066        104       1416          0          0      32473   driverlib.lib
        10          0          0          0          0        116   fz_wm.l

    ----------------------------------------------------------------------
      2372        120       1416          0         96      33173   Library Totals

    ----------------------------------------------------------------------

==============================================================================


      Code (inc. data)   RO Data    RW Data    ZI Data      Debug   

      5032        460       1960        128       1136      52213   Grand Totals
      5032        460       1960        128       1136      52213   ELF Image Totals
      5032        460       1960        128          0          0   ROM Totals

==============================================================================

    Total RO  Size (Code + RO Data)                 6992 (   6.83kB)
    Total RW  Size (RW Data + ZI Data)              1264 (   1.23kB)
    Total ROM Size (Code + RO Data + RW Data)       7120 (   6.95kB)

==============================================================================

