Component: ARM Compiler 5.06 update 6 (build 750) Tool: armlink [4d35ed]

==============================================================================

Section Cross References

    finalproject.o(i.ADC_Init) refers to sysctl.o(i.SysCtlPeripheralEnable) for SysCtlPeripheralEnable
    finalproject.o(i.ADC_Init) refers to sysctl.o(i.SysCtlPeripheralReady) for SysCtlPeripheralReady
    finalproject.o(i.ADC_Init) refers to adc.o(i.ADCSequenceConfigure) for ADCSequenceConfigure
    finalproject.o(i.ADC_Init) refers to adc.o(i.ADCSequenceStepConfigure) for ADCSequenceStepConfigure
    finalproject.o(i.ADC_Init) refers to adc.o(i.ADCSequenceEnable) for ADCSequenceEnable
    finalproject.o(i.Beep_Init) refers to sysctl.o(i.SysCtlClockGet) for SysCtlClockGet
    finalproject.o(i.Beep_Init) refers to sysctl.o(i.SysCtlPeripheralEnable) for SysCtlPeripheralEnable
    finalproject.o(i.Beep_Init) refers to gpio.o(i.GPIOPinTypePWM) for GPIOPinTypePWM
    finalproject.o(i.Beep_Init) refers to gpio.o(i.GPIOPinConfigure) for GPIOPinConfigure
    finalproject.o(i.Beep_Init) refers to pwm.o(i.PWMGenConfigure) for PWMGenConfigure
    finalproject.o(i.Beep_Init) refers to pwm.o(i.PWMGenPeriodSet) for PWMGenPeriodSet
    finalproject.o(i.Beep_Init) refers to pwm.o(i.PWMPulseWidthSet) for PWMPulseWidthSet
    finalproject.o(i.Beep_Init) refers to pwm.o(i.PWMGenEnable) for PWMGenEnable
    finalproject.o(i.Blank) refers to finalproject.o(i.I2C0_WriteByte) for I2C0_WriteByte
    finalproject.o(i.Blank) refers to finalproject.o(.data) for result
    finalproject.o(i.Buzzer_Off) refers to pwm.o(i.PWMOutputState) for PWMOutputState
    finalproject.o(i.Buzzer_Off) refers to finalproject.o(.data) for beep_flag
    finalproject.o(i.Buzzer_On) refers to pwm.o(i.PWMOutputState) for PWMOutputState
    finalproject.o(i.Buzzer_SetFrequency) refers to sysctl.o(i.SysCtlClockGet) for SysCtlClockGet
    finalproject.o(i.Buzzer_SetFrequency) refers to pwm.o(i.PWMGenPeriodSet) for PWMGenPeriodSet
    finalproject.o(i.Buzzer_SetFrequency) refers to pwm.o(i.PWMPulseWidthSet) for PWMPulseWidthSet
    finalproject.o(i.CheckStateSwitch) refers to finalproject.o(i.Buzzer_Off) for Buzzer_Off
    finalproject.o(i.CheckStateSwitch) refers to finalproject.o(.data) for lastKeyState
    finalproject.o(i.FloatToString) refers to _printf_percent.o(.ARM.Collect$$_printf_percent$$00000000) for _printf_percent
    finalproject.o(i.FloatToString) refers to _printf_f.o(.ARM.Collect$$_printf_percent$$00000003) for _printf_f
    finalproject.o(i.FloatToString) refers to printf1.o(x$fpl$printf1) for _printf_fp_dec
    finalproject.o(i.FloatToString) refers to f2d.o(x$fpl$f2d) for __aeabi_f2d
    finalproject.o(i.FloatToString) refers to noretval__2sprintf.o(.text) for __2sprintf
    finalproject.o(i.FloatToString) refers to finalproject.o(.bss) for txBuffer
    finalproject.o(i.I2C0_ReadByte) refers to i2c.o(i.I2CMasterBusy) for I2CMasterBusy
    finalproject.o(i.I2C0_ReadByte) refers to i2c.o(i.I2CMasterSlaveAddrSet) for I2CMasterSlaveAddrSet
    finalproject.o(i.I2C0_ReadByte) refers to i2c.o(i.I2CMasterDataPut) for I2CMasterDataPut
    finalproject.o(i.I2C0_ReadByte) refers to i2c.o(i.I2CMasterControl) for I2CMasterControl
    finalproject.o(i.I2C0_ReadByte) refers to i2c.o(i.I2CMasterBusBusy) for I2CMasterBusBusy
    finalproject.o(i.I2C0_ReadByte) refers to i2c.o(i.I2CMasterErr) for I2CMasterErr
    finalproject.o(i.I2C0_ReadByte) refers to finalproject.o(i.Delay) for Delay
    finalproject.o(i.I2C0_ReadByte) refers to i2c.o(i.I2CMasterDataGet) for I2CMasterDataGet
    finalproject.o(i.I2C0_WriteByte) refers to i2c.o(i.I2CMasterBusy) for I2CMasterBusy
    finalproject.o(i.I2C0_WriteByte) refers to i2c.o(i.I2CMasterSlaveAddrSet) for I2CMasterSlaveAddrSet
    finalproject.o(i.I2C0_WriteByte) refers to i2c.o(i.I2CMasterDataPut) for I2CMasterDataPut
    finalproject.o(i.I2C0_WriteByte) refers to i2c.o(i.I2CMasterControl) for I2CMasterControl
    finalproject.o(i.I2C0_WriteByte) refers to i2c.o(i.I2CMasterErr) for I2CMasterErr
    finalproject.o(i.Load_date) refers to finalproject.o(.data) for reverse_flag
    finalproject.o(i.Load_time) refers to finalproject.o(.data) for reverse_flag
    finalproject.o(i.Power_On_Init) refers to finalproject.o(i.I2C0_WriteByte) for I2C0_WriteByte
    finalproject.o(i.Power_On_Init) refers to finalproject.o(i.Show) for Show
    finalproject.o(i.Power_On_Init) refers to finalproject.o(i.Blank) for Blank
    finalproject.o(i.Power_On_Init) refers to finalproject.o(i.Delay) for Delay
    finalproject.o(i.Power_On_Init) refers to finalproject.o(.data) for Blank_buffer
    finalproject.o(i.ProcessCommand) refers to strncmp.o(.text) for strncmp
    finalproject.o(i.ProcessCommand) refers to strcmpv7m.o(.text) for strcmp
    finalproject.o(i.ProcessCommand) refers to finalproject.o(i.Uint16ToString) for Uint16ToString
    finalproject.o(i.ProcessCommand) refers to finalproject.o(i.UARTStringPut) for UARTStringPut
[...]
    i.I2C0_ReadByte                          0x00002210   Section        0  finalproject.o(i.I2C0_ReadByte)
    i.I2C0_WriteByte                         0x00002290   Section        0  finalproject.o(i.I2C0_WriteByte)
    i.I2CMasterBusBusy                       0x00002304   Section        0  i2c.o(i.I2CMasterBusBusy)
    i.I2CMasterBusy                          0x00002310   Section        0  i2c.o(i.I2CMasterBusy)
    i.I2CMasterControl                       0x0000231c   Section        0  i2c.o(i.I2CMasterControl)
    i.I2CMasterDataGet                       0x00002320   Section        0  i2c.o(i.I2CMasterDataGet)
    i.I2CMasterDataPut                       0x00002324   Section        0  i2c.o(i.I2CMasterDataPut)
    i.I2CMasterEnable                        0x00002328   Section        0  i2c.o(i.I2CMasterEnable)
    i.I2CMasterErr                           0x00002332   Section        0  i2c.o(i.I2CMasterErr)
    i.I2CMasterInitExpClk                    0x0000234c   Section        0  i2c.o(i.I2CMasterInitExpClk)
    i.I2CMasterSlaveAddrSet                  0x000023a0   Section        0  i2c.o(i.I2CMasterSlaveAddrSet)
    i.IntEnable                              0x000023a8   Section        0  interrupt.o(i.IntEnable)
    i.IntMasterDisable                       0x0000240c   Section        0  interrupt.o(i.IntMasterDisable)
    i.IntMasterEnable                        0x0000241a   Section        0  interrupt.o(i.IntMasterEnable)
    i.IntPriorityGet                         0x00002428   Section        0  interrupt.o(i.IntPriorityGet)
    i.IntPriorityGroupingGet                 0x00002444   Section        0  interrupt.o(i.IntPriorityGroupingGet)
    i.IntPriorityGroupingSet                 0x00002468   Section        0  interrupt.o(i.IntPriorityGroupingSet)
    i.IntPriorityMaskGet                     0x00002484   Section        0  interrupt.o(i.IntPriorityMaskGet)
    i.IntPrioritySet                         0x00002488   Section        0  interrupt.o(i.IntPrioritySet)
    i.Load_date                              0x000024b0   Section        0  finalproject.o(i.Load_date)
    i.Load_time                              0x00002564   Section        0  finalproject.o(i.Load_time)
    i.PWMGenConfigure                        0x00002614   Section        0  pwm.o(i.PWMGenConfigure)
    i.PWMGenEnable                           0x0000263a   Section        0  pwm.o(i.PWMGenEnable)
    i.PWMGenPeriodSet                        0x00002644   Section        0  pwm.o(i.PWMGenPeriodSet)
    i.PWMOutputState                         0x00002656   Section        0  pwm.o(i.PWMOutputState)
    i.PWMPulseWidthSet                       0x00002666   Section        0  pwm.o(i.PWMPulseWidthSet)
    i.Power_On_Init                          0x00002688   Section        0  finalproject.o(i.Power_On_Init)
    i.ProcessCommand                         0x00002734   Section        0  finalproject.o(i.ProcessCommand)
    i.ReadKey                                0x00003304   Section        0  finalproject.o(i.ReadKey)
    i.RemoveSpaces                           0x0000331c   Section        0  finalproject.o(i.RemoveSpaces)
    i.S800_GPIO_Init                         0x00003360   Section        0  finalproject.o(i.S800_GPIO_Init)
    i.S800_I2C0_Init                         0x000033b4   Section        0  finalproject.o(i.S800_I2C0_Init)
    i.S800_UART_Init                         0x0000344c   Section        0  finalproject.o(i.S800_UART_Init)
    i.Show                                   0x000034bc   Section        0  finalproject.o(i.Show)
    i.ShowAlarm                              0x00003510   Section        0  finalproject.o(i.ShowAlarm)
    i.ShowAlarm2                             0x00003564   Section        0  finalproject.o(i.ShowAlarm2)
    i.ShowDate                               0x000035b8   Section        0  finalproject.o(i.ShowDate)
    i.ShowTime                               0x0000360c   Section        0  finalproject.o(i.ShowTime)
    i.SysCtlClockFreqSet                     0x00003660   Section        0  sysctl.o(i.SysCtlClockFreqSet)
    i.SysCtlClockGet                         0x0000394c   Section        0  sysctl.o(i.SysCtlClockGet)
    i.SysCtlPeripheralEnable                 0x00003aa0   Section        0  sysctl.o(i.SysCtlPeripheralEnable)
    i.SysCtlPeripheralReady                  0x00003ac8   Section        0  sysctl.o(i.SysCtlPeripheralReady)
    i.SysTickEnable                          0x00003af4   Section        0  systick.o(i.SysTickEnable)
    i.SysTickIntEnable                       0x00003b02   Section        0  systick.o(i.SysTickIntEnable)
    i.SysTickIntHandler                      0x00003b10   Section        0  finalproject.o(i.SysTickIntHandler)
    i.SysTickPeriodSet                       0x00003f74   Section        0  systick.o(i.SysTickPeriodSet)
    i.SystemInit                             0x00003f80   Section        0  system_tm4c129.o(i.SystemInit)
    i.UART0_Handler                          0x00003fa0   Section        0  finalproject.o(i.UART0_Handler)
    i.UART0_ProcessCommands                  0x00004048   Section        0  finalproject.o(i.UART0_ProcessCommands)
    i.UARTCharGetNonBlocking                 0x0000408c   Section        0  uart.o(i.UARTCharGetNonBlocking)
    i.UARTCharPut                            0x0000409c   Section        0  uart.o(i.UARTCharPut)
    i.UARTCharsAvail                         0x000040a8   Section        0  uart.o(i.UARTCharsAvail)
    i.UARTConfigSetExpClk                    0x000040b2   Section        0  uart.o(i.UARTConfigSetExpClk)
    i.UARTIntClear                           0x00004120   Section        0  uart.o(i.UARTIntClear)
    i.UARTIntEnable                          0x00004124   Section        0  uart.o(i.UARTIntEnable)
    i.UARTIntStatus                          0x0000412c   Section        0  uart.o(i.UARTIntStatus)
    i.UARTStringPut                          0x00004138   Section        0  finalproject.o(i.UARTStringPut)
    i.Uint16ToString                         0x00004154   Section        0  finalproject.o(i.Uint16ToString)
    i.Uint8ToString                          0x0000416c   Section        0  finalproject.o(i.Uint8ToString)
    i.__ARM_fpclassify                       0x00004184   Section        0  fpclassify.o(i.__ARM_fpclassify)
    i._is_digit                              0x000041b4   Section        0  __printf_wp.o(i._is_digit)
    i.get_temperature                        0x000041c4   Section        0  finalproject.o(i.get_temperature)
    i.main                                   0x00004240   Section        0  finalproject.o(i.main)
    locale$$code                             0x00004a48   Section       44  lc_numeric_c.o(locale$$code)
    locale$$code                             0x00004a74   Section       44  lc_ctype_c.o(locale$$code)
    x$fpl$dretinf                            0x00004aa0   Section       12  dretinf.o(x$fpl$dretinf)
    $v0                                      0x00004aa0   Number         0  dretinf.o(x$fpl$dretinf)
    x$fpl$f2d                                0x00004aac   Section       86  f2d.o(x$fpl$f2d)
    $v0                                      0x00004aac   Number         0  f2d.o(x$fpl$f2d)
    x$fpl$fnaninf                            0x00004b02   Section      140  fnaninf.o(x$fpl$fnaninf)
    $v0                                      0x00004b02   Number         0  fnaninf.o(x$fpl$fnaninf)
    x$fpl$fpinit                             0x00004b8e   Section       10  fpinit.o(x$fpl$fpinit)
    $v0                                      0x00004b8e   Number         0  fpinit.o(x$fpl$fpinit)
    x$fpl$printf1                            0x00004b98   Section        4  printf1.o(x$fpl$printf1)
    $v0                                      0x00004b98   Number         0  printf1.o(x$fpl$printf1)
    .constdata                               0x00004b9c   Section      552  gpio.o(.constdata)
    x$fpl$usenofp                            0x00004b9c   Section        0  usenofp.o(x$fpl$usenofp)
    g_ppui32GPIOIntMapBlizzard               0x00004b9c   Data         192  gpio.o(.constdata)
    g_ppui32GPIOIntMapSnowflake              0x00004c5c   Data         216  gpio.o(.constdata)
    g_pui32GPIOBaseAddrs                     0x00004d34   Data         144  gpio.o(.constdata)
    .constdata                               0x00004dc4   Section      268  interrupt.o(.constdata)
    g_pui32Priority                          0x00004dc4   Data          32  interrupt.o(.constdata)
    g_pui32Regs                              0x00004de4   Data         156  interrupt.o(.constdata)
    g_pui32EnRegs                            0x00004e80   Data          20  interrupt.o(.constdata)
    g_pui32Dii16Regs                         0x00004e94   Data          20  interrupt.o(.constdata)
    g_pui32PendRegs                          0x00004ea8   Data          20  interrupt.o(.constdata)
    g_pui32UnpendRegs                        0x00004ebc   Data          20  interrupt.o(.constdata)
    .constdata                               0x00004ed0   Section      596  sysctl.o(.constdata)
    g_pui32VCOFrequencies                    0x00004ed0   Data           8  sysctl.o(.constdata)
    g_pui32Xtals                             0x00004ed8   Data         108  sysctl.o(.constdata)
    g_pppui32XTALtoVCO                       0x00004f44   Data         432  sysctl.o(.constdata)
    g_sXTALtoMEMTIM                          0x000050f4   Data          48  sysctl.o(.constdata)
    .constdata                               0x00005124   Section        8  _printf_wctomb.o(.constdata)
    initial_mbstate                          0x00005124   Data           8  _printf_wctomb.o(.constdata)
    .constdata                               0x0000512c   Section       40  _printf_hex_int.o(.constdata)
    uc_hextab                                0x0000512c   Data          20  _printf_hex_int.o(.constdata)
    lc_hextab                                0x00005140   Data          20  _printf_hex_int.o(.constdata)
    .constdata                               0x00005154   Section       17  __printf_flags_ss_wp.o(.constdata)
    maptable                                 0x00005154   Data          17  __printf_flags_ss_wp.o(.constdata)
    .constdata                               0x00005168   Section      148  bigflt0.o(.constdata)
    tenpwrs_x                                0x00005168   Data          60  bigflt0.o(.constdata)
    tenpwrs_i                                0x000051a4   Data          64  bigflt0.o(.constdata)
    locale$$data                             0x0000521c   Section       28  lc_numeric_c.o(locale$$data)
    __lcnum_c_name                           0x00005220   Data           2  lc_numeric_c.o(locale$$data)
    __lcnum_c_start                          0x00005228   Data           0  lc_numeric_c.o(locale$$data)
    __lcnum_c_point                          0x00005234   Data           0  lc_numeric_c.o(locale$$data)
    __lcnum_c_thousands                      0x00005236   Data           0  lc_numeric_c.o(locale$$data)
    __lcnum_c_grouping                       0x00005237   Data           0  lc_numeric_c.o(locale$$data)
    locale$$data                             0x00005238   Section      272  lc_ctype_c.o(locale$$data)
    __lcnum_c_end                            0x00005238   Data           0  lc_numeric_c.o(locale$$data)
    __lcctype_c_name                         0x0000523c   Data           2  lc_ctype_c.o(locale$$data)
    __lcctype_c_start                        0x00005244   Data           0  lc_ctype_c.o(locale$$data)
    __lcctype_c_end                          0x00005348   Data           0  lc_ctype_c.o(locale$$data)
    .data                                    0x20000000   Section      205  finalproject.o(.data)
    is_show                                  0x200000cc   Data           1  finalproject.o(.data)
    .data                                    0x200000d0   Section        4  system_tm4c129.o(.data)
    .bss                                     0x200000d4   Section      404  finalproject.o(.bss)
    .bss                                     0x20000268   Section       96  libspace.o(.bss)
    HEAP                                     0x200002c8   Section        0  startup_tm4c129.o(HEAP)
    STACK                                    0x200002c8   Section     1024  startup_tm4c129.o(STACK)
    Heap_Mem                                 0x200002c8   Data           0  startup_tm4c129.o(HEAP)
    Stack_Mem                                0x200002c8   Data        1024  startup_tm4c129.o(STACK)
    __initial_sp                             0x200006c8   Data           0  startup_tm4c129.o(STACK)

    Global Symbols

    Symbol Name                              Value     Ov Type        Size  Object(Section)

    BuildAttributes$$THM_ISAv4$E$P$D$K$B$S$7EM$VFPi3$EXTD16$VFPS$VFMA$PE$A:L22UL41UL21$X:L11$S22US41US21$IEEE1$IW$USESV6$~STKCKD$USESV7$~SHL$OTIME$ROPI$IEEEJ$EBA8$UX$STANDARDLIB$REQ8$PRES8$EABIv2 0x00000000   Number         0  anon$$obj.o ABSOLUTE
    __ARM_use_no_argv                        0x00000000   Number         0  finalproject.o ABSOLUTE
    __Vectors                                0x00000000   Data           4  startup_tm4c129.o(RESET)
    _printf_flags                            0x00000000   Number         0  printf_stubs.o ABSOLUTE
    _printf_return_value                     0x00000000   Number         0  printf_stubs.o ABSOLUTE
    _printf_sizespec                         0x00000000   Number         0  printf_stubs.o ABSOLUTE
    _printf_widthprec                        0x00000000   Number         0  printf_stubs.o ABSOLUTE
    __ARM_exceptions_init                     - Undefined Weak Reference
    __alloca_initialize                       - Undefined Weak Reference
    __arm_preinit_                            - Undefined Weak Reference
    __cpp_initialize__aeabi_                  - Undefined Weak Reference
    __cxa_finalize                            - Undefined Weak Reference
    __sigvec_lookup                           - Undefined Weak Reference
    _atexit_init                              - Undefined Weak Reference
    _call_atexit_fns                          - Undefined Weak Reference
    _clock_init                               - Undefined Weak Reference
    _fp_trap_init                             - Undefined Weak Reference
    _fp_trap_shutdown                         - Undefined Weak Reference
    _get_lc_collate                           - Undefined Weak Reference
    _get_lc_monetary                          - Undefined Weak Reference
    _get_lc_time                              - Undefined Weak Reference
    _getenv_init                              - Undefined Weak Reference
    _handle_redirection                       - Undefined Weak Reference
    _init_alloc                               - Undefined Weak Reference
    _init_user_alloc                          - Undefined Weak Reference
    _initio                                   - Undefined Weak Reference
    _printf_mbtowc                            - Undefined Weak Reference
    _printf_wc                                - Undefined Weak Reference
    _rand_init                                - Undefined Weak Reference
    _signal_finish                            - Undefined Weak Reference
    _signal_init                              - Undefined Weak Reference
    _terminate_alloc                          - Undefined Weak Reference
    _terminate_user_alloc                     - Undefined Weak Reference
    _terminateio                              - Undefined Weak Reference
    __Vectors_End                            0x00000200   Data           0  startup_tm4c129.o(RESET)
    __Vectors_Size                           0x00000200   Number         0  startup_tm4c129.o ABSOLUTE
    __main                                   0x00000201   Thumb Code     8  __main.o(!!!main)
    __scatterload                            0x00000209   Thumb Code     0  __scatter.o(!!!scatter)
    __scatterload_rt2                        0x00000209   Thumb Code    44  __scatter.o(!!!scatter)
    __scatterload_rt2_thumb_only             0x00000209   Thumb Code     0  __scatter.o(!!!scatter)
    __scatterload_null                       0x00000217   Thumb Code     0  __scatter.o(!!!scatter)
    __scatterload_copy                       0x0000023d   Thumb Code    26  __scatter_copy.o(!!handler_copy)
    __scatterload_zeroinit                   0x00000259   Thumb Code    28  __scatter_zi.o(!!handler_zi)
    _printf_f                                0x00000275   Thumb Code     0  _printf_f.o(.ARM.Collect$$_printf_percent$$00000003)
    _printf_percent                          0x00000275   Thumb Code     0  _printf_percent.o(.ARM.Collect$$_printf_percent$$00000000)
    _printf_i                                0x0000027b   Thumb Code     0  _printf_i.o(.ARM.Collect$$_printf_percent$$00000008)
    _printf_d                                0x00000281   Thumb Code     0  _printf_d.o(.ARM.Collect$$_printf_percent$$00000009)
    _printf_u                                0x00000287   Thumb Code     0  _printf_u.o(.ARM.Collect$$_printf_percent$$0000000A)
    _printf_o                                0x0000028d   Thumb Code     0  _printf_o.o(.ARM.Collect$$_printf_percent$$0000000B)
    _printf_x                                0x00000293   Thumb Code     0  _printf_x.o(.ARM.Collect$$_printf_percent$$0000000C)
    _printf_l                                0x00000299   Thumb Code     0  _printf_l.o(.ARM.Collect$$_printf_percent$$00000012)
    _printf_c                                0x000002a3   Thumb Code     0  _printf_c.o(.ARM.Collect$$_printf_percent$$00000013)
    _printf_lc                               0x000002a9   Thumb Code     0  _printf_lc.o(.ARM.Collect$$_printf_percent$$00000015)
    _printf_percent_end                      0x000002af   Thumb Code     0  _printf_percent_end.o(.ARM.Collect$$_printf_percent$$00000017)
    __rt_lib_init                            0x000002b3   Thumb Code     0  libinit.o(.ARM.Collect$$libinit$$00000000)
    __rt_lib_init_fp_1                       0x000002b5   Thumb Code     0  libinit2.o(.ARM.Collect$$libinit$$00000001)
    __rt_lib_init_heap_1                     0x000002b9   Thumb Code     0  libinit2.o(.ARM.Collect$$libinit$$0000000A)
    __rt_lib_init_lc_common                  0x000002b9   Thumb Code     0  libinit2.o(.ARM.Collect$$libinit$$0000000F)
    __rt_lib_init_preinit_1                  0x000002b9   Thumb Code     0  libinit2.o(.ARM.Collect$$libinit$$00000004)
    __rt_lib_init_rand_1                     0x000002b9   Thumb Code     0  libinit2.o(.ARM.Collect$$libinit$$0000000E)
    __rt_lib_init_user_alloc_1               0x000002b9   Thumb Code     0  libinit2.o(.ARM.Collect$$libinit$$0000000C)
    __rt_lib_init_lc_collate_1               0x000002bf   Thumb Code     0  libinit2.o(.ARM.Collect$$libinit$$00000011)
    __rt_lib_init_lc_ctype_2                 0x000002bf   Thumb Code     0  libinit2.o(.ARM.Collect$$libinit$$00000012)
    __rt_lib_init_lc_ctype_1                 0x000002cb   Thumb Code     0  libinit2.o(.ARM.Collect$$libinit$$00000013)
    __rt_lib_init_lc_monetary_1              0x000002cb   Thumb Code     0  libinit2.o(.ARM.Collect$$libinit$$00000015)
    __rt_lib_init_lc_numeric_2               0x000002cb   Thumb Code     0  libinit2.o(.ARM.Collect$$libinit$$00000016)
    __rt_lib_init_alloca_1                   0x000002d5   Thumb Code     0  libinit2.o(.ARM.Collect$$libinit$$0000002E)
    __rt_lib_init_argv_1                     0x000002d5   Thumb Code     0  libinit2.o(.ARM.Collect$$libinit$$0000002C)
    __rt_lib_init_atexit_1                   0x000002d5   Thumb Code     0  libinit2.o(.ARM.Collect$$libinit$$0000001B)
    __rt_lib_init_clock_1                    0x000002d5   Thumb Code     0  libinit2.o(.ARM.Collect$$libinit$$00000021)
    __rt_lib_init_cpp_1                      0x000002d5   Thumb Code     0  libinit2.o(.ARM.Collect$$libinit$$00000032)
    __rt_lib_init_exceptions_1               0x000002d5   Thumb Code     0  libinit2.o(.ARM.Collect$$libinit$$00000030)
    __rt_lib_init_fp_trap_1                  0x000002d5   Thumb Code     0  libinit2.o(.ARM.Collect$$libinit$$0000001F)
    __rt_lib_init_getenv_1                   0x000002d5   Thumb Code     0  libinit2.o(.ARM.Collect$$libinit$$00000023)
    __rt_lib_init_lc_numeric_1               0x000002d5   Thumb Code     0  libinit2.o(.ARM.Collect$$libinit$$00000017)
    __rt_lib_init_lc_time_1                  0x000002d5   Thumb Code     0  libinit2.o(.ARM.Collect$$libinit$$00000019)
    __rt_lib_init_return                     0x000002d5   Thumb Code     0  libinit2.o(.ARM.Collect$$libinit$$00000033)
    __rt_lib_init_signal_1                   0x000002d5   Thumb Code     0  libinit2.o(.ARM.Collect$$libinit$$0000001D)
    __rt_lib_init_stdio_1                    0x000002d5   Thumb Code     0  libinit2.o(.ARM.Collect$$libinit$$00000025)
    __rt_lib_shutdown                        0x000002d7   Thumb Code     0  libshutdown.o(.ARM.Collect$$libshutdown$$00000000)
    __rt_lib_shutdown_cpp_1                  0x000002d9   Thumb Code     0  libshutdown2.o(.ARM.Collect$$libshutdown$$00000002)
    __rt_lib_shutdown_fp_trap_1              0x000002d9   Thumb Code     0  libshutdown2.o(.ARM.Collect$$libshutdown$$00000007)
    __rt_lib_shutdown_heap_1                 0x000002d9   Thumb Code     0  libshutdown2.o(.ARM.Collect$$libshutdown$$0000000F)
    __rt_lib_shutdown_return                 0x000002d9   Thumb Code     0  libshutdown2.o(.ARM.Collect$$libshutdown$$00000010)
    __rt_lib_shutdown_signal_1               0x000002d9   Thumb Code     0  libshutdown2.o(.ARM.Collect$$libshutdown$$0000000A)
    __rt_lib_shutdown_stdio_1                0x000002d9   Thumb Code     0  libshutdown2.o(.ARM.Collect$$libshutdown$$00000004)
    __rt_lib_shutdown_user_alloc_1           0x000002d9   Thumb Code     0  libshutdown2.o(.ARM.Collect$$libshutdown$$0000000C)
    __rt_entry                               0x000002db   Thumb Code     0  __rtentry.o(.ARM.Collect$$rtentry$$00000000)
    __rt_entry_presh_1                       0x000002db   Thumb Code     0  __rtentry2.o(.ARM.Collect$$rtentry$$00000002)
    __rt_entry_sh                            0x000002db   Thumb Code     0  __rtentry4.o(.ARM.Collect$$rtentry$$00000004)
    __rt_entry_li                            0x000002e1   Thumb Code     0  __rtentry2.o(.ARM.Collect$$rtentry$$0000000A)
    __rt_entry_postsh_1                      0x000002e1   Thumb Code     0  __rtentry2.o(.ARM.Collect$$rtentry$$00000009)
    __rt_entry_main                          0x000002e5   Thumb Code     0  __rtentry2.o(.ARM.Collect$$rtentry$$0000000D)
    __rt_entry_postli_1                      0x000002e5   Thumb Code     0  __rtentry2.o(.ARM.Collect$$rtentry$$0000000C)
    __rt_exit                                0x000002ed   Thumb Code     0  rtexit.o(.ARM.Collect$$rtexit$$00000000)
    __rt_exit_ls                             0x000002ef   Thumb Code     0  rtexit2.o(.ARM.Collect$$rtexit$$00000003)
    __rt_exit_prels_1                        0x000002ef   Thumb Code     0  rtexit2.o(.ARM.Collect$$rtexit$$00000002)
    __rt_exit_exit                           0x000002f3   Thumb Code     0  rtexit2.o(.ARM.Collect$$rtexit$$00000004)
    CPUcpsid                                 0x000002f9   Thumb Code     8  cpu.o(.emb_text)
    CPUprimask                               0x00000301   Thumb Code     6  cpu.o(.emb_text)
    CPUcpsie                                 0x00000307   Thumb Code     8  cpu.o(.emb_text)
    CPUwfi                                   0x0000030f   Thumb Code     4  cpu.o(.emb_text)
    CPUbasepriSet                            0x00000313   Thumb Code     6  cpu.o(.emb_text)
    CPUbasepriGet                            0x00000319   Thumb Code     6  cpu.o(.emb_text)
    Reset_Handler                            0x00000321   Thumb Code     8  startup_tm4c129.o(.text)
    NMI_Handler                              0x00000329   Thumb Code     2  startup_tm4c129.o(.text)
    HardFault_Handler                        0x0000032b   Thumb Code     2  startup_tm4c129.o(.text)
    MemManage_Handler                        0x0000032d   Thumb Code     2  startup_tm4c129.o(.text)
    BusFault_Handler                         0x0000032f   Thumb Code     2  startup_tm4c129.o(.text)
    UsageFault_Handler                       0x00000331   Thumb Code     2  startup_tm4c129.o(.text)
    SVC_Handler                              0x00000333   Thumb Code     2  startup_tm4c129.o(.text)
    DebugMon_Handler                         0x00000335   Thumb Code     2  startup_tm4c129.o(.text)
    PendSV_Handler                           0x00000337   Thumb Code     2  startup_tm4c129.o(.text)
    SysTick_Handler                          0x00000339   Thumb Code     2  startup_tm4c129.o(.text)
    GPIOA_Handler                            0x0000033b   Thumb Code     2  startup_tm4c129.o(.text)
    GPIOB_Handler                            0x0000033d   Thumb Code     2  startup_tm4c129.o(.text)
    GPIOC_Handler                            0x0000033f   Thumb Code     2  startup_tm4c129.o(.text)
    GPIOD_Handler                            0x00000341   Thumb Code     2  startup_tm4c129.o(.text)
    GPIOE_Handler                            0x00000343   Thumb Code     2  startup_tm4c129.o(.text)
    UART1_Handler                            0x00000347   Thumb Code     2  startup_tm4c129.o(.text)
    SSI0_Handler                             0x00000349   Thumb Code     2  startup_tm4c129.o(.text)
    I2C0_Handler                             0x0000034b   Thumb Code     2  startup_tm4c129.o(.text)
    PMW0_FAULT_Handler                       0x0000034d   Thumb Code     2  startup_tm4c129.o(.text)
    PWM0_0_Handler                           0x0000034f   Thumb Code     2  startup_tm4c129.o(.text)
    PWM0_1_Handler                           0x00000351   Thumb Code     2  startup_tm4c129.o(.text)
    PWM0_2_Handler                           0x00000353   Thumb Code     2  startup_tm4c129.o(.text)
    QEI0_Handler                             0x00000355   Thumb Code     2  startup_tm4c129.o(.text)
    ADC0SS0_Handler                          0x00000357   Thumb Code     2  startup_tm4c129.o(.text)
    ADC0SS1_Handler                          0x00000359   Thumb Code     2  startup_tm4c129.o(.text)
    ADC0SS2_Handler                          0x0000035b   Thumb Code     2  startup_tm4c129.o(.text)
    ADC0SS3_Handler                          0x0000035d   Thumb Code     2  startup_tm4c129.o(.text)
    WDT0_Handler                             0x0000035f   Thumb Code     2  startup_tm4c129.o(.text)
    TIMER0A_Handler                          0x00000361   Thumb Code     2  startup_tm4c129.o(.text)
    TIMER0B_Handler                          0x00000363   Thumb Code     2  startup_tm4c129.o(.text)
    TIMER1A_Handler                          0x00000365   Thumb Code     2  startup_tm4c129.o(.text)
    TIMER1B_Handler                          0x00000367   Thumb Code     2  startup_tm4c129.o(.text)
    TIMER2A_Handler                          0x00000369   Thumb Code     2  startup_tm4c129.o(.text)
    TIMER2B_Handler                          0x0000036b   Thumb Code     2  startup_tm4c129.o(.text)
    COMP0_Handler                            0x0000036d   Thumb Code     2  startup_tm4c129.o(.text)
    COMP1_Handler                            0x0000036f   Thumb Code     2  startup_tm4c129.o(.text)
    COMP2_Handler                            0x00000371   Thumb Code     2  startup_tm4c129.o(.text)
    SYSCTL_Handler                           0x00000373   Thumb Code     2  startup_tm4c129.o(.text)
    FLASH_Handler                            0x00000375   Thumb Code     2  startup_tm4c129.o(.text)
    GPIOF_Handler                            0x00000377   Thumb Code     2  startup_tm4c129.o(.text)
    GPIOG_Handler                            0x00000379   Thumb Code     2  startup_tm4c129.o(.text)
    GPIOH_Handler                            0x0000037b   Thumb Code     2  startup_tm4c129.o(.text)
    UART2_Handler                            0x0000037d   Thumb Code     2  startup_tm4c129.o(.text)
    SSI1_Handler                             0x0000037f   Thumb Code     2  startup_tm4c129.o(.text)
    TIMER3A_Handler                          0x00000381   Thumb Code     2  startup_tm4c129.o(.text)
    TIMER3B_Handler                          0x00000383   Thumb Code     2  startup_tm4c129.o(.text)
    I2C1_Handler                             0x00000385   Thumb Code     2  startup_tm4c129.o(.text)
    CAN0_Handler                             0x00000387   Thumb Code     2  startup_tm4c129.o(.text)
    CAN1_Handler                             0x00000389   Thumb Code     2  startup_tm4c129.o(.text)
    ETH_Handler                              0x0000038b   Thumb Code     2  startup_tm4c129.o(.text)
    HIB_Handler                              0x0000038d   Thumb Code     2  startup_tm4c129.o(.text)
    USB0_Handler                             0x0000038f   Thumb Code     2  startup_tm4c129.o(.text)
    PWM0_3_Handler                           0x00000391   Thumb Code     2  startup_tm4c129.o(.text)
    UDMA_Handler                             0x00000393   Thumb Code     2  startup_tm4c129.o(.text)
    UDMAERR_Handler                          0x00000395   Thumb Code     2  startup_tm4c129.o(.text)
    ADC1SS0_Handler                          0x00000397   Thumb Code     2  startup_tm4c129.o(.text)
    ADC1SS1_Handler                          0x00000399   Thumb Code     2  startup_tm4c129.o(.text)
    ADC1SS2_Handler                          0x0000039b   Thumb Code     2  startup_tm4c129.o(.text)
    ADC1SS3_Handler                          0x0000039d   Thumb Code     2  startup_tm4c129.o(.text)
    EBI0_Handler                             0x0000039f   Thumb Code     2  startup_tm4c129.o(.text)
    GPIOJ_Handler                            0x000003a1   Thumb Code     2  startup_tm4c129.o(.text)
    GPIOK_Handler                            0x000003a3   Thumb Code     2  startup_tm4c129.o(.text)
    GPIOL_Handler                            0x000003a5   Thumb Code     2  startup_tm4c129.o(.text)
    SSI2_Handler                             0x000003a7   Thumb Code     2  startup_tm4c129.o(.text)
    SSI3_Handler                             0x000003a9   Thumb Code     2  startup_tm4c129.o(.text)
    UART3_Handler                            0x000003ab   Thumb Code     2  startup_tm4c129.o(.text)
    UART4_Handler                            0x000003ad   Thumb Code     2  startup_tm4c129.o(.text)
    UART5_Handler                            0x000003af   Thumb Code     2  startup_tm4c129.o(.text)
    UART6_Handler                            0x000003b1   Thumb Code     2  startup_tm4c129.o(.text)
    UART7_Handler                            0x000003b3   Thumb Code     2  startup_tm4c129.o(.text)
    I2C2_Handler                             0x000003b5   Thumb Code     2  startup_tm4c129.o(.text)
    I2C3_Handler                             0x000003b7   Thumb Code     2  startup_tm4c129.o(.text)
    TIMER4A_Handler                          0x000003b9   Thumb Code     2  startup_tm4c129.o(.text)
    TIMER4B_Handler                          0x000003bb   Thumb Code     2  startup_tm4c129.o(.text)
    TIMER5A_Handler                          0x000003bd   Thumb Code     2  startup_tm4c129.o(.text)
    TIMER5B_Handler                          0x000003bf   Thumb Code     2  startup_tm4c129.o(.text)
    WTIMER0A_Handler                         0x000003c1   Thumb Code     2  startup_tm4c129.o(.text)
    WTIMER0B_Handler                         0x000003c3   Thumb Code     2  startup_tm4c129.o(.text)
    WTIMER1A_Handler                         0x000003c5   Thumb Code     2  startup_tm4c129.o(.text)
    WTIMER1B_Handler                         0x000003c7   Thumb Code     2  startup_tm4c129.o(.text)
    WTIMER2A_Handler                         0x000003c9   Thumb Code     2  startup_tm4c129.o(.text)
    WTIMER2B_Handler                         0x000003cb   Thumb Code     2  startup_tm4c129.o(.text)
    WTIMER3A_Handler                         0x000003cd   Thumb Code     2  startup_tm4c129.o(.text)
    WTIMER3B_Handler                         0x000003cf   Thumb Code     2  startup_tm4c129.o(.text)
    WTIMER4A_Handler                         0x000003d1   Thumb Code     2  startup_tm4c129.o(.text)
    WTIMER4B_Handler                         0x000003d3   Thumb Code     2  startup_tm4c129.o(.text)
    WTIMER5A_Handler                         0x000003d5   Thumb Code     2  startup_tm4c129.o(.text)
    WTIMER5B_Handler                         0x000003d7   Thumb Code     2  startup_tm4c129.o(.text)
    FPU_Handler                              0x000003d9   Thumb Code     2  startup_tm4c129.o(.text)
    I2C4_Handler                             0x000003db   Thumb Code     2  startup_tm4c129.o(.text)
    I2C5_Handler                             0x000003dd   Thumb Code     2  startup_tm4c129.o(.text)
    GPIOM_Handler                            0x000003df   Thumb Code     2  startup_tm4c129.o(.text)
    GPION_Handler                            0x000003e1   Thumb Code     2  startup_tm4c129.o(.text)
    TAMPER_Handler                           0x000003e3   Thumb Code     2  startup_tm4c129.o(.text)
    GPIOP0_Handler                           0x000003e5   Thumb Code     2  startup_tm4c129.o(.text)
    GPIOP1_Handler                           0x000003e7   Thumb Code     2  startup_tm4c129.o(.text)
    GPIOP2_Handler                           0x000003e9   Thumb Code     2  startup_tm4c129.o(.text)
    GPIOP3_Handler                           0x000003eb   Thumb Code     2  startup_tm4c129.o(.text)
    GPIOP4_Handler                           0x000003ed   Thumb Code     2  startup_tm4c129.o(.text)
    GPIOP5_Handler                           0x000003ef   Thumb Code     2  startup_tm4c129.o(.text)
    GPIOP6_Handler                           0x000003f1   Thumb Code     2  startup_tm4c129.o(.text)
    GPIOP7_Handler                           0x000003f3   Thumb Code     2  startup_tm4c129.o(.text)
    GPIOQ0_Handler                           0x000003f5   Thumb Code     2  startup_tm4c129.o(.text)
    GPIOQ1_Handler                           0x000003f7   Thumb Code     2  startup_tm4c129.o(.text)
    GPIOQ2_Handler                           0x000003f9   Thumb Code     2  startup_tm4c129.o(.text)
    GPIOQ3_Handler                           0x000003fb   Thumb Code     2  startup_tm4c129.o(.text)
    GPIOQ4_Handler                           0x000003fd   Thumb Code     2  startup_tm4c129.o(.text)
    GPIOQ5_Handler                           0x000003ff   Thumb Code     2  startup_tm4c129.o(.text)
    GPIOQ6_Handler                           0x00000401   Thumb Code     2  startup_tm4c129.o(.text)
    GPIOQ7_Handler                           0x00000403   Thumb Code     2  startup_tm4c129.o(.text)
    GPIOR_Handler                            0x00000405   Thumb Code     2  startup_tm4c129.o(.text)
    GPIOS_Handler                            0x00000407   Thumb Code     2  startup_tm4c129.o(.text)
    SHAMD5_Handler                           0x00000409   Thumb Code     2  startup_tm4c129.o(.text)
    AES_Handler                              0x0000040b   Thumb Code     2  startup_tm4c129.o(.text)
    DES3DES_Handler                          0x0000040d   Thumb Code     2  startup_tm4c129.o(.text)
    LCDCONTROLLER_Handler                    0x0000040f   Thumb Code     2  startup_tm4c129.o(.text)
    TIMER6A_Handler                          0x00000411   Thumb Code     2  startup_tm4c129.o(.text)
    TIMER6B_Handler                          0x00000413   Thumb Code     2  startup_tm4c129.o(.text)
    TIMER7A_Handler                          0x00000415   Thumb Code     2  startup_tm4c129.o(.text)
    TIMER7B_Handler                          0x00000417   Thumb Code     2  startup_tm4c129.o(.text)
    I2C6_Handler                             0x00000419   Thumb Code     2  startup_tm4c129.o(.text)
    I2C7_Handler                             0x0000041b   Thumb Code     2  startup_tm4c129.o(.text)
    HIMSCANKEYBOARD_Handler                  0x0000041d   Thumb Code     2  startup_tm4c129.o(.text)
    ONEWIRE_Handler                          0x0000041f   Thumb Code     2  startup_tm4c129.o(.text)
    HIMPS2_Handler                           0x00000421   Thumb Code     2  startup_tm4c129.o(.text)
    HIMLEDSEQUENCER_Handler                  0x00000423   Thumb Code     2  startup_tm4c129.o(.text)
    HIMCONSUMERIR_Handler                    0x00000425   Thumb Code     2  startup_tm4c129.o(.text)
    I2C8_Handler                             0x00000427   Thumb Code     2  startup_tm4c129.o(.text)
    I2C9_Handler                             0x00000429   Thumb Code     2  startup_tm4c129.o(.text)
    GPIOT_Handler                            0x0000042b   Thumb Code     2  startup_tm4c129.o(.text)
    __user_initial_stackheap                 0x0000042d   Thumb Code     0  startup_tm4c129.o(.text)
    __2sprintf                               0x0000044d   Thumb Code    34  noretval__2sprintf.o(.text)
    _printf_pre_padding                      0x00000475   Thumb Code    44  _printf_pad.o(.text)
    _printf_post_padding                     0x000004a1   Thumb Code    34  _printf_pad.o(.text)
    _printf_truncate_signed                  0x000004c3   Thumb Code    18  _printf_truncate.o(.text)
    _printf_truncate_unsigned                0x000004d5   Thumb Code    18  _printf_truncate.o(.text)
    _printf_str                              0x000004e7   Thumb Code    82  _printf_str.o(.text)
    _printf_int_dec                          0x00000539   Thumb Code   104  _printf_dec.o(.text)
    _printf_wctomb                           0x000005b1   Thumb Code   182  _printf_wctomb.o(.text)
    _printf_int_oct                          0x0000066d   Thumb Code    72  _printf_oct_int.o(.text)
    _printf_longlong_oct                     0x0000066d   Thumb Code     0  _printf_oct_int.o(.text)
    _printf_int_hex                          0x000006bd   Thumb Code    84  _printf_hex_int.o(.text)
    _printf_longlong_hex                     0x000006bd   Thumb Code     0  _printf_hex_int.o(.text)
    __printf                                 0x00000715   Thumb Code   388  __printf_flags_ss_wp.o(.text)
    strncmp                                  0x0000089d   Thumb Code   150  strncmp.o(.text)
    __aeabi_memmove                          0x00000933   Thumb Code     0  rt_memmove_v6.o(.text)
    __rt_memmove                             0x00000933   Thumb Code   132  rt_memmove_v6.o(.text)
    __memmove_lastfew                        0x00000993   Thumb Code     0  rt_memmove_v6.o(.text)
    strncpy                                  0x000009b7   Thumb Code    86  strncpy.o(.text)
    strcmp                                   0x00000a0d   Thumb Code   128  strcmpv7m.o(.text)
    __use_two_region_memory                  0x00000a8d   Thumb Code     2  heapauxi.o(.text)
    __rt_heap_escrow$2region                 0x00000a8f   Thumb Code     2  heapauxi.o(.text)
    __rt_heap_expand$2region                 0x00000a91   Thumb Code     2  heapauxi.o(.text)
    _printf_int_common                       0x00000a93   Thumb Code   178  _printf_intcommon.o(.text)
    __lib_sel_fp_printf                      0x00000b45   Thumb Code     2  _printf_fp_dec.o(.text)
    _printf_fp_dec_real                      0x00000cf7   Thumb Code   620  _printf_fp_dec.o(.text)
    _printf_char_common                      0x00000f6f   Thumb Code    32  _printf_char_common.o(.text)
    _sputc                                   0x00000f95   Thumb Code    10  _sputc.o(.text)
    _printf_cs_common                        0x00000f9f   Thumb Code    20  _printf_char.o(.text)
    _printf_char                             0x00000fb3   Thumb Code    16  _printf_char.o(.text)
    _printf_string                           0x00000fc3   Thumb Code     8  _printf_char.o(.text)
    _printf_lcs_common                       0x00000fcb   Thumb Code    20  _printf_wchar.o(.text)
    _printf_wchar                            0x00000fdf   Thumb Code    16  _printf_wchar.o(.text)
    _printf_wstring                          0x00000fef   Thumb Code     8  _printf_wchar.o(.text)
    _wcrtomb                                 0x00000ff7   Thumb Code    64  _wcrtomb.o(.text)
    __aeabi_memcpy                           0x00001037   Thumb Code     0  rt_memcpy_v6.o(.text)
    __rt_memcpy                              0x00001037   Thumb Code   138  rt_memcpy_v6.o(.text)
    _memcpy_lastbytes                        0x0000109d   Thumb Code     0  rt_memcpy_v6.o(.text)
    __aeabi_memmove4                         0x000010c1   Thumb Code     0  rt_memmove_w.o(.text)
    __aeabi_memmove8                         0x000010c1   Thumb Code     0  rt_memmove_w.o(.text)
    __rt_memmove_w                           0x000010c1   Thumb Code   122  rt_memmove_w.o(.text)
    __memmove_aligned                        0x000010e7   Thumb Code     0  rt_memmove_w.o(.text)
    __memmove_lastfew_aligned                0x0000111f   Thumb Code     0  rt_memmove_w.o(.text)
    __aeabi_memclr                           0x0000113b   Thumb Code     0  rt_memclr.o(.text)
    __rt_memclr                              0x0000113b   Thumb Code    68  rt_memclr.o(.text)
    _memset                                  0x0000113f   Thumb Code     0  rt_memclr.o(.text)
    __rt_ctype_table                         0x00001181   Thumb Code    16  rt_ctype_table.o(.text)
    __rt_locale                              0x00001191   Thumb Code     8  rt_locale_intlibspace.o(.text)
    _ll_udiv10                               0x00001199   Thumb Code   138  lludiv10.o(.text)
    _printf_fp_infnan                        0x00001225   Thumb Code   112  _printf_fp_infnan.o(.text)
    _btod_etento                             0x000012a5   Thumb Code   224  bigflt0.o(.text)
    __aeabi_memcpy4                          0x00001389   Thumb Code     0  rt_memcpy_w.o(.text)
    __aeabi_memcpy8                          0x00001389   Thumb Code     0  rt_memcpy_w.o(.text)
    __rt_memcpy_w                            0x00001389   Thumb Code   100  rt_memcpy_w.o(.text)
    _memcpy_lastbytes_aligned                0x000013d1   Thumb Code     0  rt_memcpy_w.o(.text)
    __aeabi_memclr4                          0x000013ed   Thumb Code     0  rt_memclr_w.o(.text)
    __aeabi_memclr8                          0x000013ed   Thumb Code     0  rt_memclr_w.o(.text)
    __rt_memclr_w                            0x000013ed   Thumb Code    78  rt_memclr_w.o(.text)
    _memset_w                                0x000013f1   Thumb Code     0  rt_memclr_w.o(.text)
    __user_libspace                          0x0000143d   Thumb Code     8  libspace.o(.text)
    __user_perproc_libspace                  0x0000143d   Thumb Code     0  libspace.o(.text)
    __user_perthread_libspace                0x0000143d   Thumb Code     0  libspace.o(.text)
    __user_setup_stackheap                   0x00001445   Thumb Code    74  sys_stackheap_outer.o(.text)
    exit                                     0x0000148f   Thumb Code    18  exit.o(.text)
    _sys_exit                                0x000014a1   Thumb Code     8  sys_exit.o(.text)
    __I$use$semihosting                      0x000014ad   Thumb Code     0  use_no_semi.o(.text)
    __use_no_semihosting_swi                 0x000014ad   Thumb Code     2  use_no_semi.o(.text)
    __semihosting_library_function           0x000014af   Thumb Code     0  indicate_semi.o(.text)
    _btod_d2e                                0x000014af   Thumb Code    62  btod.o(CL$$btod_d2e)
    _d2e_denorm_low                          0x000014ed   Thumb Code    70  btod.o(CL$$btod_d2e_denorm_low)
    _d2e_norm_op1                            0x00001533   Thumb Code    96  btod.o(CL$$btod_d2e_norm_op1)
    __btod_div_common                        0x00001593   Thumb Code   696  btod.o(CL$$btod_div_common)
    _e2e                                     0x000018cb   Thumb Code   220  btod.o(CL$$btod_e2e)
    _btod_ediv                               0x000019a7   Thumb Code    42  btod.o(CL$$btod_ediv)
    _btod_emul                               0x000019d1   Thumb Code    42  btod.o(CL$$btod_emul)
    __btod_mult_common                       0x000019fb   Thumb Code   580  btod.o(CL$$btod_mult_common)
    ADCIntClear                              0x00001c3f   Thumb Code    10  adc.o(i.ADCIntClear)
    ADCIntStatus                             0x00001c49   Thumb Code    52  adc.o(i.ADCIntStatus)
    ADCProcessorTrigger                      0x00001c7d   Thumb Code    26  adc.o(i.ADCProcessorTrigger)
    ADCSequenceConfigure                     0x00001c97   Thumb Code    96  adc.o(i.ADCSequenceConfigure)
    ADCSequenceDataGet                       0x00001cf7   Thumb Code    36  adc.o(i.ADCSequenceDataGet)
    ADCSequenceEnable                        0x00001d1b   Thumb Code    14  adc.o(i.ADCSequenceEnable)
    ADCSequenceStepConfigure                 0x00001d29   Thumb Code   154  adc.o(i.ADCSequenceStepConfigure)
    ADC_Init                                 0x00001dc5   Thumb Code    62  finalproject.o(i.ADC_Init)
    Beep_Init                                0x00001e0d   Thumb Code    92  finalproject.o(i.Beep_Init)
    Blank                                    0x00001e7d   Thumb Code    46  finalproject.o(i.Blank)
    Buzzer_Off                               0x00001eb1   Thumb Code    20  finalproject.o(i.Buzzer_Off)
    Buzzer_On                                0x00001ecd   Thumb Code    14  finalproject.o(i.Buzzer_On)
    CheckStateSwitch                         0x00001ee1   Thumb Code   154  finalproject.o(i.CheckStateSwitch)
    Delay                                    0x00001f81   Thumb Code    12  finalproject.o(i.Delay)
    FloatToString                            0x00001f8d   Thumb Code    42  finalproject.o(i.FloatToString)
    GPIODirModeSet                           0x00001fc5   Thumb Code    40  gpio.o(i.GPIODirModeSet)
    GPIOPadConfigSet                         0x00001fed   Thumb Code   312  gpio.o(i.GPIOPadConfigSet)
    GPIOPinConfigure                         0x00002125   Thumb Code    60  gpio.o(i.GPIOPinConfigure)
    GPIOPinTypeGPIOInput                     0x00002169   Thumb Code    28  gpio.o(i.GPIOPinTypeGPIOInput)
    GPIOPinTypeGPIOOutput                    0x00002185   Thumb Code    28  gpio.o(i.GPIOPinTypeGPIOOutput)
    GPIOPinTypeI2C                           0x000021a1   Thumb Code    28  gpio.o(i.GPIOPinTypeI2C)
    GPIOPinTypeI2CSCL                        0x000021bd   Thumb Code    28  gpio.o(i.GPIOPinTypeI2CSCL)
    GPIOPinTypePWM                           0x000021d9   Thumb Code    28  gpio.o(i.GPIOPinTypePWM)
    GPIOPinTypeUART                          0x000021f5   Thumb Code    28  gpio.o(i.GPIOPinTypeUART)
    I2C0_ReadByte                            0x00002211   Thumb Code   122  finalproject.o(i.I2C0_ReadByte)
    I2C0_WriteByte                           0x00002291   Thumb Code   110  finalproject.o(i.I2C0_WriteByte)
    I2CMasterBusBusy                         0x00002305   Thumb Code    12  i2c.o(i.I2CMasterBusBusy)
    I2CMasterBusy                            0x00002311   Thumb Code    12  i2c.o(i.I2CMasterBusy)
    I2CMasterControl                         0x0000231d   Thumb Code     4  i2c.o(i.I2CMasterControl)
    I2CMasterDataGet                         0x00002321   Thumb Code     4  i2c.o(i.I2CMasterDataGet)
    I2CMasterDataPut                         0x00002325   Thumb Code     4  i2c.o(i.I2CMasterDataPut)
    I2CMasterEnable                          0x00002329   Thumb Code    10  i2c.o(i.I2CMasterEnable)
    I2CMasterErr                             0x00002333   Thumb Code    24  i2c.o(i.I2CMasterErr)
    I2CMasterInitExpClk                      0x0000234d   Thumb Code    72  i2c.o(i.I2CMasterInitExpClk)
    I2CMasterSlaveAddrSet                    0x000023a1   Thumb Code     8  i2c.o(i.I2CMasterSlaveAddrSet)
    IntEnable                                0x000023a9   Thumb Code    92  interrupt.o(i.IntEnable)
    IntMasterDisable                         0x0000240d   Thumb Code    14  interrupt.o(i.IntMasterDisable)
    IntMasterEnable                          0x0000241b   Thumb Code    14  interrupt.o(i.IntMasterEnable)
    IntPriorityGet                           0x00002429   Thumb Code    22  interrupt.o(i.IntPriorityGet)
    IntPriorityGroupingGet                   0x00002445   Thumb Code    28  interrupt.o(i.IntPriorityGroupingGet)
    IntPriorityGroupingSet                   0x00002469   Thumb Code    20  interrupt.o(i.IntPriorityGroupingSet)
    IntPriorityMaskGet                       0x00002485   Thumb Code     4  interrupt.o(i.IntPriorityMaskGet)
    IntPrioritySet                           0x00002489   Thumb Code    36  interrupt.o(i.IntPrioritySet)
    Load_date                                0x000024b1   Thumb Code   176  finalproject.o(i.Load_date)
    Load_time                                0x00002565   Thumb Code   172  finalproject.o(i.Load_time)
    PWMGenConfigure                          0x00002615   Thumb Code    38  pwm.o(i.PWMGenConfigure)
    PWMGenEnable                             0x0000263b   Thumb Code    10  pwm.o(i.PWMGenEnable)
    PWMGenPeriodSet                          0x00002645   Thumb Code    18  pwm.o(i.PWMGenPeriodSet)
    PWMOutputState                           0x00002657   Thumb Code    16  pwm.o(i.PWMOutputState)
    PWMPulseWidthSet                         0x00002667   Thumb Code    32  pwm.o(i.PWMPulseWidthSet)
    Power_On_Init                            0x00002689   Thumb Code   138  finalproject.o(i.Power_On_Init)
    ProcessCommand                           0x00002735   Thumb Code  2974  finalproject.o(i.ProcessCommand)
    ReadKey                                  0x00003305   Thumb Code    20  finalproject.o(i.ReadKey)
    RemoveSpaces                             0x0000331d   Thumb Code    66  finalproject.o(i.RemoveSpaces)
    S800_GPIO_Init                           0x00003361   Thumb Code    72  finalproject.o(i.S800_GPIO_Init)
    S800_I2C0_Init                           0x000033b5   Thumb Code   122  finalproject.o(i.S800_I2C0_Init)
    S800_UART_Init                           0x0000344d   Thumb Code    74  finalproject.o(i.S800_UART_Init)
    Show                                     0x000034bd   Thumb Code    74  finalproject.o(i.Show)
    ShowAlarm                                0x00003511   Thumb Code    68  finalproject.o(i.ShowAlarm)
    ShowAlarm2                               0x00003565   Thumb Code    68  finalproject.o(i.ShowAlarm2)
    ShowDate                                 0x000035b9   Thumb Code    68  finalproject.o(i.ShowDate)
    ShowTime                                 0x0000360d   Thumb Code    68  finalproject.o(i.ShowTime)
    SysCtlClockFreqSet                       0x00003661   Thumb Code   706  sysctl.o(i.SysCtlClockFreqSet)
    SysCtlClockGet                           0x0000394d   Thumb Code   304  sysctl.o(i.SysCtlClockGet)
    SysCtlPeripheralEnable                   0x00003aa1   Thumb Code    36  sysctl.o(i.SysCtlPeripheralEnable)
    SysCtlPeripheralReady                    0x00003ac9   Thumb Code    40  sysctl.o(i.SysCtlPeripheralReady)
    SysTickEnable                            0x00003af5   Thumb Code    14  systick.o(i.SysTickEnable)
    SysTickIntEnable                         0x00003b03   Thumb Code    14  systick.o(i.SysTickIntEnable)
    SysTickIntHandler                        0x00003b11   Thumb Code  1120  finalproject.o(i.SysTickIntHandler)
    SysTickPeriodSet                         0x00003f75   Thumb Code    10  systick.o(i.SysTickPeriodSet)
    SystemInit                               0x00003f81   Thumb Code    20  system_tm4c129.o(i.SystemInit)
    UART0_Handler                            0x00003fa1   Thumb Code   158  finalproject.o(i.UART0_Handler)
    UART0_ProcessCommands                    0x00004049   Thumb Code    62  finalproject.o(i.UART0_ProcessCommands)
    UARTCharGetNonBlocking                   0x0000408d   Thumb Code    16  uart.o(i.UARTCharGetNonBlocking)
    UARTCharPut                              0x0000409d   Thumb Code    12  uart.o(i.UARTCharPut)
    UARTCharsAvail                           0x000040a9   Thumb Code    10  uart.o(i.UARTCharsAvail)
    UARTConfigSetExpClk                      0x000040b3   Thumb Code   110  uart.o(i.UARTConfigSetExpClk)
    UARTIntClear                             0x00004121   Thumb Code     4  uart.o(i.UARTIntClear)
    UARTIntEnable                            0x00004125   Thumb Code     8  uart.o(i.UARTIntEnable)
    UARTIntStatus                            0x0000412d   Thumb Code    10  uart.o(i.UARTIntStatus)
    UARTStringPut                            0x00004139   Thumb Code    24  finalproject.o(i.UARTStringPut)
    Uint16ToString                           0x00004155   Thumb Code    20  finalproject.o(i.Uint16ToString)
    Uint8ToString                            0x0000416d   Thumb Code    20  finalproject.o(i.Uint8ToString)
    __ARM_fpclassify                         0x00004185   Thumb Code    48  fpclassify.o(i.__ARM_fpclassify)
    _is_digit                                0x000041b5   Thumb Code    14  __printf_wp.o(i._is_digit)
    get_temperature                          0x000041c5   Thumb Code    96  finalproject.o(i.get_temperature)
    main                                     0x00004241   Thumb Code  2018  finalproject.o(i.main)
    _get_lc_numeric                          0x00004a49   Thumb Code    44  lc_numeric_c.o(locale$$code)
    _get_lc_ctype                            0x00004a75   Thumb Code    44  lc_ctype_c.o(locale$$code)
    __fpl_dretinf                            0x00004aa1   Thumb Code    12  dretinf.o(x$fpl$dretinf)
    __aeabi_f2d                              0x00004aad   Thumb Code     0  f2d.o(x$fpl$f2d)
    _f2d                                     0x00004aad   Thumb Code    86  f2d.o(x$fpl$f2d)
    __fpl_fnaninf                            0x00004b03   Thumb Code   140  fnaninf.o(x$fpl$fnaninf)
    _fp_init                                 0x00004b8f   Thumb Code    10  fpinit.o(x$fpl$fpinit)
    __fplib_config_fpu_vfp                   0x00004b97   Thumb Code     0  fpinit.o(x$fpl$fpinit)
    __fplib_config_pureend_doubles           0x00004b97   Thumb Code     0  fpinit.o(x$fpl$fpinit)
    _printf_fp_dec                           0x00004b99   Thumb Code     4  printf1.o(x$fpl$printf1)
    __I$use$fp                               0x00004b9c   Number         0  usenofp.o(x$fpl$usenofp)
    Region$$Table$$Base                      0x000051fc   Number         0  anon$$obj.o(Region$$Table)
    Region$$Table$$Limit                     0x0000521c   Number         0  anon$$obj.o(Region$$Table)
    __ctype                                  0x00005245   Data           0  lc_ctype_c.o(locale$$data)
    result                                   0x20000000   Data           1  finalproject.o(.data)
    ui32SysClock                             0x20000004   Data           4  finalproject.o(.data)
    ui32IntPriorityGroup                     0x20000008   Data           4  finalproject.o(.data)
    ui32IntPriorityMask                      0x2000000c   Data           4  finalproject.o(.data)
    ui32IntPrioritySystick                   0x20000010   Data           4  finalproject.o(.data)
    ui32IntPriorityUart0                     0x20000014   Data           4  finalproject.o(.data)
    num_seg7                                 0x20000018   Data          47  finalproject.o(.data)
    mirror_num_seg7                          0x20000047   Data          47  finalproject.o(.data)
    currentMode                              0x20000076   Data           1  finalproject.o(.data)
    currentState                             0x20000077   Data           1  finalproject.o(.data)
    currentKey                               0x20000078   Data           1  finalproject.o(.data)
    lastKeyState                             0x20000079   Data           1  finalproject.o(.data)
    Buffer                                   0x2000007a   Data           8  finalproject.o(.data)
    Time_buffer                              0x20000082   Data           3  finalproject.o(.data)
    Time_RST_buffer                          0x20000085   Data           3  finalproject.o(.data)
    Date_buffer                              0x20000088   Data           4  finalproject.o(.data)
    Date_RST_buffer                          0x2000008c   Data           4  finalproject.o(.data)
    Alarm_buffer                             0x20000090   Data           3  finalproject.o(.data)
    Alarm_RST_buffer                         0x20000093   Data           3  finalproject.o(.data)
    Alarm_buffer2                            0x20000096   Data           3  finalproject.o(.data)
    Alarm_RST_buffer2                        0x20000099   Data           3  finalproject.o(.data)
    Blank_buffer                             0x2000009c   Data           8  finalproject.o(.data)
    float_cnt                                0x200000a4   Data           4  finalproject.o(.data)
    time_cnt                                 0x200000a8   Data           2  finalproject.o(.data)
    left_float_speed                         0x200000aa   Data           1  finalproject.o(.data)
    right_float_speed                        0x200000ab   Data           1  finalproject.o(.data)
    date_blink_start_bit                     0x200000ac   Data           1  finalproject.o(.data)
    date_blink_end_bit                       0x200000ad   Data           1  finalproject.o(.data)
    blink_start_bit                          0x200000ae   Data           1  finalproject.o(.data)
    blink_end_bit                            0x200000af   Data           1  finalproject.o(.data)
    bit_cnt                                  0x200000b0   Data           1  finalproject.o(.data)
    blink_time_cnt                           0x200000b2   Data           2  finalproject.o(.data)
    run_time_cnt                             0x200000b4   Data           2  finalproject.o(.data)
    time_sec_carry                           0x200000b6   Data           1  finalproject.o(.data)
    time_min_carry                           0x200000b7   Data           1  finalproject.o(.data)
    alarm_sec_carry                          0x200000b8   Data           1  finalproject.o(.data)
    alarm_min_carry                          0x200000b9   Data           1  finalproject.o(.data)
    beep_flag                                0x200000ba   Data           1  finalproject.o(.data)
    reverse_flag                             0x200000bb   Data           1  finalproject.o(.data)
    blank_flag                               0x200000bc   Data           1  finalproject.o(.data)
    ui32ADCValue                             0x200000c0   Data           4  finalproject.o(.data)
    vRefDiff                                 0x200000c4   Data           4  finalproject.o(.data)
    fTemperature                             0x200000c8   Data           4  finalproject.o(.data)
    SystemCoreClock                          0x200000d0   Data           4  system_tm4c129.o(.data)
    Float_buffer                             0x200000d4   Data          16  finalproject.o(.bss)
    UART0_Rx                                 0x200000e4   Data         260  finalproject.o(.bss)
    txBuffer                                 0x200001e8   Data         128  finalproject.o(.bss)
    __libspace_start                         0x20000268   Data          96  libspace.o(.bss)
    __temporary_stack_top$libspace           0x200002c8   Data           0  libspace.o(.bss)



==============================================================================

Memory Map of the image

  Image Entry point : 0x00000201

  Load Region LR_IROM1 (Base: 0x00000000, Size: 0x0000541c, Max: 0x00100000, ABSOLUTE)

    Execution Region ER_IROM1 (Exec base: 0x00000000, Load base: 0x00000000, Size: 0x00005348, Max: 0x00100000, ABSOLUTE)

    Exec Addr    Load Addr    Size         Type   Attr      Idx    E Section Name        Object

    0x00000000   0x00000000   0x00000200   Data   RO          287    RESET               startup_tm4c129.o
    0x00000200   0x00000200   0x00000008   Code   RO         2420  * !!!main             c_w.l(__main.o)
    0x00000208   0x00000208   0x00000034   Code   RO         2660    !!!scatter          c_w.l(__scatter.o)
    0x0000023c   0x0000023c   0x0000001a   Code   RO         2662    !!handler_copy      c_w.l(__scatter_copy.o)
    0x00000256   0x00000256   0x00000002   PAD
    0x00000258   0x00000258   0x0000001c   Code   RO         2664    !!handler_zi        c_w.l(__scatter_zi.o)
    0x00000274   0x00000274   0x00000000   Code   RO         2408    .ARM.Collect$$_printf_percent$$00000000  c_w.l(_printf_percent.o)
    0x00000274   0x00000274   0x00000006   Code   RO         2407    .ARM.Collect$$_printf_percent$$00000003  c_w.l(_printf_f.o)
    0x0000027a   0x0000027a   0x00000006   Code   RO         2404    .ARM.Collect$$_printf_percent$$00000008  c_w.l(_printf_i.o)
    0x00000280   0x00000280   0x00000006   Code   RO         2405    .ARM.Collect$$_printf_percent$$00000009  c_w.l(_printf_d.o)
    0x00000286   0x00000286   0x00000006   Code   RO         2406    .ARM.Collect$$_printf_percent$$0000000A  c_w.l(_printf_u.o)
    0x0000028c   0x0000028c   0x00000006   Code   RO         2403    .ARM.Collect$$_printf_percent$$0000000B  c_w.l(_printf_o.o)
    0x00000292   0x00000292   0x00000006   Code   RO         2402    .ARM.Collect$$_printf_percent$$0000000C  c_w.l(_printf_x.o)
    0x00000298   0x00000298   0x0000000a   Code   RO         2440    .ARM.Collect$$_printf_percent$$00000012  c_w.l(_printf_l.o)
    0x000002a2   0x000002a2   0x00000006   Code   RO         2401    .ARM.Collect$$_printf_percent$$00000013  c_w.l(_printf_c.o)
    0x000002a8   0x000002a8   0x00000006   Code   RO         2409    .ARM.Collect$$_printf_percent$$00000015  c_w.l(_printf_lc.o)
    0x000002ae   0x000002ae   0x00000004   Code   RO         2439    .ARM.Collect$$_printf_percent$$00000017  c_w.l(_printf_percent_end.o)
    0x000002b2   0x000002b2   0x00000002   Code   RO         2533    .ARM.Collect$$libinit$$00000000  c_w.l(libinit.o)
    0x000002b4   0x000002b4   0x00000004   Code   RO         2534    .ARM.Collect$$libinit$$00000001  c_w.l(libinit2.o)
    0x000002b8   0x000002b8   0x00000000   Code   RO         2537    .ARM.Collect$$libinit$$00000004  c_w.l(libinit2.o)
    0x000002b8   0x000002b8   0x00000000   Code   RO         2540    .ARM.Collect$$libinit$$0000000A  c_w.l(libinit2.o)
    0x000002b8   0x000002b8   0x00000000   Code   RO         2542    .ARM.Collect$$libinit$$0000000C  c_w.l(libinit2.o)
    0x000002b8   0x000002b8   0x00000000   Code   RO         2544    .ARM.Collect$$libinit$$0000000E  c_w.l(libinit2.o)
    0x000002b8   0x000002b8   0x00000006   Code   RO         2545    .ARM.Collect$$libinit$$0000000F  c_w.l(libinit2.o)
    0x000002be   0x000002be   0x00000000   Code   RO         2547    .ARM.Collect$$libinit$$00000011  c_w.l(libinit2.o)
    0x000002be   0x000002be   0x0000000c   Code   RO         2548    .ARM.Collect$$libinit$$00000012  c_w.l(libinit2.o)
    0x000002ca   0x000002ca   0x00000000   Code   RO         2549    .ARM.Collect$$libinit$$00000013  c_w.l(libinit2.o)
    0x000002ca   0x000002ca   0x00000000   Code   RO         2551    .ARM.Collect$$libinit$$00000015  c_w.l(libinit2.o)
    0x000002ca   0x000002ca   0x0000000a   Code   RO         2552    .ARM.Collect$$libinit$$00000016  c_w.l(libinit2.o)
    0x000002d4   0x000002d4   0x00000000   Code   RO         2553    .ARM.Collect$$libinit$$00000017  c_w.l(libinit2.o)
    0x000002d4   0x000002d4   0x00000000   Code   RO         2555    .ARM.Collect$$libinit$$00000019  c_w.l(libinit2.o)
    0x000002d4   0x000002d4   0x00000000   Code   RO         2557    .ARM.Collect$$libinit$$0000001B  c_w.l(libinit2.o)
    0x000002d4   0x000002d4   0x00000000   Code   RO         2559    .ARM.Collect$$libinit$$0000001D  c_w.l(libinit2.o)
    0x000002d4   0x000002d4   0x00000000   Code   RO         2561    .ARM.Collect$$libinit$$0000001F  c_w.l(libinit2.o)
    0x000002d4   0x000002d4   0x00000000   Code   RO         2563    .ARM.Collect$$libinit$$00000021  c_w.l(libinit2.o)
    0x000002d4   0x000002d4   0x00000000   Code   RO         2565    .ARM.Collect$$libinit$$00000023  c_w.l(libinit2.o)
    0x000002d4   0x000002d4   0x00000000   Code   RO         2567    .ARM.Collect$$libinit$$00000025  c_w.l(libinit2.o)
    0x000002d4   0x000002d4   0x00000000   Code   RO         2571    .ARM.Collect$$libinit$$0000002C  c_w.l(libinit2.o)
    0x000002d4   0x000002d4   0x00000000   Code   RO         2573    .ARM.Collect$$libinit$$0000002E  c_w.l(libinit2.o)
    0x000002d4   0x000002d4   0x00000000   Code   RO         2575    .ARM.Collect$$libinit$$00000030  c_w.l(libinit2.o)
    0x000002d4   0x000002d4   0x00000000   Code   RO         2577    .ARM.Collect$$libinit$$00000032  c_w.l(libinit2.o)
    0x000002d4   0x000002d4   0x00000002   Code   RO         2578    .ARM.Collect$$libinit$$00000033  c_w.l(libinit2.o)
    0x000002d6   0x000002d6   0x00000002   Code   RO         2608    .ARM.Collect$$libshutdown$$00000000  c_w.l(libshutdown.o)
    0x000002d8   0x000002d8   0x00000000   Code   RO         2619    .ARM.Collect$$libshutdown$$00000002  c_w.l(libshutdown2.o)
    0x000002d8   0x000002d8   0x00000000   Code   RO         2621    .ARM.Collect$$libshutdown$$00000004  c_w.l(libshutdown2.o)
    0x000002d8   0x000002d8   0x00000000   Code   RO         2624    .ARM.Collect$$libshutdown$$00000007  c_w.l(libshutdown2.o)
    0x000002d8   0x000002d8   0x00000000   Code   RO         2627    .ARM.Collect$$libshutdown$$0000000A  c_w.l(libshutdown2.o)
    0x000002d8   0x000002d8   0x00000000   Code   RO         2629    .ARM.Collect$$libshutdown$$0000000C  c_w.l(libshutdown2.o)
    0x000002d8   0x000002d8   0x00000000   Code   RO         2632    .ARM.Collect$$libshutdown$$0000000F  c_w.l(libshutdown2.o)
    0x000002d8   0x000002d8   0x00000002   Code   RO         2633    .ARM.Collect$$libshutdown$$00000010  c_w.l(libshutdown2.o)
    0x000002da   0x000002da   0x00000000   Code   RO         2426    .ARM.Collect$$rtentry$$00000000  c_w.l(__rtentry.o)
    0x000002da   0x000002da   0x00000000   Code   RO         2455    .ARM.Collect$$rtentry$$00000002  c_w.l(__rtentry2.o)
    0x000002da   0x000002da   0x00000006   Code   RO         2467    .ARM.Collect$$rtentry$$00000004  c_w.l(__rtentry4.o)
    0x000002e0   0x000002e0   0x00000000   Code   RO         2457    .ARM.Collect$$rtentry$$00000009  c_w.l(__rtentry2.o)
    0x000002e0   0x000002e0   0x00000004   Code   RO         2458    .ARM.Collect$$rtentry$$0000000A  c_w.l(__rtentry2.o)
    0x000002e4   0x000002e4   0x00000000   Code   RO         2460    .ARM.Collect$$rtentry$$0000000C  c_w.l(__rtentry2.o)
    0x000002e4   0x000002e4   0x00000008   Code   RO         2461    .ARM.Collect$$rtentry$$0000000D  c_w.l(__rtentry2.o)
    0x000002ec   0x000002ec   0x00000002   Code   RO         2579    .ARM.Collect$$rtexit$$00000000  c_w.l(rtexit.o)
    0x000002ee   0x000002ee   0x00000000   Code   RO         2586    .ARM.Collect$$rtexit$$00000002  c_w.l(rtexit2.o)
    0x000002ee   0x000002ee   0x00000004   Code   RO         2587    .ARM.Collect$$rtexit$$00000003  c_w.l(rtexit2.o)
    0x000002f2   0x000002f2   0x00000006   Code   RO         2588    .ARM.Collect$$rtexit$$00000004  c_w.l(rtexit2.o)
    0x000002f8   0x000002f8   0x00000026   Code   RO         2325    .emb_text           driverlib.lib(cpu.o)
    0x0000031e   0x0000031e   0x00000002   PAD
    0x00000320   0x00000320   0x0000012c   Code   RO          288    .text               startup_tm4c129.o
    0x0000044c   0x0000044c   0x00000028   Code   RO         2339    .text               c_w.l(noretval__2sprintf.o)
    0x00000474   0x00000474   0x0000004e   Code   RO         2343    .text               c_w.l(_printf_pad.o)
    0x000004c2   0x000004c2   0x00000024   Code   RO         2345    .text               c_w.l(_printf_truncate.o)
    0x000004e6   0x000004e6   0x00000052   Code   RO         2347    .text               c_w.l(_printf_str.o)
    0x00000538   0x00000538   0x00000078   Code   RO         2349    .text               c_w.l(_printf_dec.o)
    0x000005b0   0x000005b0   0x000000bc   Code   RO         2351    .text               c_w.l(_printf_wctomb.o)
    0x0000066c   0x0000066c   0x00000050   Code   RO         2356    .text               c_w.l(_printf_oct_int.o)
    0x000006bc   0x000006bc   0x00000058   Code   RO         2363    .text               c_w.l(_printf_hex_int.o)
    0x00000714   0x00000714   0x00000188   Code   RO         2398    .text               c_w.l(__printf_flags_ss_wp.o)
    0x0000089c   0x0000089c   0x00000096   Code   RO         2410    .text               c_w.l(strncmp.o)
    0x00000932   0x00000932   0x00000084   Code   RO         2412    .text               c_w.l(rt_memmove_v6.o)
    0x000009b6   0x000009b6   0x00000056   Code   RO         2414    .text               c_w.l(strncpy.o)
    0x00000a0c   0x00000a0c   0x00000080   Code   RO         2416    .text               c_w.l(strcmpv7m.o)
    0x00000a8c   0x00000a8c   0x00000006   Code   RO         2418    .text               c_w.l(heapauxi.o)
    0x00000a92   0x00000a92   0x000000b2   Code   RO         2427    .text               c_w.l(_printf_intcommon.o)
    0x00000b44   0x00000b44   0x0000041e   Code   RO         2429    .text               c_w.l(_printf_fp_dec.o)
    0x00000f62   0x00000f62   0x00000002   PAD
    0x00000f64   0x00000f64   0x00000030   Code   RO         2431    .text               c_w.l(_printf_char_common.o)
    0x00000f94   0x00000f94   0x0000000a   Code   RO         2433    .text               c_w.l(_sputc.o)
    0x00000f9e   0x00000f9e   0x0000002c   Code   RO         2435    .text               c_w.l(_printf_char.o)
    0x00000fca   0x00000fca   0x0000002c   Code   RO         2437    .text               c_w.l(_printf_wchar.o)
    0x00000ff6   0x00000ff6   0x00000040   Code   RO         2441    .text               c_w.l(_wcrtomb.o)
    0x00001036   0x00001036   0x0000008a   Code   RO         2443    .text               c_w.l(rt_memcpy_v6.o)
    0x000010c0   0x000010c0   0x0000007a   Code   RO         2445    .text               c_w.l(rt_memmove_w.o)
    0x0000113a   0x0000113a   0x00000044   Code   RO         2447    .text               c_w.l(rt_memclr.o)
    0x0000117e   0x0000117e   0x00000002   PAD
    0x00001180   0x00001180   0x00000010   Code   RO         2469    .text               c_w.l(rt_ctype_table.o)
    0x00001190   0x00001190   0x00000008   Code   RO         2474    .text               c_w.l(rt_locale_intlibspace.o)
    0x00001198   0x00001198   0x0000008a   Code   RO         2476    .text               c_w.l(lludiv10.o)
    0x00001222   0x00001222   0x00000002   PAD
    0x00001224   0x00001224   0x00000080   Code   RO         2478    .text               c_w.l(_printf_fp_infnan.o)
    0x000012a4   0x000012a4   0x000000e4   Code   RO         2482    .text               c_w.l(bigflt0.o)
    0x00001388   0x00001388   0x00000064   Code   RO         2510    .text               c_w.l(rt_memcpy_w.o)
    0x000013ec   0x000013ec   0x0000004e   Code   RO         2512    .text               c_w.l(rt_memclr_w.o)
    0x0000143a   0x0000143a   0x00000002   PAD
    0x0000143c   0x0000143c   0x00000008   Code   RO         2518    .text               c_w.l(libspace.o)
    0x00001444   0x00001444   0x0000004a   Code   RO         2521    .text               c_w.l(sys_stackheap_outer.o)
    0x0000148e   0x0000148e   0x00000012   Code   RO         2526    .text               c_w.l(exit.o)
    0x000014a0   0x000014a0   0x0000000c   Code   RO         2598    .text               c_w.l(sys_exit.o)
    0x000014ac   0x000014ac   0x00000002   Code   RO         2609    .text               c_w.l(use_no_semi.o)
    0x000014ae   0x000014ae   0x00000000   Code   RO         2611    .text               c_w.l(indicate_semi.o)
    0x000014ae   0x000014ae   0x0000003e   Code   RO         2485    CL$$btod_d2e        c_w.l(btod.o)
    0x000014ec   0x000014ec   0x00000046   Code   RO         2487    CL$$btod_d2e_denorm_low  c_w.l(btod.o)
    0x00001532   0x00001532   0x00000060   Code   RO         2486    CL$$btod_d2e_norm_op1  c_w.l(btod.o)
    0x00001592   0x00001592   0x00000338   Code   RO         2495    CL$$btod_div_common  c_w.l(btod.o)
    0x000018ca   0x000018ca   0x000000dc   Code   RO         2492    CL$$btod_e2e        c_w.l(btod.o)
    0x000019a6   0x000019a6   0x0000002a   Code   RO         2489    CL$$btod_ediv       c_w.l(btod.o)
    0x000019d0   0x000019d0   0x0000002a   Code   RO         2488    CL$$btod_emul       c_w.l(btod.o)
    0x000019fa   0x000019fa   0x00000244   Code   RO         2494    CL$$btod_mult_common  c_w.l(btod.o)
    0x00001c3e   0x00001c3e   0x0000000a   Code   RO          359    i.ADCIntClear       driverlib.lib(adc.o)
    0x00001c48   0x00001c48   0x00000034   Code   RO          366    i.ADCIntStatus      driverlib.lib(adc.o)
    0x00001c7c   0x00001c7c   0x0000001a   Code   RO          371    i.ADCProcessorTrigger  driverlib.lib(adc.o)
    0x00001c96   0x00001c96   0x00000060   Code   RO          374    i.ADCSequenceConfigure  driverlib.lib(adc.o)
    0x00001cf6   0x00001cf6   0x00000024   Code   RO          377    i.ADCSequenceDataGet  driverlib.lib(adc.o)
    0x00001d1a   0x00001d1a   0x0000000e   Code   RO          379    i.ADCSequenceEnable  driverlib.lib(adc.o)
    0x00001d28   0x00001d28   0x0000009a   Code   RO          382    i.ADCSequenceStepConfigure  driverlib.lib(adc.o)
    0x00001dc2   0x00001dc2   0x00000002   PAD
    0x00001dc4   0x00001dc4   0x00000048   Code   RO            1    i.ADC_Init          finalproject.o
    0x00001e0c   0x00001e0c   0x00000070   Code   RO            2    i.Beep_Init         finalproject.o
    0x00001e7c   0x00001e7c   0x00000034   Code   RO            3    i.Blank             finalproject.o
    0x00001eb0   0x00001eb0   0x0000001c   Code   RO            4    i.Buzzer_Off        finalproject.o
    0x00001ecc   0x00001ecc   0x00000014   Code   RO            5    i.Buzzer_On         finalproject.o
    0x00001ee0   0x00001ee0   0x000000a0   Code   RO            7    i.CheckStateSwitch  finalproject.o
    0x00001f80   0x00001f80   0x0000000c   Code   RO            8    i.Delay             finalproject.o
    0x00001f8c   0x00001f8c   0x00000038   Code   RO            9    i.FloatToString     finalproject.o
    0x00001fc4   0x00001fc4   0x00000028   Code   RO          631    i.GPIODirModeSet    driverlib.lib(gpio.o)
    0x00001fec   0x00001fec   0x00000138   Code   RO          643    i.GPIOPadConfigSet  driverlib.lib(gpio.o)
    0x00002124   0x00002124   0x00000044   Code   RO          644    i.GPIOPinConfigure  driverlib.lib(gpio.o)
    0x00002168   0x00002168   0x0000001c   Code   RO          654    i.GPIOPinTypeGPIOInput  driverlib.lib(gpio.o)
    0x00002184   0x00002184   0x0000001c   Code   RO          655    i.GPIOPinTypeGPIOOutput  driverlib.lib(gpio.o)
    0x000021a0   0x000021a0   0x0000001c   Code   RO          658    i.GPIOPinTypeI2C    driverlib.lib(gpio.o)
    0x000021bc   0x000021bc   0x0000001c   Code   RO          659    i.GPIOPinTypeI2CSCL  driverlib.lib(gpio.o)
    0x000021d8   0x000021d8   0x0000001c   Code   RO          662    i.GPIOPinTypePWM    driverlib.lib(gpio.o)
    0x000021f4   0x000021f4   0x0000001c   Code   RO          667    i.GPIOPinTypeUART   driverlib.lib(gpio.o)
    0x00002210   0x00002210   0x00000080   Code   RO           10    i.I2C0_ReadByte     finalproject.o
    0x00002290   0x00002290   0x00000074   Code   RO           11    i.I2C0_WriteByte    finalproject.o
    0x00002304   0x00002304   0x0000000c   Code   RO          943    i.I2CMasterBusBusy  driverlib.lib(i2c.o)
    0x00002310   0x00002310   0x0000000c   Code   RO          944    i.I2CMasterBusy     driverlib.lib(i2c.o)
    0x0000231c   0x0000231c   0x00000004   Code   RO          945    i.I2CMasterControl  driverlib.lib(i2c.o)
    0x00002320   0x00002320   0x00000004   Code   RO          946    i.I2CMasterDataGet  driverlib.lib(i2c.o)
    0x00002324   0x00002324   0x00000004   Code   RO          947    i.I2CMasterDataPut  driverlib.lib(i2c.o)
    0x00002328   0x00002328   0x0000000a   Code   RO          949    i.I2CMasterEnable   driverlib.lib(i2c.o)
    0x00002332   0x00002332   0x00000018   Code   RO          950    i.I2CMasterErr      driverlib.lib(i2c.o)
    0x0000234a   0x0000234a   0x00000002   PAD
    0x0000234c   0x0000234c   0x00000054   Code   RO          952    i.I2CMasterInitExpClk  driverlib.lib(i2c.o)
    0x000023a0   0x000023a0   0x00000008   Code   RO          962    i.I2CMasterSlaveAddrSet  driverlib.lib(i2c.o)
    0x000023a8   0x000023a8   0x00000064   Code   RO         1271    i.IntEnable         driverlib.lib(interrupt.o)
    0x0000240c   0x0000240c   0x0000000e   Code   RO         1273    i.IntMasterDisable  driverlib.lib(interrupt.o)
    0x0000241a   0x0000241a   0x0000000e   Code   RO         1274    i.IntMasterEnable   driverlib.lib(interrupt.o)
    0x00002428   0x00002428   0x0000001c   Code   RO         1277    i.IntPriorityGet    driverlib.lib(interrupt.o)
    0x00002444   0x00002444   0x00000024   Code   RO         1278    i.IntPriorityGroupingGet  driverlib.lib(interrupt.o)
    0x00002468   0x00002468   0x0000001c   Code   RO         1279    i.IntPriorityGroupingSet  driverlib.lib(interrupt.o)
    0x00002484   0x00002484   0x00000004   Code   RO         1280    i.IntPriorityMaskGet  driverlib.lib(interrupt.o)
    0x00002488   0x00002488   0x00000028   Code   RO         1282    i.IntPrioritySet    driverlib.lib(interrupt.o)
    0x000024b0   0x000024b0   0x000000b4   Code   RO           12    i.Load_date         finalproject.o
    0x00002564   0x00002564   0x000000b0   Code   RO           13    i.Load_time         finalproject.o
    0x00002614   0x00002614   0x00000026   Code   RO         1394    i.PWMGenConfigure   driverlib.lib(pwm.o)
    0x0000263a   0x0000263a   0x0000000a   Code   RO         1396    i.PWMGenEnable      driverlib.lib(pwm.o)
    0x00002644   0x00002644   0x00000012   Code   RO         1409    i.PWMGenPeriodSet   driverlib.lib(pwm.o)
    0x00002656   0x00002656   0x00000010   Code   RO         1416    i.PWMOutputState    driverlib.lib(pwm.o)
    0x00002666   0x00002666   0x00000020   Code   RO         1419    i.PWMPulseWidthSet  driverlib.lib(pwm.o)
    0x00002686   0x00002686   0x00000002   PAD
    0x00002688   0x00002688   0x000000ac   Code   RO           14    i.Power_On_Init     finalproject.o
    0x00002734   0x00002734   0x00000bd0   Code   RO           15    i.ProcessCommand    finalproject.o
    0x00003304   0x00003304   0x00000018   Code   RO           16    i.ReadKey           finalproject.o
    0x0000331c   0x0000331c   0x00000042   Code   RO           17    i.RemoveSpaces      finalproject.o
    0x0000335e   0x0000335e   0x00000002   PAD
    0x00003360   0x00003360   0x00000054   Code   RO           18    i.S800_GPIO_Init    finalproject.o
    0x000033b4   0x000033b4   0x00000098   Code   RO           19    i.S800_I2C0_Init    finalproject.o
    0x0000344c   0x0000344c   0x00000070   Code   RO           20    i.S800_UART_Init    finalproject.o
    0x000034bc   0x000034bc   0x00000054   Code   RO           21    i.Show              finalproject.o
    0x00003510   0x00003510   0x00000054   Code   RO           22    i.ShowAlarm         finalproject.o
    0x00003564   0x00003564   0x00000054   Code   RO           23    i.ShowAlarm2        finalproject.o
    0x000035b8   0x000035b8   0x00000054   Code   RO           24    i.ShowDate          finalproject.o
    0x0000360c   0x0000360c   0x00000054   Code   RO           25    i.ShowTime          finalproject.o
    0x00003660   0x00003660   0x000002ec   Code   RO         1621    i.SysCtlClockFreqSet  driverlib.lib(sysctl.o)
    0x0000394c   0x0000394c   0x00000154   Code   RO         1622    i.SysCtlClockGet    driverlib.lib(sysctl.o)
    0x00003aa0   0x00003aa0   0x00000028   Code   RO         1653    i.SysCtlPeripheralEnable  driverlib.lib(sysctl.o)
    0x00003ac8   0x00003ac8   0x0000002c   Code   RO         1657    i.SysCtlPeripheralReady  driverlib.lib(sysctl.o)
    0x00003af4   0x00003af4   0x0000000e   Code   RO         1968    i.SysTickEnable     driverlib.lib(systick.o)
    0x00003b02   0x00003b02   0x0000000e   Code   RO         1970    i.SysTickIntEnable  driverlib.lib(systick.o)
    0x00003b10   0x00003b10   0x00000464   Code   RO           26    i.SysTickIntHandler  finalproject.o
    0x00003f74   0x00003f74   0x0000000a   Code   RO         1974    i.SysTickPeriodSet  driverlib.lib(systick.o)
    0x00003f7e   0x00003f7e   0x00000002   PAD
    0x00003f80   0x00003f80   0x00000020   Code   RO          297    i.SystemInit        system_tm4c129.o
    0x00003fa0   0x00003fa0   0x000000a8   Code   RO           27    i.UART0_Handler     finalproject.o
    0x00004048   0x00004048   0x00000044   Code   RO           28    i.UART0_ProcessCommands  finalproject.o
    0x0000408c   0x0000408c   0x00000010   Code   RO         2037    i.UARTCharGetNonBlocking  driverlib.lib(uart.o)
    0x0000409c   0x0000409c   0x0000000c   Code   RO         2038    i.UARTCharPut       driverlib.lib(uart.o)
    0x000040a8   0x000040a8   0x0000000a   Code   RO         2040    i.UARTCharsAvail    driverlib.lib(uart.o)
    0x000040b2   0x000040b2   0x0000006e   Code   RO         2044    i.UARTConfigSetExpClk  driverlib.lib(uart.o)
    0x00004120   0x00004120   0x00000004   Code   RO         2057    i.UARTIntClear      driverlib.lib(uart.o)
    0x00004124   0x00004124   0x00000008   Code   RO         2059    i.UARTIntEnable     driverlib.lib(uart.o)
    0x0000412c   0x0000412c   0x0000000a   Code   RO         2061    i.UARTIntStatus     driverlib.lib(uart.o)
    0x00004136   0x00004136   0x00000002   PAD
    0x00004138   0x00004138   0x0000001c   Code   RO           29    i.UARTStringPut     finalproject.o
    0x00004154   0x00004154   0x00000018   Code   RO           31    i.Uint16ToString    finalproject.o
    0x0000416c   0x0000416c   0x00000018   Code   RO           32    i.Uint8ToString     finalproject.o
    0x00004184   0x00004184   0x00000030   Code   RO         2516    i.__ARM_fpclassify  m_wm.l(fpclassify.o)
    0x000041b4   0x000041b4   0x0000000e   Code   RO         2391    i._is_digit         c_w.l(__printf_wp.o)
    0x000041c2   0x000041c2   0x00000002   PAD
    0x000041c4   0x000041c4   0x0000007c   Code   RO           33    i.get_temperature   finalproject.o
    0x00004240   0x00004240   0x00000808   Code   RO           34    i.main              finalproject.o
    0x00004a48   0x00004a48   0x0000002c   Code   RO         2508    locale$$code        c_w.l(lc_numeric_c.o)
    0x00004a74   0x00004a74   0x0000002c   Code   RO         2524    locale$$code        c_w.l(lc_ctype_c.o)
    0x00004aa0   0x00004aa0   0x0000000c   Code   RO         2449    x$fpl$dretinf       fz_wm.l(dretinf.o)
    0x00004aac   0x00004aac   0x00000056   Code   RO         2422    x$fpl$f2d           fz_wm.l(f2d.o)
    0x00004b02   0x00004b02   0x0000008c   Code   RO         2451    x$fpl$fnaninf       fz_wm.l(fnaninf.o)
    0x00004b8e   0x00004b8e   0x0000000a   Code   RO         2583    x$fpl$fpinit        fz_wm.l(fpinit.o)
    0x00004b98   0x00004b98   0x00000004   Code   RO         2424    x$fpl$printf1       fz_wm.l(printf1.o)
    0x00004b9c   0x00004b9c   0x00000000   Code   RO         2453    x$fpl$usenofp       fz_wm.l(usenofp.o)
    0x00004b9c   0x00004b9c   0x00000228   Data   RO          675    .constdata          driverlib.lib(gpio.o)
    0x00004dc4   0x00004dc4   0x0000010c   Data   RO         1287    .constdata          driverlib.lib(interrupt.o)
    0x00004ed0   0x00004ed0   0x00000254   Data   RO         1675    .constdata          driverlib.lib(sysctl.o)
    0x00005124   0x00005124   0x00000008   Data   RO         2352    .constdata          c_w.l(_printf_wctomb.o)
    0x0000512c   0x0000512c   0x00000028   Data   RO         2364    .constdata          c_w.l(_printf_hex_int.o)
    0x00005154   0x00005154   0x00000011   Data   RO         2399    .constdata          c_w.l(__printf_flags_ss_wp.o)
    0x00005165   0x00005165   0x00000003   PAD
    0x00005168   0x00005168   0x00000094   Data   RO         2483    .constdata          c_w.l(bigflt0.o)
    0x000051fc   0x000051fc   0x00000020   Data   RO         2658    Region$$Table       anon$$obj.o
    0x0000521c   0x0000521c   0x0000001c   Data   RO         2507    locale$$data        c_w.l(lc_numeric_c.o)
    0x00005238   0x00005238   0x00000110   Data   RO         2523    locale$$data        c_w.l(lc_ctype_c.o)


    Execution Region RW_IRAM1 (Exec base: 0x20000000, Load base: 0x00005348, Size: 0x000006c8, Max: 0x00040000, ABSOLUTE)

    Exec Addr    Load Addr    Size         Type   Attr      Idx    E Section Name        Object

    0x20000000   0x00005348   0x000000cd   Data   RW           36    .data               finalproject.o
    0x200000cd   0x00005415   0x00000003   PAD
    0x200000d0   0x00005418   0x00000004   Data   RW          298    .data               system_tm4c129.o
    0x200000d4        -       0x00000194   Zero   RW           35    .bss                finalproject.o
    0x20000268        -       0x00000060   Zero   RW         2519    .bss                c_w.l(libspace.o)
    0x200002c8        -       0x00000000   Zero   RW          286    HEAP                startup_tm4c129.o
    0x200002c8        -       0x00000400   Zero   RW          285    STACK               startup_tm4c129.o


==============================================================================

Image component sizes


      Code (inc. data)   RO Data    RW Data    ZI Data      Debug   Object Name

      8782       1160          0        205        404      28670   finalproject.o
       300         22        512          0       1024       6028   startup_tm4c129.o
        32         12          0          4          0        695   system_tm4c129.o

    ----------------------------------------------------------------------
      9116       1194        544        212       1428      35393   Object Totals
         0          0         32          0          0          0   (incl. Generated)
         2          0          0          3          0          0   (incl. Padding)

    ----------------------------------------------------------------------

      Code (inc. data)   RO Data    RW Data    ZI Data      Debug   Library Member Name

         8          0          0          0          0         68   __main.o
       392          4         17          0          0         92   __printf_flags_ss_wp.o
        14          0          0          0          0         68   __printf_wp.o
         0          0          0          0          0          0   __rtentry.o
        12          0          0          0          0          0   __rtentry2.o
         6          0          0          0          0          0   __rtentry4.o
        52          8          0          0          0          0   __scatter.o
        26          0          0          0          0          0   __scatter_copy.o
        28          0          0          0          0          0   __scatter_zi.o
         6          0          0          0          0          0   _printf_c.o
        44          0          0          0          0        108   _printf_char.o
        48          6          0          0          0         96   _printf_char_common.o
         6          0          0          0          0          0   _printf_d.o
       120         16          0          0          0         92   _printf_dec.o
         6          0          0          0          0          0   _printf_f.o
      1054          0          0          0          0        216   _printf_fp_dec.o
       128         16          0          0          0         84   _printf_fp_infnan.o
        88          4         40          0          0         88   _printf_hex_int.o
         6          0          0          0          0          0   _printf_i.o
       178          0          0          0          0         88   _printf_intcommon.o
        10          0          0          0          0          0   _printf_l.o
         6          0          0          0          0          0   _printf_lc.o
         6          0          0          0          0          0   _printf_o.o
        80          8          0          0          0         88   _printf_oct_int.o
        78          0          0          0          0        108   _printf_pad.o
         0          0          0          0          0          0   _printf_percent.o
         4          0          0          0          0          0   _printf_percent_end.o
        82          0          0          0          0         80   _printf_str.o
        36          0          0          0          0         84   _printf_truncate.o
         6          0          0          0          0          0   _printf_u.o
        44          0          0          0          0        108   _printf_wchar.o
       188          6          8          0          0         92   _printf_wctomb.o
         6          0          0          0          0          0   _printf_x.o
        10          0          0          0          0         68   _sputc.o
        64          0          0          0          0         92   _wcrtomb.o
       228          4        148          0          0         96   bigflt0.o
      1936        128          0          0          0        672   btod.o
        18          0          0          0          0         80   exit.o
         6          0          0          0          0        152   heapauxi.o
         0          0          0          0          0          0   indicate_semi.o
        44         10        272          0          0         76   lc_ctype_c.o
        44         10         28          0          0         76   lc_numeric_c.o
         2          0          0          0          0          0   libinit.o
        34          0          0          0          0          0   libinit2.o
         2          0          0          0          0          0   libshutdown.o
         2          0          0          0          0          0   libshutdown2.o
         8          4          0          0         96         68   libspace.o
       138          0          0          0          0         80   lludiv10.o
        40          6          0          0          0         84   noretval__2sprintf.o
        16          4          0          0          0         76   rt_ctype_table.o
         8          4          0          0          0         68   rt_locale_intlibspace.o
        68          0          0          0          0         68   rt_memclr.o
        78          0          0          0          0         80   rt_memclr_w.o
       138          0          0          0          0         68   rt_memcpy_v6.o
       100          0          0          0          0         80   rt_memcpy_w.o
       132          0          0          0          0         68   rt_memmove_v6.o
       122          0          0          0          0         80   rt_memmove_w.o
         2          0          0          0          0          0   rtexit.o
        10          0          0          0          0          0   rtexit2.o
       128          0          0          0          0         68   strcmpv7m.o
       150          0          0          0          0         80   strncmp.o
        86          0          0          0          0         76   strncpy.o
        12          4          0          0          0         68   sys_exit.o
        74          0          0          0          0         80   sys_stackheap_outer.o
         2          0          0          0          0         68   use_no_semi.o
       388          0          0          0          0       8566   adc.o
        38          0          0          0          0        560   cpu.o
       588          8        552          0          0       6834   gpio.o
       162         12          0          0          0       5710   i2c.o
       264         34        268          0          0       5202   interrupt.o
       114          0          0          0          0       2855   pwm.o
      1172         86        596          0          0       6479   sysctl.o
        38          0          0          0          0       1394   systick.o
       170          0          0          0          0       4826   uart.o
        12          0          0          0          0        116   dretinf.o
        86          4          0          0          0        132   f2d.o
       140          4          0          0          0        132   fnaninf.o
        10          0          0          0          0        116   fpinit.o
         4          0          0          0          0        116   printf1.o
         0          0          0          0          0          0   usenofp.o
        48          0          0          0          0        124   fpclassify.o

    ----------------------------------------------------------------------
      9728        390       1932          0         96      47294   Library Totals
        24          0          3          0          0          0   (incl. Padding)

    ----------------------------------------------------------------------

      Code (inc. data)   RO Data    RW Data    ZI Data      Debug   Library Name

      6470        242        513          0         96       4132   c_w.l
      2934        140       1416          0          0      42426   driverlib.lib
       252          8          0          0          0        612   fz_wm.l
        48          0          0          0          0        124   m_wm.l

    ----------------------------------------------------------------------
      9728        390       1932          0         96      47294   Library Totals

    ----------------------------------------------------------------------

==============================================================================


      Code (inc. data)   RO Data    RW Data    ZI Data      Debug   

     18844       1584       2476        212       1524      72047   Grand Totals
     18844       1584       2476        212       1524      72047   ELF Image Totals
     18844       1584       2476        212          0          0   ROM Totals

==============================================================================

    Total RO  Size (Code + RO Data)                21320 (  20.82kB)
    Total RW  Size (RW Data + ZI Data)              1736 (   1.70kB)
    Total ROM Size (Code + RO Data + RW Data)      21532 (  21.03kB)

==============================================================================

